******************************************************************************
             TMS320C2000 Linker PC v20.12.0                    
******************************************************************************
>> Linked Sun Mar 21 18:26:05 2021

OUTPUT FILE NAME:   <pelab_demo_tida_01606.out>
ENTRY POINT SYMBOL: "code_start"  address: 00080000


MEMORY CONFIGURATION

         name            origin    length      used     unused   attr    fill
----------------------  --------  ---------  --------  --------  ----  --------
PAGE 0:
  RAMLS3_4_5            00009800   00001800  00000426  000013da  RWIX
  RAMD0                 0000b000   00000800  00000037  000007c9  RWIX
  BEGIN                 00080000   00000002  00000002  00000000  RWIX
  FLASH_C28x            00080002   0003fffe  0000298e  0003d670  RWIX
  RESET                 003fffc0   00000002  00000000  00000002  RWIX

PAGE 1:
  RAMM1                 00000400   000003f8  00000200  000001f8  RWIX
  ADCARESULT            00000b00   00000018  00000018  00000000  RWIX
  ADCBRESULT            00000b20   00000018  00000018  00000000  RWIX
  ADCCRESULT            00000b40   00000018  00000018  00000000  RWIX
  ADCDRESULT            00000b60   00000018  00000018  00000000  RWIX
  CPUTIMER0             00000c00   00000008  00000000  00000008  RWIX
  CPUTIMER1             00000c08   00000008  00000008  00000000  RWIX
  CPUTIMER2             00000c10   00000008  00000008  00000000  RWIX
  PIECTRL               00000ce0   0000001a  0000001a  00000000  RWIX
  PIEVECTTABLE          00000d00   00000200  00000000  00000200  RWIX
  DMA                   00001000   00000200  00000000  00000200  RWIX
  CLA1                  00001400   00000080  0000003e  00000042  RWIX
  CLA1_MSGRAMLOW        00001480   00000080  00000020  00000060  RWIX
  CLA1_MSGRAMHIGH       00001500   00000080  00000022  0000005e  RWIX
  EMIF2_CS2n            00002000   00001000  00000000  00001000  RWIX
  CLB1LOGICCFG          00003000   00000052  00000000  00000052  RWIX
  CLB1LOGICCTRL         00003100   00000040  00000000  00000040  RWIX
  CLB1DATAEXCH          00003200   00000200  00000000  00000200  RWIX
  CLB2LOGICCFG          00003400   00000052  00000000  00000052  RWIX
  CLB2LOGICCTRL         00003500   00000040  00000000  00000040  RWIX
  CLB2DATAEXCH          00003600   00000200  00000000  00000200  RWIX
  CLB3LOGICCFG          00003800   00000052  00000000  00000052  RWIX
  CLB3LOGICCTRL         00003900   00000040  00000000  00000040  RWIX
  CLB3DATAEXCH          00003a00   00000200  00000000  00000200  RWIX
  CLB4LOGICCFG          00003c00   00000052  00000000  00000052  RWIX
  CLB4LOGICCTRL         00003d00   00000040  00000000  00000040  RWIX
  CLB4DATAEXCH          00003e00   00000200  00000000  00000200  RWIX
  EPWM1                 00004000   00000100  00000100  00000000  RWIX
  EPWM2                 00004100   00000100  00000100  00000000  RWIX
  EPWM3                 00004200   00000100  00000100  00000000  RWIX
  EPWM4                 00004300   00000100  00000100  00000000  RWIX
  EPWM5                 00004400   00000100  00000000  00000100  RWIX
  EPWM6                 00004500   00000100  00000100  00000000  RWIX
  EPWM7                 00004600   00000100  00000100  00000000  RWIX
  EPWM8                 00004700   00000100  00000100  00000000  RWIX
  EPWM9                 00004800   00000100  00000000  00000100  RWIX
  EPWM10                00004900   00000100  00000000  00000100  RWIX
  EPWM11                00004a00   00000100  00000000  00000100  RWIX
  EPWM12                00004b00   00000100  00000000  00000100  RWIX
  ECAP1                 00005000   00000020  0000001a  00000006  RWIX
  ECAP2                 00005020   00000020  00000000  00000020  RWIX
  ECAP3                 00005040   00000020  00000000  00000020  RWIX
  ECAP4                 00005060   00000020  00000000  00000020  RWIX
  ECAP5                 00005080   00000020  00000000  00000020  RWIX
  ECAP6                 000050a0   00000020  00000000  00000020  RWIX
  EQEP1                 00005100   00000022  00000000  00000022  RWIX
  EQEP2                 00005140   00000022  00000000  00000022  RWIX
  EQEP3                 00005180   00000022  00000000  00000022  RWIX
  DACA                  00005c00   00000008  00000000  00000008  RWIX
  DACB                  00005c10   00000008  00000000  00000008  RWIX
  DACC                  00005c20   00000008  00000000  00000008  RWIX
  CMPSS1                00005c80   00000020  00000000  00000020  RWIX
  CMPSS2                00005ca0   00000020  00000000  00000020  RWIX
  CMPSS3                00005cc0   00000020  00000000  00000020  RWIX
  CMPSS4                00005ce0   00000020  00000000  00000020  RWIX
  CMPSS5                00005d00   00000020  00000000  00000020  RWIX
  CMPSS6                00005d20   00000020  00000000  00000020  RWIX
  CMPSS7                00005d40   00000020  00000000  00000020  RWIX
  CMPSS8                00005d60   00000020  00000000  00000020  RWIX
  SDFM1                 00005e00   00000080  00000000  00000080  RWIX
  SDFM2                 00005e80   00000080  00000000  00000080  RWIX
  MCBSPA                00006000   00000024  00000000  00000024  RWIX
  MCBSPB                00006040   00000024  00000000  00000024  RWIX
  SPIA                  00006100   00000010  00000000  00000010  RWIX
  SPIB                  00006110   00000010  00000000  00000010  RWIX
  SPIC                  00006120   00000010  00000000  00000010  RWIX
  UPP                   00006200   00000048  00000000  00000048  RWIX
  WD                    00007000   0000002b  0000002b  00000000  RWIX
  NMIINTRUPT            00007060   00000007  00000000  00000007  RWIX
  XINT                  00007070   0000000b  00000000  0000000b  RWIX
  SCIA                  00007200   00000010  00000000  00000010  RWIX
  SCIB                  00007210   00000010  00000000  00000010  RWIX
  SCIC                  00007220   00000010  00000000  00000010  RWIX
  SCID                  00007230   00000010  00000000  00000010  RWIX
  I2CA                  00007300   00000022  00000000  00000022  RWIX
  I2CB                  00007340   00000022  00000000  00000022  RWIX
  ADCA                  00007400   00000080  0000007c  00000004  RWIX
  ADCB                  00007480   00000080  0000007c  00000004  RWIX
  ADCC                  00007500   00000080  0000007c  00000004  RWIX
  ADCD                  00007580   00000080  0000007c  00000004  RWIX
  INPUTXBAR             00007900   00000020  00000020  00000000  RWIX
  XBAR                  00007920   00000020  00000000  00000020  RWIX
  SYNCSOC               00007940   00000006  00000000  00000006  RWIX
  DMACLASRCSEL          00007980   0000001a  00000000  0000001a  RWIX
  EPWMXBAR              00007a00   00000040  00000000  00000040  RWIX
  CLBXBAR               00007a40   00000040  00000000  00000040  RWIX
  OUTPUTXBAR            00007a80   00000040  00000040  00000000  RWIX
  GPIOCTRL              00007c00   00000180  00000180  00000000  RWIX
  GPIODATA              00007f00   00000030  00000030  00000000  RWIX
  RAMLS0                00008000   00000800  00000800  00000000  RWIX
  RAMLS1                00008800   00000800  00000004  000007fc  RWIX
  RAMLS2                00009000   00000800  00000050  000007b0  RWIX
  RAMD1                 0000b800   00000800  00000038  000007c8  RWIX
  RAMGS0_1_2_3          0000c000   00004000  000012c0  00002d40  RWIX
  EMIF1                 00047000   00000070  00000000  00000070  RWIX
  EMIF2                 00047800   00000070  00000000  00000070  RWIX
  CANA                  00048000   00000200  00000000  00000200  RWIX
  CANB                  0004a000   00000200  00000000  00000200  RWIX
  IPC                   00050000   00000024  00000000  00000024  RWIX
  FLASHPUMPSEMAPHORE    00050024   00000002  00000002  00000000  RWIX
  DEVCFG                0005d000   0000012e  0000012e  00000000  RWIX
  ANALOGSUBSYS          0005d180   00000048  0000003e  0000000a  RWIX
  CLKCFG                0005d200   00000032  00000032  00000000  RWIX
  CPUSYS                0005d300   00000082  00000082  00000000  RWIX
  ROMPREFETCH           0005e608   00000002  00000000  00000002  RWIX
  DCSMZ1                0005f000   00000023  00000022  00000001  RWIX
  DCSMZ2                0005f040   00000023  00000022  00000001  RWIX
  DCSMCOMMON            0005f070   00000008  00000000  00000008  RWIX
  MEMCFG                0005f400   00000080  00000076  0000000a  RWIX
  EMIF1CONFIG           0005f480   00000020  00000000  00000020  RWIX
  EMIF2CONFIG           0005f4a0   00000020  00000000  00000020  RWIX
  ACCESSPROTECTION      0005f4c0   00000040  00000000  00000040  RWIX
  MEMORYERROR           0005f500   00000040  00000000  00000040  RWIX
  ROMWAITSTATE          0005f540   00000002  00000000  00000002  RWIX
  FLASH0CTRL            0005f800   00000182  00000182  00000000  RWIX
  FLASH0ECC             0005fb00   00000028  00000028  00000000  RWIX
  EMIF1_CS2n            00100000   00200000  00000000  00200000  RWIX
  EMIF1_CS3n            00300000   00080000  00000000  00080000  RWIX
  EMIF1_CS4n            00380000   00060000  00000000  00060000  RWIX
  EMIF1_CS0n            80000000   10000000  00000000  10000000  RWIX
  EMIF2_CS0n            90000000   10000000  00000000  10000000  RWIX


SECTION ALLOCATION MAP

 output                                  attributes/
section   page    origin      length       input sections
--------  ----  ----------  ----------   ----------------
PieVectTableFile 
*          0    00000d00    000001c0     DSECT
                  00000d00    000001c0     F2837xD_GlobalVariableDefs.obj (PieVectTableFile)

EmuKeyVar 
*          0    00000d00    00000000     DSECT

EmuBModeVar 
*          0    00000d00    00000000     DSECT

EmuBootPinsVar 
*          0    00000d00    00000000     DSECT

FlashCallbackVar 
*          0    00000d00    00000000     DSECT

FlashScalingVar 
*          0    00000d00    00000000     DSECT

AdcaResultRegsFile 
*          1    00000b00    00000018     UNINITIALIZED
                  00000b00    00000018     F2837xD_GlobalVariableDefs.obj (AdcaResultRegsFile)

AdcbResultRegsFile 
*          1    00000b20    00000018     UNINITIALIZED
                  00000b20    00000018     F2837xD_GlobalVariableDefs.obj (AdcbResultRegsFile)

AdccResultRegsFile 
*          1    00000b40    00000018     UNINITIALIZED
                  00000b40    00000018     F2837xD_GlobalVariableDefs.obj (AdccResultRegsFile)

AdcdResultRegsFile 
*          1    00000b60    00000018     UNINITIALIZED
                  00000b60    00000018     F2837xD_GlobalVariableDefs.obj (AdcdResultRegsFile)

AdcaRegsFile 
*          1    00007400    0000007c     UNINITIALIZED
                  00007400    0000007c     F2837xD_GlobalVariableDefs.obj (AdcaRegsFile)

AdcbRegsFile 
*          1    00007480    0000007c     UNINITIALIZED
                  00007480    0000007c     F2837xD_GlobalVariableDefs.obj (AdcbRegsFile)

AdccRegsFile 
*          1    00007500    0000007c     UNINITIALIZED
                  00007500    0000007c     F2837xD_GlobalVariableDefs.obj (AdccRegsFile)

AdcdRegsFile 
*          1    00007580    0000007c     UNINITIALIZED
                  00007580    0000007c     F2837xD_GlobalVariableDefs.obj (AdcdRegsFile)

AnalogSubsysRegsFile 
*          1    0005d180    0000003e     UNINITIALIZED
                  0005d180    0000003e     F2837xD_GlobalVariableDefs.obj (AnalogSubsysRegsFile)

Cla1RegsFile 
*          1    00001400    0000003e     UNINITIALIZED
                  00001400    0000003e     F2837xD_GlobalVariableDefs.obj (Cla1RegsFile)

ClkCfgRegsFile 
*          1    0005d200    00000032     UNINITIALIZED
                  0005d200    00000032     F2837xD_GlobalVariableDefs.obj (ClkCfgRegsFile)

CpuTimer1RegsFile 
*          1    00000c08    00000008     UNINITIALIZED
                  00000c08    00000008     F2837xD_GlobalVariableDefs.obj (CpuTimer1RegsFile)

CpuTimer2RegsFile 
*          1    00000c10    00000008     UNINITIALIZED
                  00000c10    00000008     F2837xD_GlobalVariableDefs.obj (CpuTimer2RegsFile)

CpuSysRegsFile 
*          1    0005d300    00000082     UNINITIALIZED
                  0005d300    00000082     F2837xD_GlobalVariableDefs.obj (CpuSysRegsFile)

.TI.ramfunc 
*          0    00082330    00000037     RUN ADDR = 0000b000
                  00082330    00000037     F2837xD_SysCtrl.obj (.TI.ramfunc)

.const     0    000827c0    000001c0     
                  000827c0    000001c0     F2837xD_PieVect.obj (.const)

PieCtrlRegsFile 
*          1    00000ce0    0000001a     UNINITIALIZED
                  00000ce0    0000001a     F2837xD_GlobalVariableDefs.obj (PieCtrlRegsFile)

GpioCtrlRegsFile 
*          1    00007c00    00000180     UNINITIALIZED
                  00007c00    00000180     F2837xD_GlobalVariableDefs.obj (GpioCtrlRegsFile)

GpioDataRegsFile 
*          1    00007f00    00000030     UNINITIALIZED
                  00007f00    00000030     F2837xD_GlobalVariableDefs.obj (GpioDataRegsFile)

FlashPumpSemaphoreRegsFile 
*          1    00050024    00000002     UNINITIALIZED
                  00050024    00000002     F2837xD_GlobalVariableDefs.obj (FlashPumpSemaphoreRegsFile)

DevCfgRegsFile 
*          1    0005d000    0000012e     UNINITIALIZED
                  0005d000    0000012e     F2837xD_GlobalVariableDefs.obj (DevCfgRegsFile)

DcsmZ1RegsFile 
*          1    0005f000    00000022     UNINITIALIZED
                  0005f000    00000022     F2837xD_GlobalVariableDefs.obj (DcsmZ1RegsFile)

DcsmZ2RegsFile 
*          1    0005f040    00000022     UNINITIALIZED
                  0005f040    00000022     F2837xD_GlobalVariableDefs.obj (DcsmZ2RegsFile)

ECap1RegsFile 
*          1    00005000    0000001a     UNINITIALIZED
                  00005000    0000001a     F2837xD_GlobalVariableDefs.obj (ECap1RegsFile)

EPwm1RegsFile 
*          1    00004000    00000100     UNINITIALIZED
                  00004000    00000100     F2837xD_GlobalVariableDefs.obj (EPwm1RegsFile)

EPwm2RegsFile 
*          1    00004100    00000100     UNINITIALIZED
                  00004100    00000100     F2837xD_GlobalVariableDefs.obj (EPwm2RegsFile)

EPwm3RegsFile 
*          1    00004200    00000100     UNINITIALIZED
                  00004200    00000100     F2837xD_GlobalVariableDefs.obj (EPwm3RegsFile)

EPwm4RegsFile 
*          1    00004300    00000100     UNINITIALIZED
                  00004300    00000100     F2837xD_GlobalVariableDefs.obj (EPwm4RegsFile)

EPwm6RegsFile 
*          1    00004500    00000100     UNINITIALIZED
                  00004500    00000100     F2837xD_GlobalVariableDefs.obj (EPwm6RegsFile)

EPwm7RegsFile 
*          1    00004600    00000100     UNINITIALIZED
                  00004600    00000100     F2837xD_GlobalVariableDefs.obj (EPwm7RegsFile)

EPwm8RegsFile 
*          1    00004700    00000100     UNINITIALIZED
                  00004700    00000100     F2837xD_GlobalVariableDefs.obj (EPwm8RegsFile)

Flash0CtrlRegsFile 
*          1    0005f800    00000182     UNINITIALIZED
                  0005f800    00000182     F2837xD_GlobalVariableDefs.obj (Flash0CtrlRegsFile)

Flash0EccRegsFile 
*          1    0005fb00    00000028     UNINITIALIZED
                  0005fb00    00000028     F2837xD_GlobalVariableDefs.obj (Flash0EccRegsFile)

InputXbarRegsFile 
*          1    00007900    00000020     UNINITIALIZED
                  00007900    00000020     F2837xD_GlobalVariableDefs.obj (InputXbarRegsFile)

MemCfgRegsFile 
*          1    0005f400    00000076     UNINITIALIZED
                  0005f400    00000076     F2837xD_GlobalVariableDefs.obj (MemCfgRegsFile)

OutputXbarRegsFile 
*          1    00007a80    00000040     UNINITIALIZED
                  00007a80    00000040     F2837xD_GlobalVariableDefs.obj (OutputXbarRegsFile)

WdRegsFile 
*          1    00007000    0000002b     UNINITIALIZED
                  00007000    0000002b     F2837xD_GlobalVariableDefs.obj (WdRegsFile)

.text      0    00080008    00002321     
                  00080008    00000b2b     svm_gen.obj (.text)
                  00080b33    00000585     F2837xD_DefaultISR.obj (.text:retain)
                  000810b8    000004b3     F2837xD_SysCtrl.obj (.text)
                  0008156b    000004ab     data_fft.obj (.text:retain)
                  00081a16    00000244     F2837xD_Gpio.obj (.text)
                  00081c5a    00000164     tida_01606_ePWM_svm.obj (.text)
                  00081dbe    00000140     tida_01606_adc.obj (.text)
                  00081efe    000000f0     F2837xD_Adc.obj (.text)
                  00081fee    00000097     data_fft.obj (.text)
                  00082085    0000006e     tida_01606_ePWM_power_driver_card.obj (.text)
                  000820f3    0000004e     tida_01606_protection.obj (.text)
                  00082141    00000040     tida_01606_Relay_Fan_control.obj (.text)
                  00082181    00000039     main.obj (.text)
                  000821ba    00000032     tida_01606_SDFM.obj (.text)
                  000821ec    00000031     rts2800_fpu32_eabi.lib : copy_decompress_lzss.c.obj (.text:decompress:lzss)
                  0008221d    0000002b                            : autoinit.c.obj (.text:__TI_auto_init_nobinit_nopinit)
                  00082248    00000029                            : exit.c.obj (.text)
                  00082271    00000028     F2837xD_PieCtrl.obj (.text)
                  00082299    00000026     F2837xD_PieVect.obj (.text)
                  000822bf    0000001d     rts2800_fpu32_eabi.lib : memcpy.c.obj (.text)
                  000822dc    00000017                            : boot28.asm.obj (.text)
                  000822f3    0000000c                            : args_main.c.obj (.text)
                  000822ff    00000009     data_fft.obj (.text:__relaxed_sqrtf)
                  00082308    00000009     rts2800_fpu32_eabi.lib : _lock.c.obj (.text)
                  00082311    00000008                            : copy_decompress_none.c.obj (.text:decompress:none)
                  00082319    00000007                            : memset.c.obj (.text)
                  00082320    00000006                            : copy_zero_init.c.obj (.text:decompress:ZI)
                  00082326    00000002                            : pre_init.c.obj (.text)
                  00082328    00000001                            : startup.c.obj (.text)

.cinit     0    00082980    00000050     
                  00082980    00000014     (.cinit..data.load) [load image, compression = lzss]
                  00082994    00000006     (__TI_handler_table)
                  0008299a    00000004     (.cinit..bss.load) [load image, compression = zero_init]
                  0008299e    00000004     (.cinit..bss_cla.load) [load image, compression = zero_init]
                  000829a2    00000004     (.cinit..scratchpad.load) [load image, compression = zero_init]
                  000829a6    00000004     (.cinit.Cla1ToCpuMsgRAM.load) [load image, compression = zero_init]
                  000829aa    00000004     (.cinit.CpuToCla1MsgRAM.load) [load image, compression = zero_init]
                  000829ae    00000004     (.cinit.Test_memory.load) [load image, compression = zero_init]
                  000829b2    00000002     --HOLE-- [fill = 0]
                  000829b4    0000001c     (__TI_cinit_table)

.init_array 
*          0    00080002    00000000     UNINITIALIZED

.reset     0    003fffc0    00000000     DSECT

codestart 
*          0    00080000    00000002     
                  00080000    00000002     F2837xD_CodeStartBranch.obj (codestart)

.stack     1    00000400    00000200     UNINITIALIZED
                  00000400    00000200     --HOLE--

.bss       1    0000b800    00000020     UNINITIALIZED
                  0000b800    00000020     svm_gen.obj (.bss)

.data      1    0000b820    00000018     UNINITIALIZED
                  0000b820    0000000a     svm_gen.obj (.data)
                  0000b82a    00000006     rts2800_fpu32_eabi.lib : exit.c.obj (.data)
                  0000b830    00000004     data_fft.obj (.data)
                  0000b834    00000002     rts2800_fpu32_eabi.lib : _lock.c.obj (.data:_lock)
                  0000b836    00000002                            : _lock.c.obj (.data:_unlock)

Cla1Prog   0    00082368    00000426     RUN ADDR = 00009800
                  00082368    00000308     tida_01606_CLA.obj (Cla1Prog:Cla1Task1)
                  00082670    00000064     tida_01606_CLA.obj (Cla1Prog:Cla1Task8)
                  000826d4    00000038     cla1_math_library_datarom_fpu32_eabi.lib : CLAcos.obj (Cla1Prog:_CLAcos)
                  0008270c    00000038                                              : CLAsin.obj (Cla1Prog:_CLAsin)
                  00082744    0000001a                                              : CLAdiv.obj (Cla1Prog:_CLAdiv)
                  0008275e    00000008     tida_01606_CLA.obj (Cla1Prog:Cla1Task2)
                  00082766    00000008     tida_01606_CLA.obj (Cla1Prog:Cla1Task3)
                  0008276e    00000008     tida_01606_CLA.obj (Cla1Prog:Cla1Task4)
                  00082776    00000008     tida_01606_CLA.obj (Cla1Prog:Cla1Task5)
                  0008277e    00000008     tida_01606_CLA.obj (Cla1Prog:Cla1Task6)
                  00082786    00000008     tida_01606_CLA.obj (Cla1Prog:Cla1Task7)

Cla1ToCpuMsgRAM 
*          1    00001480    00000020     UNINITIALIZED
                  00001480    00000020     data_fft.obj (Cla1ToCpuMsgRAM)

CpuToCla1MsgRAM 
*          1    00001500    00000022     UNINITIALIZED
                  00001500    00000022     data_fft.obj (CpuToCla1MsgRAM)

CLAscratch 
*          1    00008000    00000800     UNINITIALIZED
                  00008000    00000800     --HOLE--

.scratchpad 
*          1    00008800    00000004     UNINITIALIZED
                  00008800    00000004     cla1_math_library_datarom_fpu32_eabi.lib : CLAdiv.obj (.scratchpad:Cla1Prog:_CLAdiv)
                  00008800    00000002                                              : CLAcos.obj (.scratchpad:Cla1Prog:_CLAcos)
                  00008800    00000002                                              : CLAsin.obj (.scratchpad:Cla1Prog:_CLAsin)

.bss_cla   1    00009000    00000050     UNINITIALIZED
                  00009000    00000018     tida_01606_CLA.obj (.bss_cla:current_var)
                  00009018    00000012     tida_01606_CLA.obj (.bss_cla:alpha)
                  0000902a    00000012     tida_01606_CLA.obj (.bss_cla:beta)
                  0000903c    0000000c     tida_01606_CLA.obj (.bss_cla:clarke_var)
                  00009048    00000008     tida_01606_CLA.obj (.bss_cla:park_var)

.const_cla 
*          1    00009000    00000000     UNINITIALIZED

Test_memory 
*          1    0000c000    000012c0     UNINITIALIZED
                  0000c000    000012c0     data_fft.obj (Test_memory)

MODULE SUMMARY

       Module                                  code    ro data   rw data
       ------                                  ----    -------   -------
    .\
       data_fft.obj                            1355    0         4870   
       F2837xD_GlobalVariableDefs.obj          0       0         4243   
       svm_gen.obj                             2859    0         42     
       tida_01606_CLA.obj                      1848    0         80     
       F2837xD_DefaultISR.obj                  1413    0         0      
       F2837xD_SysCtrl.obj                     1313    0         0      
       F2837xD_Gpio.obj                        580     0         0      
       F2837xD_PieVect.obj                     38      448       0      
       tida_01606_ePWM_svm.obj                 356     0         0      
       tida_01606_adc.obj                      320     0         0      
       F2837xD_Adc.obj                         240     0         0      
       tida_01606_ePWM_power_driver_card.obj   110     0         0      
       tida_01606_protection.obj               78      0         0      
       tida_01606_Relay_Fan_control.obj        64      0         0      
       main.obj                                57      0         0      
       tida_01606_SDFM.obj                     50      0         0      
       F2837xD_PieCtrl.obj                     40      0         0      
       F2837xD_CodeStartBranch.obj             2       0         0      
    +--+---------------------------------------+-------+---------+---------+
       Total:                                  10723   448       9235   
                                                                        
    C:/Users/Tinh_deptrai/workspace_v10/pelab_demo_tida_01606/TI_header_file/Lib/cla1_math_library_datarom_fpu32_eabi.lib
       CLAcos.obj                              112     0         2      
       CLAsin.obj                              112     0         2      
       CLAdiv.obj                              52      0         4      
    +--+---------------------------------------+-------+---------+---------+
       Total:                                  276     0         8      
                                                                        
    C:\ti\ccs1000\ccs\tools\compiler\lib\rts2800_fpu32_eabi.lib
       copy_decompress_lzss.c.obj              49      0         0      
       exit.c.obj                              41      0         6      
       autoinit.c.obj                          43      0         0      
       memcpy.c.obj                            29      0         0      
       boot28.asm.obj                          23      0         0      
       _lock.c.obj                             9       0         4      
       args_main.c.obj                         12      0         0      
       copy_decompress_none.c.obj              8       0         0      
       memset.c.obj                            7       0         0      
       copy_zero_init.c.obj                    6       0         0      
       pre_init.c.obj                          2       0         0      
       startup.c.obj                           1       0         0      
    +--+---------------------------------------+-------+---------+---------+
       Total:                                  230     0         10     
                                                                        
       Stack:                                  0       0         512    
       Linker Generated:                       0       78        0      
    +--+---------------------------------------+-------+---------+---------+
       Grand Total:                            11229   526       9765   


LINKER GENERATED COPY TABLES

__TI_cinit_table @ 000829b4 records: 7, size/record: 4, table size: 28
	.data: load addr=00082980, load size=00000014 bytes, run addr=0000b820, run size=00000018 bytes, compression=lzss
	.bss: load addr=0008299a, load size=00000004 bytes, run addr=0000b800, run size=00000020 bytes, compression=zero_init
	.bss_cla: load addr=0008299e, load size=00000004 bytes, run addr=00009000, run size=00000050 bytes, compression=zero_init
	.scratchpad: load addr=000829a2, load size=00000004 bytes, run addr=00008800, run size=00000004 bytes, compression=zero_init
	Cla1ToCpuMsgRAM: load addr=000829a6, load size=00000004 bytes, run addr=00001480, run size=00000020 bytes, compression=zero_init
	CpuToCla1MsgRAM: load addr=000829aa, load size=00000004 bytes, run addr=00001500, run size=00000022 bytes, compression=zero_init
	Test_memory: load addr=000829ae, load size=00000004 bytes, run addr=0000c000, run size=000012c0 bytes, compression=zero_init


LINKER GENERATED HANDLER TABLE

__TI_handler_table @ 00082994 records: 3, size/record: 2, table size: 6
	index: 0, handler: __TI_zero_init
	index: 1, handler: __TI_decompress_lzss
	index: 2, handler: __TI_decompress_none


GLOBAL DATA SYMBOLS: SORTED BY DATA PAGE

address     data page           name
--------    ----------------    ----
00000400      10 (00000400)     __stack

00000b00      2c (00000b00)     AdcaResultRegs
00000b20      2c (00000b00)     AdcbResultRegs

00000b40      2d (00000b40)     AdccResultRegs
00000b60      2d (00000b40)     AdcdResultRegs

00000c08      30 (00000c00)     CpuTimer1Regs
00000c10      30 (00000c00)     CpuTimer2Regs

00000ce0      33 (00000cc0)     PieCtrlRegs

00001400      50 (00001400)     Cla1Regs

00001480      52 (00001480)     UA
00001482      52 (00001480)     UB
00001484      52 (00001480)     Vddd
00001486      52 (00001480)     Vqqq
00001488      52 (00001480)     angle
0000148a      52 (00001480)     pll

00001500      54 (00001500)     Xn
00001502      54 (00001500)     j
00001504      54 (00001500)     set_point
00001506      54 (00001500)     adcValue

00004000     100 (00004000)     EPwm1Regs

00004100     104 (00004100)     EPwm2Regs

00004200     108 (00004200)     EPwm3Regs

00004300     10c (00004300)     EPwm4Regs

00004500     114 (00004500)     EPwm6Regs

00004600     118 (00004600)     EPwm7Regs

00004700     11c (00004700)     EPwm8Regs

00005000     140 (00005000)     ECap1Regs

00007000     1c0 (00007000)     WdRegs

00007400     1d0 (00007400)     AdcaRegs

00007480     1d2 (00007480)     AdcbRegs

00007500     1d4 (00007500)     AdccRegs

00007580     1d6 (00007580)     AdcdRegs

00007900     1e4 (00007900)     InputXbarRegs

00007a80     1ea (00007a80)     OutputXbarRegs

00007c00     1f0 (00007c00)     GpioCtrlRegs

00007f00     1fc (00007f00)     GpioDataRegs

00008800     220 (00008800)     __claCLAcos_sp
00008800     220 (00008800)     __claCLAdiv_sp
00008800     220 (00008800)     __claCLAsin_sp

00009000     240 (00009000)     current_var
00009018     240 (00009000)     alpha
0000902a     240 (00009000)     beta
0000903c     240 (00009000)     clarke_var

00009048     241 (00009040)     park_var

0000b800     2e0 (0000b800)     current_sector
0000b802     2e0 (0000b800)     input
0000b808     2e0 (0000b800)     time_vector
0000b80e     2e0 (0000b800)     epwm_counter
0000b814     2e0 (0000b800)     time_vector_out
0000b820     2e0 (0000b800)     pinput
0000b822     2e0 (0000b800)     psector
0000b824     2e0 (0000b800)     ptime_v
0000b826     2e0 (0000b800)     ptime_out
0000b828     2e0 (0000b800)     pepwm_count
0000b82a     2e0 (0000b800)     __TI_enable_exit_profile_output
0000b82c     2e0 (0000b800)     __TI_cleanup_ptr
0000b82e     2e0 (0000b800)     __TI_dtors_ptr
0000b830     2e0 (0000b800)     a
0000b832     2e0 (0000b800)     ez
0000b834     2e0 (0000b800)     _lock
0000b836     2e0 (0000b800)     _unlock

0000c000     300 (0000c000)     data_analysis

00050024    1400 (00050000)     FlashPumpSemaphoreRegs

0005d000    1740 (0005d000)     DevCfgRegs

0005d180    1746 (0005d180)     AnalogSubsysRegs

0005d200    1748 (0005d200)     ClkCfgRegs

0005d300    174c (0005d300)     CpuSysRegs

0005f000    17c0 (0005f000)     DcsmZ1Regs

0005f040    17c1 (0005f040)     DcsmZ2Regs

0005f400    17d0 (0005f400)     MemCfgRegs

0005f800    17e0 (0005f800)     Flash0CtrlRegs

0005fb00    17ec (0005fb00)     Flash0EccRegs

000827c0    209f (000827c0)     PieVectTableInit


GLOBAL SYMBOLS: SORTED ALPHABETICALLY BY Name 

page  address   name                                 
----  -------   ----                                 
0     00080bf1  ADCA1_ISR                            
0     00080e71  ADCA2_ISR                            
0     00080e7b  ADCA3_ISR                            
0     00080e85  ADCA4_ISR                            
0     00080e67  ADCA_EVT_ISR                         
0     00080bfb  ADCB1_ISR                            
0     00080e99  ADCB2_ISR                            
0     00080ea3  ADCB3_ISR                            
0     00080ead  ADCB4_ISR                            
0     00080e8f  ADCB_EVT_ISR                         
0     00080c05  ADCC1_ISR                            
0     00081001  ADCC2_ISR                            
0     0008100b  ADCC3_ISR                            
0     00081015  ADCC4_ISR                            
0     00080ff7  ADCC_EVT_ISR                         
0     00080c23  ADCD1_ISR                            
0     00081029  ADCD2_ISR                            
0     00081033  ADCD3_ISR                            
0     0008103d  ADCD4_ISR                            
0     0008101f  ADCD_EVT_ISR                         
0     00081079  AUX_PLL_SLIP_ISR                     
0     00081efe  AdcSetMode                           
1     00007400  AdcaRegs                             
1     00000b00  AdcaResultRegs                       
1     00007480  AdcbRegs                             
1     00000b20  AdcbResultRegs                       
1     00007500  AdccRegs                             
1     00000b40  AdccResultRegs                       
1     00007580  AdcdRegs                             
1     00000b60  AdcdResultRegs                       
1     0005d180  AnalogSubsysRegs                     
0     00080ab6  Assign_ePWM_counter                  
0     000814fa  AuxAuxClkSel                         
0     000814e4  AuxIntOsc2Sel                        
0     000814ee  AuxXtalOscSel                        
0     00082248  C$$EXIT                              
0     00080e3f  CANA0_ISR                            
0     00080e49  CANA1_ISR                            
0     00080e53  CANB0_ISR                            
0     00080e5d  CANB1_ISR                            
0     00080eb7  CLA1_1_ISR                           
0     00080ec1  CLA1_2_ISR                           
0     00080ecb  CLA1_3_ISR                           
0     00080ed5  CLA1_4_ISR                           
0     00080edf  CLA1_5_ISR                           
0     00080ee9  CLA1_6_ISR                           
0     00080ef3  CLA1_7_ISR                           
0     00080efd  CLA1_8_ISR                           
0     00081083  CLA_OVERFLOW_ISR                     
abs   00000800  CLA_SCRATCHPAD_SIZE                  
0     0008108d  CLA_UNDERFLOW_ISR                    
0     00009b6c  CLAcos                               
0     00009bdc  CLAdiv                               
0     00009ba4  CLAsin                               
abs   0000fe54  CLAsincosTable_Coef0                 
abs   0000fe56  CLAsincosTable_Coef1                 
abs   0000fe58  CLAsincosTable_Coef1_pos             
abs   0000fe5a  CLAsincosTable_Coef2                 
abs   0000fe5c  CLAsincosTable_Coef3                 
abs   0000fe5e  CLAsincosTable_Coef3_neg             
abs   0000fd4a  CLAsincosTable_Cos0                  
abs   0000fd0a  CLAsincosTable_Sin0                  
abs   0000fe52  CLAsincosTable_TABLE_MASK            
abs   0000fe4e  CLAsincosTable_TABLE_SIZEDivTwoPi    
abs   0000fe50  CLAsincosTable_TwoPiDivTABLE_SIZE    
0     00081fb4  CalAdcINL                            
0     00080487  Calculate_time_out                   
0     00080190  Calculate_time_vector                
abs   00000426  Cla1ProgLoadSize                     
0     00082368  Cla1ProgLoadStart                    
0     00009800  Cla1ProgRunStart                     
1     00001400  Cla1Regs                             
0     00009800  Cla1Task1                            
0     00009bf6  Cla1Task2                            
0     00009bfe  Cla1Task3                            
0     00009c06  Cla1Task4                            
0     00009c0e  Cla1Task5                            
0     00009c16  Cla1Task6                            
0     00009c1e  Cla1Task7                            
0     00009b08  Cla1Task8                            
0     0008278e  Cla1funcsLoadEnd                     
1     0005d200  ClkCfgRegs                           
0     0008154e  ConfigureTMXAnalogTrim               
1     0005d300  CpuSysRegs                           
1     00000c08  CpuTimer1Regs                        
1     00000c10  CpuTimer2Regs                        
0     0008148f  CsmUnlock                            
0     00080b47  DATALOG_ISR                          
0     00080d8b  DMA_CH1_ISR                          
0     00080d95  DMA_CH2_ISR                          
0     00080d9f  DMA_CH3_ISR                          
0     00080da9  DMA_CH4_ISR                          
0     00080db3  DMA_CH5_ISR                          
0     00080dbd  DMA_CH6_ISR                          
1     0005f000  DcsmZ1Regs                           
1     0005f040  DcsmZ2Regs                           
1     0005d000  DevCfgRegs                           
0     000811a4  DisableDog                           
0     000821aa  DisableEPWMclock                     
0     00081165  DisablePeripheralClocks              
0     00080ce1  ECAP1_ISR                            
0     00080ceb  ECAP2_ISR                            
0     00080cf5  ECAP3_ISR                            
0     00080cff  ECAP4_ISR                            
0     00080d09  ECAP5_ISR                            
0     00080d13  ECAP6_ISR                            
1     00005000  ECap1Regs                            
0     00081047  EMIF_ERROR_ISR                       
0     000810a1  EMPTY_ISR                            
0     00080b5b  EMU_ISR                              
0     00080f9d  EPWM10_ISR                           
0     00080f75  EPWM10_TZ_ISR                        
0     00080fa7  EPWM11_ISR                           
0     00080f7f  EPWM11_TZ_ISR                        
0     00080fb1  EPWM12_ISR                           
0     00080f89  EPWM12_TZ_ISR                        
0     00080c91  EPWM1_ISR                            
0     00080c41  EPWM1_TZ_ISR                         
0     00080c9b  EPWM2_ISR                            
0     00080c4b  EPWM2_TZ_ISR                         
0     00080ca5  EPWM3_ISR                            
0     00080c55  EPWM3_TZ_ISR                         
0     00080caf  EPWM4_ISR                            
0     00080c5f  EPWM4_TZ_ISR                         
0     00080cb9  EPWM5_ISR                            
0     00080c69  EPWM5_TZ_ISR                         
0     00080cc3  EPWM6_ISR                            
0     00080c73  EPWM6_TZ_ISR                         
0     00080ccd  EPWM7_ISR                            
0     00080c7d  EPWM7_TZ_ISR                         
0     00080cd7  EPWM8_ISR                            
0     00080c87  EPWM8_TZ_ISR                         
0     00080f93  EPWM9_ISR                            
0     00080f6b  EPWM9_TZ_ISR                         
1     00004000  EPwm1Regs                            
1     00004100  EPwm2Regs                            
1     00004200  EPwm3Regs                            
1     00004300  EPwm4Regs                            
1     00004500  EPwm6Regs                            
1     00004600  EPwm7Regs                            
1     00004700  EPwm8Regs                            
0     00080d1d  EQEP1_ISR                            
0     00080d27  EQEP2_ISR                            
0     00080d31  EQEP3_ISR                            
0     000821b2  EnableEPWMclock                      
0     00082290  EnableInterrupts                     
0     0008105b  FLASH_CORRECTABLE_ERROR_ISR          
0     00080f2f  FPU_OVERFLOW_ISR                     
0     00080f39  FPU_UNDERFLOW_ISR                    
1     0005f800  Flash0CtrlRegs                       
1     0005fb00  Flash0EccRegs                        
0     0000b029  FlashOff                             
1     00050024  FlashPumpSemaphoreRegs               
0     00081c0f  GPIO_EnableUnbondedIOPullups         
0     00081bea  GPIO_EnableUnbondedIOPullupsFor100Pin
0     00081bd1  GPIO_EnableUnbondedIOPullupsFor176Pin
0     00081c25  GPIO_ReadPin                         
0     00081b76  GPIO_SetupLock                       
0     00081a56  GPIO_SetupPinMux                     
0     00081ae2  GPIO_SetupPinOptions                 
0     00081b9f  GPIO_SetupXINT1Gpio                  
0     00081ba9  GPIO_SetupXINT2Gpio                  
0     00081bb3  GPIO_SetupXINT3Gpio                  
0     00081bbd  GPIO_SetupXINT4Gpio                  
0     00081bc7  GPIO_SetupXINT5Gpio                  
0     00081c3c  GPIO_WritePin                        
1     00007c00  GpioCtrlRegs                         
1     00007f00  GpioDataRegs                         
0     00081518  HALT                                 
0     00081531  HIB                                  
0     00080dd1  I2CA_FIFO_ISR                        
0     00080dc7  I2CA_ISR                             
0     00080de5  I2CB_FIFO_ISR                        
0     00080ddb  I2CB_ISR                             
0     00081504  IDLE                                 
0     00080b6f  ILLEGAL_ISR                          
0     00080f43  IPC0_ISR                             
0     00080f4d  IPC1_ISR                             
0     00080f57  IPC2_ISR                             
0     00080f61  IPC3_ISR                             
0     000813a0  InitAuxPll                           
0     0000b000  InitFlash                            
0     00081a16  InitGpio                             
0     000810e1  InitPeripheralClocks                 
0     00082271  InitPieCtrl                          
0     00082299  InitPieVectTable                     
0     000810b8  InitSysCtrl                          
0     000811b2  InitSysPll                           
1     00007900  InputXbarRegs                        
0     00080d63  MCBSPA_RX_ISR                        
0     00080d6d  MCBSPA_TX_ISR                        
0     00080d77  MCBSPB_RX_ISR                        
0     00080d81  MCBSPB_TX_ISR                        
1     0005f400  MemCfgRegs                           
0     00080b65  NMI_ISR                              
0     000810ae  NOTUSED_ISR                          
1     00007a80  OutputXbarRegs                       
0     00081097  PIE_RESERVED_ISR                     
1     00000ce0  PieCtrlRegs                          
0     00000d00  PieVectTable                         
0     000827c0  PieVectTableInit                     
0     000820f3  Power_card_protect                   
0     00081065  RAM_ACCESS_VIOLATION_ISR             
0     00081051  RAM_CORRECTABLE_ERROR_ISR            
0     00080b51  RTOS_ISR                             
0     00082367  RamfuncsLoadEnd                      
abs   00000037  RamfuncsLoadSize                     
0     00082330  RamfuncsLoadStart                    
0     0000b037  RamfuncsRunEnd                       
abs   00000037  RamfuncsRunSize                      
0     0000b000  RamfuncsRunStart                     
0     0008118c  ReleaseFlashPump                     
0     00080e17  SCIA_RX_ISR                          
0     00080e21  SCIA_TX_ISR                          
0     00080e2b  SCIB_RX_ISR                          
0     00080e35  SCIB_TX_ISR                          
0     00080def  SCIC_RX_ISR                          
0     00080df9  SCIC_TX_ISR                          
0     00080e03  SCID_RX_ISR                          
0     00080e0d  SCID_TX_ISR                          
0     00080fbb  SD1_ISR                              
0     00080fc5  SD2_ISR                              
0     00080d3b  SPIA_RX_ISR                          
0     00080d45  SPIA_TX_ISR                          
0     00080d4f  SPIB_RX_ISR                          
0     00080d59  SPIB_TX_ISR                          
0     00080fcf  SPIC_RX_ISR                          
0     00080fd9  SPIC_TX_ISR                          
0     0008150d  STANDBY                              
0     0008106f  SYS_PLL_SLIP_ISR                     
0     00080025  Seclect_sector_subsector             
0     0008117d  SeizeFlashPump                       
0     00081196  ServiceDog                           
0     000814b0  SysIntOsc1Sel                        
0     000814c0  SysIntOsc2Sel                        
0     000814d4  SysXtalOscSel                        
0     00080c2d  TIMER0_ISR                           
0     00080b33  TIMER1_ISR                           
0     00080b3d  TIMER2_ISR                           
1     00001480  UA                                   
1     00001482  UB                                   
0     00080fe3  UPPA_ISR                             
0     00080fed  USBA_ISR                             
0     00080bd3  USER10_ISR                           
0     00080bdd  USER11_ISR                           
0     00080be7  USER12_ISR                           
0     00080b79  USER1_ISR                            
0     00080b83  USER2_ISR                            
0     00080b8d  USER3_ISR                            
0     00080b97  USER4_ISR                            
0     00080ba1  USER5_ISR                            
0     00080bab  USER6_ISR                            
0     00080bb5  USER7_ISR                            
0     00080bbf  USER8_ISR                            
0     00080bc9  USER9_ISR                            
0     00080f25  VCU_ISR                              
1     00001484  Vddd                                 
1     00001486  Vqqq                                 
0     00080c37  WAKE_ISR                             
1     00007000  WdRegs                               
0     00080c0f  XINT1_ISR                            
0     00080c19  XINT2_ISR                            
0     00080f07  XINT3_ISR                            
0     00080f11  XINT4_ISR                            
0     00080f1b  XINT5_ISR                            
1     00001500  Xn                                   
abs   00000000  _Cla1ConstLoadSize                   
1     00009000  _Cla1ConstLoadStart                  
1     00009000  _Cla1ConstRunStart                   
0     000829b4  __TI_CINIT_Base                      
0     000829d0  __TI_CINIT_Limit                     
0     000829d0  __TI_CINIT_Warm                      
0     00082994  __TI_Handler_Table_Base              
0     0008299a  __TI_Handler_Table_Limit             
1     00000600  __TI_STACK_END                       
abs   00000200  __TI_STACK_SIZE                      
0     0008221d  __TI_auto_init_nobinit_nopinit       
1     0000b82c  __TI_cleanup_ptr                     
0     000821ec  __TI_decompress_lzss                 
0     00082311  __TI_decompress_none                 
1     0000b82e  __TI_dtors_ptr                       
1     0000b82a  __TI_enable_exit_profile_output      
abs   ffffffff  __TI_pprof_out_hndl                  
abs   ffffffff  __TI_prof_data_size                  
abs   ffffffff  __TI_prof_data_start                 
0     00082320  __TI_zero_init                       
n/a   UNDEFED   __c_args__                           
1     00008800  __claCLAcos_sp                       
1     00008800  __claCLAdiv_sp                       
1     00008800  __claCLAsin_sp                       
0     000822ff  __relaxed_sqrtf                      
1     00000400  __stack                              
0     000822f3  _args_main                           
0     000822dc  _c_int00                             
1     0000b834  _lock                                
0     00082310  _nop                                 
0     0008230c  _register_lock                       
0     00082308  _register_unlock                     
0     00082328  _system_post_cinit                   
0     00082326  _system_pre_init                     
1     0000b836  _unlock                              
1     0000b830  a                                    
0     00082248  abort                                
0     0008165c  adcIsr1                              
1     00001506  adcValue                             
1     00009018  alpha                                
1     00001488  angle                                
1     0000902a  beta                                 
0     0008156b  cla1Isr1                             
0     000815ef  cla1Isr2                             
0     00081600  cla1Isr3                             
0     0008160f  cla1Isr4                             
0     0008161e  cla1Isr5                             
0     0008162d  cla1Isr6                             
0     0008163c  cla1Isr7                             
0     0008164b  cla1Isr8                             
1     0000903c  clarke_var                           
0     00080000  code_start                           
0     00081fee  configCLAMemory                      
1     0000b800  current_sector                       
1     00009000  current_var                          
1     0000c000  data_analysis                        
0     00081671  epwm1ISR                             
1     0000b80e  epwm_counter                         
0     0008224a  exit                                 
1     0000b832  ez                                   
0     00082058  initCLA1PIE                          
0     00082034  initCPU1CLA1                         
1     0000b802  input                                
1     00001502  j                                    
0     00082181  main                                 
0     000822bf  memcpy                               
0     00082319  memset                               
1     00009048  park_var                             
1     0000b828  pepwm_count                          
1     0000b820  pinput                               
1     0000148a  pll                                  
1     0000b822  psector                              
1     0000b826  ptime_out                            
1     0000b824  ptime_v                              
1     00001504  set_point                            
0     00080008  svm_gen                              
0     000821e4  tida_01606_GPIO_setup_for_SDFM       
0     000821ea  tida_01606_SDFM_setup_comp_module    
0     000821e6  tida_01606_SDFM_setup_input_control  
0     000821e8  tida_01606_SDFM_setup_sinc_filter    
0     000821ba  tida_01606_eCap_setup_for_SDFM       
0     000821e2  tida_01606_ePWM11_setup_for_SDFM     
0     00081d0f  tida_SDFM_simple                     
0     00081d60  tida_epwm_SDFM_CC                    
0     00081d18  tida_epwm_simple                     
0     00081d77  tida_epwm_simple_AQ                  
0     00081d49  tida_epwm_simple_CC                  
0     00081d80  tida_epwm_simple_DB_notswap          
0     00081d93  tida_epwm_simple_DB_swap             
0     00081da6  tida_epwm_simple_ET                  
0     00081d33  tida_epwm_simple_TB                  
0     00081dbe  tida_setupADC                        
0     00081c5a  tida_setup_ePWM_Q                    
0     00082085  tida_setup_ePWM_power                
0     00082141  tida_setup_relay                     
1     0000b808  time_vector                          
1     0000b814  time_vector_out                      


GLOBAL SYMBOLS: SORTED BY Symbol Address 

page  address   name                                 
----  -------   ----                                 
0     00000d00  PieVectTable                         
0     00009800  Cla1ProgRunStart                     
0     00009800  Cla1Task1                            
0     00009b08  Cla1Task8                            
0     00009b6c  CLAcos                               
0     00009ba4  CLAsin                               
0     00009bdc  CLAdiv                               
0     00009bf6  Cla1Task2                            
0     00009bfe  Cla1Task3                            
0     00009c06  Cla1Task4                            
0     00009c0e  Cla1Task5                            
0     00009c16  Cla1Task6                            
0     00009c1e  Cla1Task7                            
0     0000b000  InitFlash                            
0     0000b000  RamfuncsRunStart                     
0     0000b029  FlashOff                             
0     0000b037  RamfuncsRunEnd                       
0     00080000  code_start                           
0     00080008  svm_gen                              
0     00080025  Seclect_sector_subsector             
0     00080190  Calculate_time_vector                
0     00080487  Calculate_time_out                   
0     00080ab6  Assign_ePWM_counter                  
0     00080b33  TIMER1_ISR                           
0     00080b3d  TIMER2_ISR                           
0     00080b47  DATALOG_ISR                          
0     00080b51  RTOS_ISR                             
0     00080b5b  EMU_ISR                              
0     00080b65  NMI_ISR                              
0     00080b6f  ILLEGAL_ISR                          
0     00080b79  USER1_ISR                            
0     00080b83  USER2_ISR                            
0     00080b8d  USER3_ISR                            
0     00080b97  USER4_ISR                            
0     00080ba1  USER5_ISR                            
0     00080bab  USER6_ISR                            
0     00080bb5  USER7_ISR                            
0     00080bbf  USER8_ISR                            
0     00080bc9  USER9_ISR                            
0     00080bd3  USER10_ISR                           
0     00080bdd  USER11_ISR                           
0     00080be7  USER12_ISR                           
0     00080bf1  ADCA1_ISR                            
0     00080bfb  ADCB1_ISR                            
0     00080c05  ADCC1_ISR                            
0     00080c0f  XINT1_ISR                            
0     00080c19  XINT2_ISR                            
0     00080c23  ADCD1_ISR                            
0     00080c2d  TIMER0_ISR                           
0     00080c37  WAKE_ISR                             
0     00080c41  EPWM1_TZ_ISR                         
0     00080c4b  EPWM2_TZ_ISR                         
0     00080c55  EPWM3_TZ_ISR                         
0     00080c5f  EPWM4_TZ_ISR                         
0     00080c69  EPWM5_TZ_ISR                         
0     00080c73  EPWM6_TZ_ISR                         
0     00080c7d  EPWM7_TZ_ISR                         
0     00080c87  EPWM8_TZ_ISR                         
0     00080c91  EPWM1_ISR                            
0     00080c9b  EPWM2_ISR                            
0     00080ca5  EPWM3_ISR                            
0     00080caf  EPWM4_ISR                            
0     00080cb9  EPWM5_ISR                            
0     00080cc3  EPWM6_ISR                            
0     00080ccd  EPWM7_ISR                            
0     00080cd7  EPWM8_ISR                            
0     00080ce1  ECAP1_ISR                            
0     00080ceb  ECAP2_ISR                            
0     00080cf5  ECAP3_ISR                            
0     00080cff  ECAP4_ISR                            
0     00080d09  ECAP5_ISR                            
0     00080d13  ECAP6_ISR                            
0     00080d1d  EQEP1_ISR                            
0     00080d27  EQEP2_ISR                            
0     00080d31  EQEP3_ISR                            
0     00080d3b  SPIA_RX_ISR                          
0     00080d45  SPIA_TX_ISR                          
0     00080d4f  SPIB_RX_ISR                          
0     00080d59  SPIB_TX_ISR                          
0     00080d63  MCBSPA_RX_ISR                        
0     00080d6d  MCBSPA_TX_ISR                        
0     00080d77  MCBSPB_RX_ISR                        
0     00080d81  MCBSPB_TX_ISR                        
0     00080d8b  DMA_CH1_ISR                          
0     00080d95  DMA_CH2_ISR                          
0     00080d9f  DMA_CH3_ISR                          
0     00080da9  DMA_CH4_ISR                          
0     00080db3  DMA_CH5_ISR                          
0     00080dbd  DMA_CH6_ISR                          
0     00080dc7  I2CA_ISR                             
0     00080dd1  I2CA_FIFO_ISR                        
0     00080ddb  I2CB_ISR                             
0     00080de5  I2CB_FIFO_ISR                        
0     00080def  SCIC_RX_ISR                          
0     00080df9  SCIC_TX_ISR                          
0     00080e03  SCID_RX_ISR                          
0     00080e0d  SCID_TX_ISR                          
0     00080e17  SCIA_RX_ISR                          
0     00080e21  SCIA_TX_ISR                          
0     00080e2b  SCIB_RX_ISR                          
0     00080e35  SCIB_TX_ISR                          
0     00080e3f  CANA0_ISR                            
0     00080e49  CANA1_ISR                            
0     00080e53  CANB0_ISR                            
0     00080e5d  CANB1_ISR                            
0     00080e67  ADCA_EVT_ISR                         
0     00080e71  ADCA2_ISR                            
0     00080e7b  ADCA3_ISR                            
0     00080e85  ADCA4_ISR                            
0     00080e8f  ADCB_EVT_ISR                         
0     00080e99  ADCB2_ISR                            
0     00080ea3  ADCB3_ISR                            
0     00080ead  ADCB4_ISR                            
0     00080eb7  CLA1_1_ISR                           
0     00080ec1  CLA1_2_ISR                           
0     00080ecb  CLA1_3_ISR                           
0     00080ed5  CLA1_4_ISR                           
0     00080edf  CLA1_5_ISR                           
0     00080ee9  CLA1_6_ISR                           
0     00080ef3  CLA1_7_ISR                           
0     00080efd  CLA1_8_ISR                           
0     00080f07  XINT3_ISR                            
0     00080f11  XINT4_ISR                            
0     00080f1b  XINT5_ISR                            
0     00080f25  VCU_ISR                              
0     00080f2f  FPU_OVERFLOW_ISR                     
0     00080f39  FPU_UNDERFLOW_ISR                    
0     00080f43  IPC0_ISR                             
0     00080f4d  IPC1_ISR                             
0     00080f57  IPC2_ISR                             
0     00080f61  IPC3_ISR                             
0     00080f6b  EPWM9_TZ_ISR                         
0     00080f75  EPWM10_TZ_ISR                        
0     00080f7f  EPWM11_TZ_ISR                        
0     00080f89  EPWM12_TZ_ISR                        
0     00080f93  EPWM9_ISR                            
0     00080f9d  EPWM10_ISR                           
0     00080fa7  EPWM11_ISR                           
0     00080fb1  EPWM12_ISR                           
0     00080fbb  SD1_ISR                              
0     00080fc5  SD2_ISR                              
0     00080fcf  SPIC_RX_ISR                          
0     00080fd9  SPIC_TX_ISR                          
0     00080fe3  UPPA_ISR                             
0     00080fed  USBA_ISR                             
0     00080ff7  ADCC_EVT_ISR                         
0     00081001  ADCC2_ISR                            
0     0008100b  ADCC3_ISR                            
0     00081015  ADCC4_ISR                            
0     0008101f  ADCD_EVT_ISR                         
0     00081029  ADCD2_ISR                            
0     00081033  ADCD3_ISR                            
0     0008103d  ADCD4_ISR                            
0     00081047  EMIF_ERROR_ISR                       
0     00081051  RAM_CORRECTABLE_ERROR_ISR            
0     0008105b  FLASH_CORRECTABLE_ERROR_ISR          
0     00081065  RAM_ACCESS_VIOLATION_ISR             
0     0008106f  SYS_PLL_SLIP_ISR                     
0     00081079  AUX_PLL_SLIP_ISR                     
0     00081083  CLA_OVERFLOW_ISR                     
0     0008108d  CLA_UNDERFLOW_ISR                    
0     00081097  PIE_RESERVED_ISR                     
0     000810a1  EMPTY_ISR                            
0     000810ae  NOTUSED_ISR                          
0     000810b8  InitSysCtrl                          
0     000810e1  InitPeripheralClocks                 
0     00081165  DisablePeripheralClocks              
0     0008117d  SeizeFlashPump                       
0     0008118c  ReleaseFlashPump                     
0     00081196  ServiceDog                           
0     000811a4  DisableDog                           
0     000811b2  InitSysPll                           
0     000813a0  InitAuxPll                           
0     0008148f  CsmUnlock                            
0     000814b0  SysIntOsc1Sel                        
0     000814c0  SysIntOsc2Sel                        
0     000814d4  SysXtalOscSel                        
0     000814e4  AuxIntOsc2Sel                        
0     000814ee  AuxXtalOscSel                        
0     000814fa  AuxAuxClkSel                         
0     00081504  IDLE                                 
0     0008150d  STANDBY                              
0     00081518  HALT                                 
0     00081531  HIB                                  
0     0008154e  ConfigureTMXAnalogTrim               
0     0008156b  cla1Isr1                             
0     000815ef  cla1Isr2                             
0     00081600  cla1Isr3                             
0     0008160f  cla1Isr4                             
0     0008161e  cla1Isr5                             
0     0008162d  cla1Isr6                             
0     0008163c  cla1Isr7                             
0     0008164b  cla1Isr8                             
0     0008165c  adcIsr1                              
0     00081671  epwm1ISR                             
0     00081a16  InitGpio                             
0     00081a56  GPIO_SetupPinMux                     
0     00081ae2  GPIO_SetupPinOptions                 
0     00081b76  GPIO_SetupLock                       
0     00081b9f  GPIO_SetupXINT1Gpio                  
0     00081ba9  GPIO_SetupXINT2Gpio                  
0     00081bb3  GPIO_SetupXINT3Gpio                  
0     00081bbd  GPIO_SetupXINT4Gpio                  
0     00081bc7  GPIO_SetupXINT5Gpio                  
0     00081bd1  GPIO_EnableUnbondedIOPullupsFor176Pin
0     00081bea  GPIO_EnableUnbondedIOPullupsFor100Pin
0     00081c0f  GPIO_EnableUnbondedIOPullups         
0     00081c25  GPIO_ReadPin                         
0     00081c3c  GPIO_WritePin                        
0     00081c5a  tida_setup_ePWM_Q                    
0     00081d0f  tida_SDFM_simple                     
0     00081d18  tida_epwm_simple                     
0     00081d33  tida_epwm_simple_TB                  
0     00081d49  tida_epwm_simple_CC                  
0     00081d60  tida_epwm_SDFM_CC                    
0     00081d77  tida_epwm_simple_AQ                  
0     00081d80  tida_epwm_simple_DB_notswap          
0     00081d93  tida_epwm_simple_DB_swap             
0     00081da6  tida_epwm_simple_ET                  
0     00081dbe  tida_setupADC                        
0     00081efe  AdcSetMode                           
0     00081fb4  CalAdcINL                            
0     00081fee  configCLAMemory                      
0     00082034  initCPU1CLA1                         
0     00082058  initCLA1PIE                          
0     00082085  tida_setup_ePWM_power                
0     000820f3  Power_card_protect                   
0     00082141  tida_setup_relay                     
0     00082181  main                                 
0     000821aa  DisableEPWMclock                     
0     000821b2  EnableEPWMclock                      
0     000821ba  tida_01606_eCap_setup_for_SDFM       
0     000821e2  tida_01606_ePWM11_setup_for_SDFM     
0     000821e4  tida_01606_GPIO_setup_for_SDFM       
0     000821e6  tida_01606_SDFM_setup_input_control  
0     000821e8  tida_01606_SDFM_setup_sinc_filter    
0     000821ea  tida_01606_SDFM_setup_comp_module    
0     000821ec  __TI_decompress_lzss                 
0     0008221d  __TI_auto_init_nobinit_nopinit       
0     00082248  C$$EXIT                              
0     00082248  abort                                
0     0008224a  exit                                 
0     00082271  InitPieCtrl                          
0     00082290  EnableInterrupts                     
0     00082299  InitPieVectTable                     
0     000822bf  memcpy                               
0     000822dc  _c_int00                             
0     000822f3  _args_main                           
0     000822ff  __relaxed_sqrtf                      
0     00082308  _register_unlock                     
0     0008230c  _register_lock                       
0     00082310  _nop                                 
0     00082311  __TI_decompress_none                 
0     00082319  memset                               
0     00082320  __TI_zero_init                       
0     00082326  _system_pre_init                     
0     00082328  _system_post_cinit                   
0     00082330  RamfuncsLoadStart                    
0     00082367  RamfuncsLoadEnd                      
0     00082368  Cla1ProgLoadStart                    
0     0008278e  Cla1funcsLoadEnd                     
0     000827c0  PieVectTableInit                     
0     00082994  __TI_Handler_Table_Base              
0     0008299a  __TI_Handler_Table_Limit             
0     000829b4  __TI_CINIT_Base                      
0     000829d0  __TI_CINIT_Limit                     
0     000829d0  __TI_CINIT_Warm                      
1     00000400  __stack                              
1     00000600  __TI_STACK_END                       
1     00000b00  AdcaResultRegs                       
1     00000b20  AdcbResultRegs                       
1     00000b40  AdccResultRegs                       
1     00000b60  AdcdResultRegs                       
1     00000c08  CpuTimer1Regs                        
1     00000c10  CpuTimer2Regs                        
1     00000ce0  PieCtrlRegs                          
1     00001400  Cla1Regs                             
1     00001480  UA                                   
1     00001482  UB                                   
1     00001484  Vddd                                 
1     00001486  Vqqq                                 
1     00001488  angle                                
1     0000148a  pll                                  
1     00001500  Xn                                   
1     00001502  j                                    
1     00001504  set_point                            
1     00001506  adcValue                             
1     00004000  EPwm1Regs                            
1     00004100  EPwm2Regs                            
1     00004200  EPwm3Regs                            
1     00004300  EPwm4Regs                            
1     00004500  EPwm6Regs                            
1     00004600  EPwm7Regs                            
1     00004700  EPwm8Regs                            
1     00005000  ECap1Regs                            
1     00007000  WdRegs                               
1     00007400  AdcaRegs                             
1     00007480  AdcbRegs                             
1     00007500  AdccRegs                             
1     00007580  AdcdRegs                             
1     00007900  InputXbarRegs                        
1     00007a80  OutputXbarRegs                       
1     00007c00  GpioCtrlRegs                         
1     00007f00  GpioDataRegs                         
1     00008800  __claCLAcos_sp                       
1     00008800  __claCLAdiv_sp                       
1     00008800  __claCLAsin_sp                       
1     00009000  _Cla1ConstLoadStart                  
1     00009000  _Cla1ConstRunStart                   
1     00009000  current_var                          
1     00009018  alpha                                
1     0000902a  beta                                 
1     0000903c  clarke_var                           
1     00009048  park_var                             
1     0000b800  current_sector                       
1     0000b802  input                                
1     0000b808  time_vector                          
1     0000b80e  epwm_counter                         
1     0000b814  time_vector_out                      
1     0000b820  pinput                               
1     0000b822  psector                              
1     0000b824  ptime_v                              
1     0000b826  ptime_out                            
1     0000b828  pepwm_count                          
1     0000b82a  __TI_enable_exit_profile_output      
1     0000b82c  __TI_cleanup_ptr                     
1     0000b82e  __TI_dtors_ptr                       
1     0000b830  a                                    
1     0000b832  ez                                   
1     0000b834  _lock                                
1     0000b836  _unlock                              
1     0000c000  data_analysis                        
1     00050024  FlashPumpSemaphoreRegs               
1     0005d000  DevCfgRegs                           
1     0005d180  AnalogSubsysRegs                     
1     0005d200  ClkCfgRegs                           
1     0005d300  CpuSysRegs                           
1     0005f000  DcsmZ1Regs                           
1     0005f040  DcsmZ2Regs                           
1     0005f400  MemCfgRegs                           
1     0005f800  Flash0CtrlRegs                       
1     0005fb00  Flash0EccRegs                        
abs   00000000  _Cla1ConstLoadSize                   
abs   00000037  RamfuncsLoadSize                     
abs   00000037  RamfuncsRunSize                      
abs   00000200  __TI_STACK_SIZE                      
abs   00000426  Cla1ProgLoadSize                     
abs   00000800  CLA_SCRATCHPAD_SIZE                  
abs   0000fd0a  CLAsincosTable_Sin0                  
abs   0000fd4a  CLAsincosTable_Cos0                  
abs   0000fe4e  CLAsincosTable_TABLE_SIZEDivTwoPi    
abs   0000fe50  CLAsincosTable_TwoPiDivTABLE_SIZE    
abs   0000fe52  CLAsincosTable_TABLE_MASK            
abs   0000fe54  CLAsincosTable_Coef0                 
abs   0000fe56  CLAsincosTable_Coef1                 
abs   0000fe58  CLAsincosTable_Coef1_pos             
abs   0000fe5a  CLAsincosTable_Coef2                 
abs   0000fe5c  CLAsincosTable_Coef3                 
abs   0000fe5e  CLAsincosTable_Coef3_neg             
abs   ffffffff  __TI_pprof_out_hndl                  
abs   ffffffff  __TI_prof_data_size                  
abs   ffffffff  __TI_prof_data_start                 
n/a   UNDEFED   __c_args__                           

[363 symbols]
