<?xml version="1.0" encoding="ISO-8859-1" ?>
<link_info>
   <banner>TMS320C2000 Linker PC v20.12.0.STS</banner>
   <copyright>Copyright (c) 1996-2018 Texas Instruments Incorporated</copyright>
   <link_time>0x600110b2</link_time>
   <link_errors>0x0</link_errors>
   <output_file>pelab_demo_tida_01606.out</output_file>
   <entry_point>
      <name>code_start</name>
      <address>0x0</address>
   </entry_point>
   <input_file_list>
      <input_file id="fl-2">
         <path>.\</path>
         <kind>object</kind>
         <file>F2837xD_Adc.obj</file>
         <name>F2837xD_Adc.obj</name>
      </input_file>
      <input_file id="fl-3">
         <path>.\</path>
         <kind>object</kind>
         <file>F2837xD_CodeStartBranch.obj</file>
         <name>F2837xD_CodeStartBranch.obj</name>
      </input_file>
      <input_file id="fl-4">
         <path>.\</path>
         <kind>object</kind>
         <file>F2837xD_DefaultISR.obj</file>
         <name>F2837xD_DefaultISR.obj</name>
      </input_file>
      <input_file id="fl-5">
         <path>.\</path>
         <kind>object</kind>
         <file>F2837xD_GlobalVariableDefs.obj</file>
         <name>F2837xD_GlobalVariableDefs.obj</name>
      </input_file>
      <input_file id="fl-6">
         <path>.\</path>
         <kind>object</kind>
         <file>F2837xD_Gpio.obj</file>
         <name>F2837xD_Gpio.obj</name>
      </input_file>
      <input_file id="fl-7">
         <path>.\</path>
         <kind>object</kind>
         <file>F2837xD_PieCtrl.obj</file>
         <name>F2837xD_PieCtrl.obj</name>
      </input_file>
      <input_file id="fl-8">
         <path>.\</path>
         <kind>object</kind>
         <file>F2837xD_PieVect.obj</file>
         <name>F2837xD_PieVect.obj</name>
      </input_file>
      <input_file id="fl-9">
         <path>.\</path>
         <kind>object</kind>
         <file>F2837xD_SysCtrl.obj</file>
         <name>F2837xD_SysCtrl.obj</name>
      </input_file>
      <input_file id="fl-a">
         <path>.\</path>
         <kind>object</kind>
         <file>F2837xD_usDelay.obj</file>
         <name>F2837xD_usDelay.obj</name>
      </input_file>
      <input_file id="fl-b">
         <path>.\</path>
         <kind>object</kind>
         <file>data_fft.obj</file>
         <name>data_fft.obj</name>
      </input_file>
      <input_file id="fl-c">
         <path>.\</path>
         <kind>object</kind>
         <file>main.obj</file>
         <name>main.obj</name>
      </input_file>
      <input_file id="fl-d">
         <path>.\</path>
         <kind>object</kind>
         <file>svm_gen.obj</file>
         <name>svm_gen.obj</name>
      </input_file>
      <input_file id="fl-e">
         <path>.\</path>
         <kind>object</kind>
         <file>tida_01606_CLA.obj</file>
         <name>tida_01606_CLA.obj</name>
      </input_file>
      <input_file id="fl-f">
         <path>.\</path>
         <kind>object</kind>
         <file>tida_01606_Relay_Fan_control.obj</file>
         <name>tida_01606_Relay_Fan_control.obj</name>
      </input_file>
      <input_file id="fl-10">
         <path>.\</path>
         <kind>object</kind>
         <file>tida_01606_SDFM.obj</file>
         <name>tida_01606_SDFM.obj</name>
      </input_file>
      <input_file id="fl-11">
         <path>.\</path>
         <kind>object</kind>
         <file>tida_01606_adc.obj</file>
         <name>tida_01606_adc.obj</name>
      </input_file>
      <input_file id="fl-12">
         <path>.\</path>
         <kind>object</kind>
         <file>tida_01606_comparator_subsystem.obj</file>
         <name>tida_01606_comparator_subsystem.obj</name>
      </input_file>
      <input_file id="fl-13">
         <path>.\</path>
         <kind>object</kind>
         <file>tida_01606_ePWM_power_driver_card.obj</file>
         <name>tida_01606_ePWM_power_driver_card.obj</name>
      </input_file>
      <input_file id="fl-14">
         <path>.\</path>
         <kind>object</kind>
         <file>tida_01606_ePWM_svm.obj</file>
         <name>tida_01606_ePWM_svm.obj</name>
      </input_file>
      <input_file id="fl-15">
         <path>.\</path>
         <kind>object</kind>
         <file>tida_01606_protection.obj</file>
         <name>tida_01606_protection.obj</name>
      </input_file>
      <input_file id="fl-1c">
         <kind>object</kind>
         <file>&lt;internal&gt;</file>
         <name>&lt;internal&gt;</name>
      </input_file>
      <input_file id="fl-1d">
         <path>C:\Users\Tinh_deptrai\workspace_v10\pelab_demo_tida_01606\TI_header_file\Lib\</path>
         <kind>archive</kind>
         <file>cla1_math_library_datarom_fpu32_eabi.lib</file>
         <name>CLAdiv.obj</name>
      </input_file>
      <input_file id="fl-1e">
         <path>C:\Users\Tinh_deptrai\workspace_v10\pelab_demo_tida_01606\TI_header_file\Lib\</path>
         <kind>archive</kind>
         <file>cla1_math_library_datarom_fpu32_eabi.lib</file>
         <name>CLAsin.obj</name>
      </input_file>
      <input_file id="fl-2a">
         <path>C:\ti\ccs1000\ccs\tools\compiler\lib\</path>
         <kind>archive</kind>
         <file>rts2800_fpu32_eabi.lib</file>
         <name>boot28.asm.obj</name>
      </input_file>
      <input_file id="fl-2b">
         <path>C:\ti\ccs1000\ccs\tools\compiler\lib\</path>
         <kind>archive</kind>
         <file>rts2800_fpu32_eabi.lib</file>
         <name>pre_init.c.obj</name>
      </input_file>
      <input_file id="fl-2c">
         <path>C:\ti\ccs1000\ccs\tools\compiler\lib\</path>
         <kind>archive</kind>
         <file>rts2800_fpu32_eabi.lib</file>
         <name>autoinit.c.obj</name>
      </input_file>
      <input_file id="fl-2d">
         <path>C:\ti\ccs1000\ccs\tools\compiler\lib\</path>
         <kind>archive</kind>
         <file>rts2800_fpu32_eabi.lib</file>
         <name>copy_zero_init.c.obj</name>
      </input_file>
      <input_file id="fl-2e">
         <path>C:\ti\ccs1000\ccs\tools\compiler\lib\</path>
         <kind>archive</kind>
         <file>rts2800_fpu32_eabi.lib</file>
         <name>copy_decompress_none.c.obj</name>
      </input_file>
      <input_file id="fl-2f">
         <path>C:\ti\ccs1000\ccs\tools\compiler\lib\</path>
         <kind>archive</kind>
         <file>rts2800_fpu32_eabi.lib</file>
         <name>copy_decompress_lzss.c.obj</name>
      </input_file>
      <input_file id="fl-30">
         <path>C:\ti\ccs1000\ccs\tools\compiler\lib\</path>
         <kind>archive</kind>
         <file>rts2800_fpu32_eabi.lib</file>
         <name>exit.c.obj</name>
      </input_file>
      <input_file id="fl-31">
         <path>C:\ti\ccs1000\ccs\tools\compiler\lib\</path>
         <kind>archive</kind>
         <file>rts2800_fpu32_eabi.lib</file>
         <name>_lock.c.obj</name>
      </input_file>
      <input_file id="fl-32">
         <path>C:\ti\ccs1000\ccs\tools\compiler\lib\</path>
         <kind>archive</kind>
         <file>rts2800_fpu32_eabi.lib</file>
         <name>args_main.c.obj</name>
      </input_file>
      <input_file id="fl-33">
         <path>C:\ti\ccs1000\ccs\tools\compiler\lib\</path>
         <kind>archive</kind>
         <file>rts2800_fpu32_eabi.lib</file>
         <name>memset.c.obj</name>
      </input_file>
      <input_file id="fl-34">
         <path>C:\ti\ccs1000\ccs\tools\compiler\lib\</path>
         <kind>archive</kind>
         <file>rts2800_fpu32_eabi.lib</file>
         <name>cpy_tbl.c.obj</name>
      </input_file>
      <input_file id="fl-35">
         <path>C:\ti\ccs1000\ccs\tools\compiler\lib\</path>
         <kind>archive</kind>
         <file>rts2800_fpu32_eabi.lib</file>
         <name>memcpy.c.obj</name>
      </input_file>
      <input_file id="fl-36">
         <path>C:\ti\ccs1000\ccs\tools\compiler\lib\</path>
         <kind>archive</kind>
         <file>rts2800_fpu32_eabi.lib</file>
         <name>startup.c.obj</name>
      </input_file>
      <input_file id="fl-37">
         <path>C:\Users\Tinh_deptrai\workspace_v10\pelab_demo_tida_01606\TI_header_file\Lib\</path>
         <kind>archive</kind>
         <file>F2837xRevB_c1bootROM_CLADataROMSymbols_eabi_fpu32.lib</file>
         <name>F2837x_cpu01_bootROM_REVB_out_CLAsincosTable_Coef0_tmp.obj</name>
      </input_file>
      <input_file id="fl-38">
         <path>C:\Users\Tinh_deptrai\workspace_v10\pelab_demo_tida_01606\TI_header_file\Lib\</path>
         <kind>archive</kind>
         <file>F2837xRevB_c1bootROM_CLADataROMSymbols_eabi_fpu32.lib</file>
         <name>F2837x_cpu01_bootROM_REVB_out_CLAsincosTable_Coef1_tmp.obj</name>
      </input_file>
      <input_file id="fl-39">
         <path>C:\Users\Tinh_deptrai\workspace_v10\pelab_demo_tida_01606\TI_header_file\Lib\</path>
         <kind>archive</kind>
         <file>F2837xRevB_c1bootROM_CLADataROMSymbols_eabi_fpu32.lib</file>
         <name>F2837x_cpu01_bootROM_REVB_out_CLAsincosTable_Coef2_tmp.obj</name>
      </input_file>
      <input_file id="fl-3a">
         <path>C:\Users\Tinh_deptrai\workspace_v10\pelab_demo_tida_01606\TI_header_file\Lib\</path>
         <kind>archive</kind>
         <file>F2837xRevB_c1bootROM_CLADataROMSymbols_eabi_fpu32.lib</file>
         <name>F2837x_cpu01_bootROM_REVB_out_CLAsincosTable_Coef3_tmp.obj</name>
      </input_file>
      <input_file id="fl-3b">
         <path>C:\Users\Tinh_deptrai\workspace_v10\pelab_demo_tida_01606\TI_header_file\Lib\</path>
         <kind>archive</kind>
         <file>F2837xRevB_c1bootROM_CLADataROMSymbols_eabi_fpu32.lib</file>
         <name>F2837x_cpu01_bootROM_REVB_out_CLAsincosTable_Cos0_tmp.obj</name>
      </input_file>
      <input_file id="fl-3c">
         <path>C:\Users\Tinh_deptrai\workspace_v10\pelab_demo_tida_01606\TI_header_file\Lib\</path>
         <kind>archive</kind>
         <file>F2837xRevB_c1bootROM_CLADataROMSymbols_eabi_fpu32.lib</file>
         <name>F2837x_cpu01_bootROM_REVB_out_CLAsincosTable_TABLE_MASK_tmp.obj</name>
      </input_file>
      <input_file id="fl-3d">
         <path>C:\Users\Tinh_deptrai\workspace_v10\pelab_demo_tida_01606\TI_header_file\Lib\</path>
         <kind>archive</kind>
         <file>F2837xRevB_c1bootROM_CLADataROMSymbols_eabi_fpu32.lib</file>
         <name>F2837x_cpu01_bootROM_REVB_out_CLAsincosTable_TABLE_SIZEDivTwoPi_tmp.obj</name>
      </input_file>
      <input_file id="fl-3e">
         <path>C:\Users\Tinh_deptrai\workspace_v10\pelab_demo_tida_01606\TI_header_file\Lib\</path>
         <kind>archive</kind>
         <file>F2837xRevB_c1bootROM_CLADataROMSymbols_eabi_fpu32.lib</file>
         <name>F2837x_cpu01_bootROM_REVB_out_CLAsincosTable_TwoPiDivTABLE_SIZE_tmp.obj</name>
      </input_file>
   </input_file_list>
   <object_component_list>
      <object_component id="oc-11c">
         <name>PieVectTableFile</name>
         <uninitialized>true</uninitialized>
         <run_address>0xd00</run_address>
         <size>0x1c0</size>
         <input_file_ref idref="fl-5"/>
      </object_component>
      <object_component id="oc-2c7">
         <name>AdcaRegsFile</name>
         <uninitialized>true</uninitialized>
         <run_address>0x7400</run_address>
         <size>0x7c</size>
         <input_file_ref idref="fl-5"/>
      </object_component>
      <object_component id="oc-2ca">
         <name>AdcbRegsFile</name>
         <uninitialized>true</uninitialized>
         <run_address>0x7480</run_address>
         <size>0x7c</size>
         <input_file_ref idref="fl-5"/>
      </object_component>
      <object_component id="oc-2cd">
         <name>AdccRegsFile</name>
         <uninitialized>true</uninitialized>
         <run_address>0x7500</run_address>
         <size>0x7c</size>
         <input_file_ref idref="fl-5"/>
      </object_component>
      <object_component id="oc-ed">
         <name>AdcdRegsFile</name>
         <uninitialized>true</uninitialized>
         <run_address>0x7580</run_address>
         <size>0x7c</size>
         <input_file_ref idref="fl-5"/>
      </object_component>
      <object_component id="oc-29f">
         <name>AnalogSubsysRegsFile</name>
         <uninitialized>true</uninitialized>
         <run_address>0x5d180</run_address>
         <size>0x3e</size>
         <input_file_ref idref="fl-5"/>
      </object_component>
      <object_component id="oc-116">
         <name>Cla1RegsFile</name>
         <uninitialized>true</uninitialized>
         <run_address>0x1400</run_address>
         <size>0x3e</size>
         <input_file_ref idref="fl-5"/>
      </object_component>
      <object_component id="oc-2a8">
         <name>ClkCfgRegsFile</name>
         <uninitialized>true</uninitialized>
         <run_address>0x5d200</run_address>
         <size>0x32</size>
         <input_file_ref idref="fl-5"/>
      </object_component>
      <object_component id="oc-2ab">
         <name>CpuTimer1RegsFile</name>
         <uninitialized>true</uninitialized>
         <run_address>0xc08</run_address>
         <size>0x8</size>
         <input_file_ref idref="fl-5"/>
      </object_component>
      <object_component id="oc-2ae">
         <name>CpuTimer2RegsFile</name>
         <uninitialized>true</uninitialized>
         <run_address>0xc10</run_address>
         <size>0x8</size>
         <input_file_ref idref="fl-5"/>
      </object_component>
      <object_component id="oc-27f">
         <name>CpuSysRegsFile</name>
         <uninitialized>true</uninitialized>
         <run_address>0x5d300</run_address>
         <size>0x82</size>
         <input_file_ref idref="fl-5"/>
      </object_component>
      <object_component id="oc-2b1">
         <name>DcsmZ1RegsFile</name>
         <uninitialized>true</uninitialized>
         <run_address>0x5f000</run_address>
         <size>0x22</size>
         <input_file_ref idref="fl-5"/>
      </object_component>
      <object_component id="oc-2b4">
         <name>DcsmZ2RegsFile</name>
         <uninitialized>true</uninitialized>
         <run_address>0x5f040</run_address>
         <size>0x22</size>
         <input_file_ref idref="fl-5"/>
      </object_component>
      <object_component id="oc-29c">
         <name>DevCfgRegsFile</name>
         <uninitialized>true</uninitialized>
         <run_address>0x5d000</run_address>
         <size>0x12e</size>
         <input_file_ref idref="fl-5"/>
      </object_component>
      <object_component id="oc-119">
         <name>DmaClaSrcSelRegsFile</name>
         <uninitialized>true</uninitialized>
         <run_address>0x7980</run_address>
         <size>0x1a</size>
         <input_file_ref idref="fl-5"/>
      </object_component>
      <object_component id="oc-105">
         <name>EPwm1RegsFile</name>
         <uninitialized>true</uninitialized>
         <run_address>0x4000</run_address>
         <size>0x100</size>
         <input_file_ref idref="fl-5"/>
      </object_component>
      <object_component id="oc-198">
         <name>EPwm2RegsFile</name>
         <uninitialized>true</uninitialized>
         <run_address>0x4100</run_address>
         <size>0x100</size>
         <input_file_ref idref="fl-5"/>
      </object_component>
      <object_component id="oc-19b">
         <name>EPwm3RegsFile</name>
         <uninitialized>true</uninitialized>
         <run_address>0x4200</run_address>
         <size>0x100</size>
         <input_file_ref idref="fl-5"/>
      </object_component>
      <object_component id="oc-19e">
         <name>EPwm4RegsFile</name>
         <uninitialized>true</uninitialized>
         <run_address>0x4300</run_address>
         <size>0x100</size>
         <input_file_ref idref="fl-5"/>
      </object_component>
      <object_component id="oc-2d8">
         <name>EPwm6RegsFile</name>
         <uninitialized>true</uninitialized>
         <run_address>0x4500</run_address>
         <size>0x100</size>
         <input_file_ref idref="fl-5"/>
      </object_component>
      <object_component id="oc-1a1">
         <name>EPwm7RegsFile</name>
         <uninitialized>true</uninitialized>
         <run_address>0x4600</run_address>
         <size>0x100</size>
         <input_file_ref idref="fl-5"/>
      </object_component>
      <object_component id="oc-1a4">
         <name>EPwm8RegsFile</name>
         <uninitialized>true</uninitialized>
         <run_address>0x4700</run_address>
         <size>0x100</size>
         <input_file_ref idref="fl-5"/>
      </object_component>
      <object_component id="oc-2a2">
         <name>FlashPumpSemaphoreRegsFile</name>
         <uninitialized>true</uninitialized>
         <run_address>0x50024</run_address>
         <size>0x2</size>
         <input_file_ref idref="fl-5"/>
      </object_component>
      <object_component id="oc-2b9">
         <name>GpioCtrlRegsFile</name>
         <uninitialized>true</uninitialized>
         <run_address>0x7c00</run_address>
         <size>0x180</size>
         <input_file_ref idref="fl-5"/>
      </object_component>
      <object_component id="oc-fc">
         <name>GpioDataRegsFile</name>
         <uninitialized>true</uninitialized>
         <run_address>0x7f00</run_address>
         <size>0x30</size>
         <input_file_ref idref="fl-5"/>
      </object_component>
      <object_component id="oc-2bc">
         <name>InputXbarRegsFile</name>
         <uninitialized>true</uninitialized>
         <run_address>0x7900</run_address>
         <size>0x20</size>
         <input_file_ref idref="fl-5"/>
      </object_component>
      <object_component id="oc-113">
         <name>MemCfgRegsFile</name>
         <uninitialized>true</uninitialized>
         <run_address>0x5f400</run_address>
         <size>0x76</size>
         <input_file_ref idref="fl-5"/>
      </object_component>
      <object_component id="oc-f0">
         <name>PieCtrlRegsFile</name>
         <uninitialized>true</uninitialized>
         <run_address>0xce0</run_address>
         <size>0x1a</size>
         <input_file_ref idref="fl-5"/>
      </object_component>
      <object_component id="oc-2a5">
         <name>WdRegsFile</name>
         <uninitialized>true</uninitialized>
         <run_address>0x7000</run_address>
         <size>0x2b</size>
         <input_file_ref idref="fl-5"/>
      </object_component>
      <object_component id="oc-a8">
         <name>codestart</name>
         <load_address>0x0</load_address>
         <run_address>0x0</run_address>
         <size>0x2</size>
         <input_file_ref idref="fl-3"/>
      </object_component>
      <object_component id="oc-b6">
         <name>.text:retain</name>
         <load_address>0xb000</load_address>
         <run_address>0xb000</run_address>
         <size>0x585</size>
         <input_file_ref idref="fl-4"/>
      </object_component>
      <object_component id="oc-24f">
         <name>.text</name>
         <load_address>0xb585</load_address>
         <run_address>0xb585</run_address>
         <size>0x244</size>
         <input_file_ref idref="fl-6"/>
      </object_component>
      <object_component id="oc-200">
         <name>.text</name>
         <load_address>0xb7c9</load_address>
         <run_address>0xb7c9</run_address>
         <size>0x37</size>
         <input_file_ref idref="fl-c"/>
      </object_component>
      <object_component id="oc-249">
         <name>.text</name>
         <load_address>0xb800</load_address>
         <run_address>0xb800</run_address>
         <size>0x4aa</size>
         <input_file_ref idref="fl-9"/>
      </object_component>
      <object_component id="oc-bf">
         <name>.text:retain</name>
         <load_address>0xbcaa</load_address>
         <run_address>0xbcaa</run_address>
         <size>0x154</size>
         <input_file_ref idref="fl-b"/>
      </object_component>
      <object_component id="oc-279">
         <name>.text</name>
         <load_address>0xbdfe</load_address>
         <run_address>0xbdfe</run_address>
         <size>0x144</size>
         <input_file_ref idref="fl-14"/>
      </object_component>
      <object_component id="oc-c5">
         <name>.text</name>
         <load_address>0xbf42</load_address>
         <run_address>0xbf42</run_address>
         <size>0x93</size>
         <input_file_ref idref="fl-b"/>
      </object_component>
      <object_component id="oc-1d0">
         <name>.text:__TI_auto_init_nobinit_nopinit</name>
         <load_address>0xbfd5</load_address>
         <run_address>0xbfd5</run_address>
         <size>0x2b</size>
         <input_file_ref idref="fl-2c"/>
      </object_component>
      <object_component id="oc-10b">
         <name>.text</name>
         <load_address>0xc000</load_address>
         <run_address>0xc000</run_address>
         <size>0xb37</size>
         <input_file_ref idref="fl-d"/>
      </object_component>
      <object_component id="oc-26d">
         <name>.text</name>
         <load_address>0xcb37</load_address>
         <run_address>0xcb37</run_address>
         <size>0x143</size>
         <input_file_ref idref="fl-11"/>
      </object_component>
      <object_component id="oc-2d0">
         <name>.text</name>
         <load_address>0xcc7a</load_address>
         <run_address>0xcc7a</run_address>
         <size>0xf0</size>
         <input_file_ref idref="fl-2"/>
      </object_component>
      <object_component id="oc-273">
         <name>.text</name>
         <load_address>0xcd6a</load_address>
         <run_address>0xcd6a</run_address>
         <size>0x6e</size>
         <input_file_ref idref="fl-13"/>
      </object_component>
      <object_component id="oc-261">
         <name>.text</name>
         <load_address>0xcdd8</load_address>
         <run_address>0xcdd8</run_address>
         <size>0x4e</size>
         <input_file_ref idref="fl-15"/>
      </object_component>
      <object_component id="oc-267">
         <name>.text</name>
         <load_address>0xce26</load_address>
         <run_address>0xce26</run_address>
         <size>0x3c</size>
         <input_file_ref idref="fl-f"/>
      </object_component>
      <object_component id="oc-9b">
         <name>.text:decompress:lzss</name>
         <load_address>0xce62</load_address>
         <run_address>0xce62</run_address>
         <size>0x31</size>
         <input_file_ref idref="fl-2f"/>
      </object_component>
      <object_component id="oc-16e">
         <name>.text</name>
         <load_address>0xce93</load_address>
         <run_address>0xce93</run_address>
         <size>0x29</size>
         <input_file_ref idref="fl-30"/>
      </object_component>
      <object_component id="oc-255">
         <name>.text</name>
         <load_address>0xcebc</load_address>
         <run_address>0xcebc</run_address>
         <size>0x28</size>
         <input_file_ref idref="fl-7"/>
      </object_component>
      <object_component id="oc-25b">
         <name>.text</name>
         <load_address>0xcee4</load_address>
         <run_address>0xcee4</run_address>
         <size>0x26</size>
         <input_file_ref idref="fl-8"/>
      </object_component>
      <object_component id="oc-ce">
         <name>.text</name>
         <load_address>0xcf0a</load_address>
         <run_address>0xcf0a</run_address>
         <size>0x1d</size>
         <input_file_ref idref="fl-35"/>
      </object_component>
      <object_component id="oc-e2">
         <name>.text</name>
         <load_address>0xcf27</load_address>
         <run_address>0xcf27</run_address>
         <size>0x17</size>
         <input_file_ref idref="fl-2a"/>
      </object_component>
      <object_component id="oc-168">
         <name>.text</name>
         <load_address>0xcf3e</load_address>
         <run_address>0xcf3e</run_address>
         <size>0xc</size>
         <input_file_ref idref="fl-32"/>
      </object_component>
      <object_component id="oc-289">
         <name>.text</name>
         <load_address>0xcf4a</load_address>
         <run_address>0xcf4a</run_address>
         <size>0x9</size>
         <input_file_ref idref="fl-31"/>
      </object_component>
      <object_component id="oc-a1">
         <name>.text:decompress:none</name>
         <load_address>0xcf53</load_address>
         <run_address>0xcf53</run_address>
         <size>0x8</size>
         <input_file_ref idref="fl-2e"/>
      </object_component>
      <object_component id="oc-15a">
         <name>.text</name>
         <load_address>0xcf5b</load_address>
         <run_address>0xcf5b</run_address>
         <size>0x7</size>
         <input_file_ref idref="fl-33"/>
      </object_component>
      <object_component id="oc-dc">
         <name>.text:decompress:ZI</name>
         <load_address>0xcf62</load_address>
         <run_address>0xcf62</run_address>
         <size>0x6</size>
         <input_file_ref idref="fl-2d"/>
      </object_component>
      <object_component id="oc-161">
         <name>.text</name>
         <load_address>0xcf68</load_address>
         <run_address>0xcf68</run_address>
         <size>0x2</size>
         <input_file_ref idref="fl-2b"/>
      </object_component>
      <object_component id="oc-234">
         <name>.text</name>
         <load_address>0xcf6a</load_address>
         <run_address>0xcf6a</run_address>
         <size>0x1</size>
         <input_file_ref idref="fl-36"/>
      </object_component>
      <object_component id="oc-3d7">
         <name>.cinit..data.load</name>
         <load_address>0x124</load_address>
         <run_address>0x124</run_address>
         <size>0x18</size>
      </object_component>
      <object_component id="oc-3d4">
         <name>__TI_handler_table</name>
         <load_address>0x13c</load_address>
         <run_address>0x13c</run_address>
         <size>0x6</size>
      </object_component>
      <object_component id="oc-3d6">
         <name>.cinit..bss.load</name>
         <load_address>0x142</load_address>
         <run_address>0x142</run_address>
         <size>0x4</size>
      </object_component>
      <object_component id="oc-3db">
         <name>.cinit..scratchpad.load</name>
         <load_address>0x146</load_address>
         <run_address>0x146</run_address>
         <size>0x4</size>
      </object_component>
      <object_component id="oc-3d8">
         <name>.cinit.Cla1ToCpuMsgRAM.load</name>
         <load_address>0x14a</load_address>
         <run_address>0x14a</run_address>
         <size>0x4</size>
      </object_component>
      <object_component id="oc-3d9">
         <name>.cinit.CpuToCla1MsgRAM.load</name>
         <load_address>0x14e</load_address>
         <run_address>0x14e</run_address>
         <size>0x4</size>
      </object_component>
      <object_component id="oc-3da">
         <name>.cinit.Test_memory.load</name>
         <load_address>0x152</load_address>
         <run_address>0x152</run_address>
         <size>0x4</size>
      </object_component>
      <object_component id="oc-3d5">
         <name>__TI_cinit_table</name>
         <load_address>0x158</load_address>
         <run_address>0x158</run_address>
         <size>0x18</size>
      </object_component>
      <object_component id="oc-cb">
         <name>.stack</name>
         <uninitialized>true</uninitialized>
         <run_address>0x400</run_address>
         <size>0x0</size>
         <input_file_ref idref="fl-2a"/>
      </object_component>
      <object_component id="oc-3dc">
         <name>.stack</name>
         <uninitialized>true</uninitialized>
         <run_address>0x400</run_address>
         <size>0x0</size>
      </object_component>
      <object_component id="oc-188">
         <name>.bss</name>
         <uninitialized>true</uninitialized>
         <run_address>0xe000</run_address>
         <size>0x20</size>
         <input_file_ref idref="fl-d"/>
      </object_component>
      <object_component id="oc-18e">
         <name>.bss</name>
         <uninitialized>true</uninitialized>
         <run_address>0xe020</run_address>
         <size>0x1a</size>
         <input_file_ref idref="fl-15"/>
      </object_component>
      <object_component id="oc-bc">
         <name>.const</name>
         <load_address>0xf000</load_address>
         <run_address>0xf000</run_address>
         <size>0x1c0</size>
         <input_file_ref idref="fl-8"/>
      </object_component>
      <object_component id="oc-f9">
         <name>.data</name>
         <load_address>0xf1d8</load_address>
         <run_address>0xf1d8</run_address>
         <size>0x1</size>
         <input_file_ref idref="fl-b"/>
      </object_component>
      <object_component id="oc-ff">
         <name>.data</name>
         <load_address>0xf1c0</load_address>
         <run_address>0xf1c0</run_address>
         <size>0xa</size>
         <input_file_ref idref="fl-d"/>
      </object_component>
      <object_component id="oc-102">
         <name>.data</name>
         <load_address>0xf1d0</load_address>
         <run_address>0xf1d0</run_address>
         <size>0x4</size>
         <input_file_ref idref="fl-15"/>
      </object_component>
      <object_component id="oc-208">
         <name>.data</name>
         <load_address>0xf1ca</load_address>
         <run_address>0xf1ca</run_address>
         <size>0x6</size>
         <input_file_ref idref="fl-30"/>
      </object_component>
      <object_component id="oc-20b">
         <name>.data:_lock</name>
         <load_address>0xf1d4</load_address>
         <run_address>0xf1d4</run_address>
         <size>0x2</size>
         <input_file_ref idref="fl-31"/>
      </object_component>
      <object_component id="oc-2e4">
         <name>.data:_unlock</name>
         <load_address>0xf1d6</load_address>
         <run_address>0xf1d6</run_address>
         <size>0x2</size>
         <input_file_ref idref="fl-31"/>
      </object_component>
      <object_component id="oc-11f">
         <name>Cla1Prog:Cla1Task1</name>
         <load_address>0x8000</load_address>
         <run_address>0x8000</run_address>
         <size>0x10e</size>
         <input_file_ref idref="fl-e"/>
      </object_component>
      <object_component id="oc-149">
         <name>Cla1Prog:Cla1Task8</name>
         <load_address>0x810e</load_address>
         <run_address>0x810e</run_address>
         <size>0x4e</size>
         <input_file_ref idref="fl-e"/>
      </object_component>
      <object_component id="oc-1b8">
         <name>Cla1Prog:_CLAsin</name>
         <load_address>0x815c</load_address>
         <run_address>0x815c</run_address>
         <size>0x38</size>
         <input_file_ref idref="fl-1e"/>
      </object_component>
      <object_component id="oc-1b3">
         <name>Cla1Prog:_CLAdiv</name>
         <load_address>0x8194</load_address>
         <run_address>0x8194</run_address>
         <size>0x1a</size>
         <input_file_ref idref="fl-1d"/>
      </object_component>
      <object_component id="oc-125">
         <name>Cla1Prog:Cla1Task2</name>
         <load_address>0x81ae</load_address>
         <run_address>0x81ae</run_address>
         <size>0x8</size>
         <input_file_ref idref="fl-e"/>
      </object_component>
      <object_component id="oc-12b">
         <name>Cla1Prog:Cla1Task3</name>
         <load_address>0x81b6</load_address>
         <run_address>0x81b6</run_address>
         <size>0x8</size>
         <input_file_ref idref="fl-e"/>
      </object_component>
      <object_component id="oc-131">
         <name>Cla1Prog:Cla1Task4</name>
         <load_address>0x81be</load_address>
         <run_address>0x81be</run_address>
         <size>0x8</size>
         <input_file_ref idref="fl-e"/>
      </object_component>
      <object_component id="oc-137">
         <name>Cla1Prog:Cla1Task5</name>
         <load_address>0x81c6</load_address>
         <run_address>0x81c6</run_address>
         <size>0x8</size>
         <input_file_ref idref="fl-e"/>
      </object_component>
      <object_component id="oc-13d">
         <name>Cla1Prog:Cla1Task6</name>
         <load_address>0x81ce</load_address>
         <run_address>0x81ce</run_address>
         <size>0x8</size>
         <input_file_ref idref="fl-e"/>
      </object_component>
      <object_component id="oc-143">
         <name>Cla1Prog:Cla1Task7</name>
         <load_address>0x81d6</load_address>
         <run_address>0x81d6</run_address>
         <size>0x8</size>
         <input_file_ref idref="fl-e"/>
      </object_component>
      <object_component id="oc-f6">
         <name>Cla1ToCpuMsgRAM</name>
         <uninitialized>true</uninitialized>
         <run_address>0x1480</run_address>
         <size>0x22</size>
         <input_file_ref idref="fl-b"/>
      </object_component>
      <object_component id="oc-f3">
         <name>CpuToCla1MsgRAM</name>
         <uninitialized>true</uninitialized>
         <run_address>0x1500</run_address>
         <size>0x6</size>
         <input_file_ref idref="fl-b"/>
      </object_component>
      <object_component id="oc-108">
         <name>Test_memory</name>
         <uninitialized>true</uninitialized>
         <run_address>0x14000</run_address>
         <size>0x2000</size>
         <input_file_ref idref="fl-b"/>
      </object_component>
      <object_component id="oc-227">
         <name>.scratchpad:Cla1Prog:_CLAdiv</name>
         <uninitialized>true</uninitialized>
         <run_address>0xa100</run_address>
         <size>0x4</size>
         <input_file_ref idref="fl-1d"/>
      </object_component>
      <object_component id="oc-229">
         <name>.scratchpad:Cla1Prog:_CLAsin</name>
         <uninitialized>true</uninitialized>
         <run_address>0xa100</run_address>
         <size>0x2</size>
         <input_file_ref idref="fl-1e"/>
      </object_component>
      <object_component id="oc-31a">
         <name>.debug_types</name>
         <load_address>0x0</load_address>
         <run_address>0x0</run_address>
         <size>0x52e6</size>
         <input_file_ref idref="fl-2"/>
      </object_component>
      <object_component id="oc-e9">
         <name>.debug_types</name>
         <load_address>0x0</load_address>
         <run_address>0x0</run_address>
         <size>0x0</size>
         <input_file_ref idref="fl-4"/>
      </object_component>
      <object_component id="oc-17d">
         <name>.debug_types</name>
         <load_address>0x52e6</load_address>
         <run_address>0x52e6</run_address>
         <size>0x5accc</size>
         <input_file_ref idref="fl-5"/>
      </object_component>
      <object_component id="oc-2c0">
         <name>.debug_types</name>
         <load_address>0x5ffb2</load_address>
         <run_address>0x5ffb2</run_address>
         <size>0x5a</size>
         <input_file_ref idref="fl-6"/>
      </object_component>
      <object_component id="oc-2c2">
         <name>.debug_types</name>
         <load_address>0x0</load_address>
         <run_address>0x0</run_address>
         <size>0x0</size>
         <input_file_ref idref="fl-7"/>
      </object_component>
      <object_component id="oc-ec">
         <name>.debug_types</name>
         <load_address>0x6000c</load_address>
         <run_address>0x6000c</run_address>
         <size>0x5a</size>
         <input_file_ref idref="fl-8"/>
      </object_component>
      <object_component id="oc-2b8">
         <name>.debug_types</name>
         <load_address>0x60066</load_address>
         <run_address>0x60066</run_address>
         <size>0x2f</size>
         <input_file_ref idref="fl-9"/>
      </object_component>
      <object_component id="oc-112">
         <name>.debug_types</name>
         <load_address>0x60095</load_address>
         <run_address>0x60095</run_address>
         <size>0x93d</size>
         <input_file_ref idref="fl-b"/>
      </object_component>
      <object_component id="oc-283">
         <name>.debug_types</name>
         <load_address>0x0</load_address>
         <run_address>0x0</run_address>
         <size>0x0</size>
         <input_file_ref idref="fl-c"/>
      </object_component>
      <object_component id="oc-18d">
         <name>.debug_types</name>
         <load_address>0x0</load_address>
         <run_address>0x0</run_address>
         <size>0x0</size>
         <input_file_ref idref="fl-d"/>
      </object_component>
      <object_component id="oc-1be">
         <name>.debug_types</name>
         <load_address>0x609d2</load_address>
         <run_address>0x609d2</run_address>
         <size>0xe5</size>
         <input_file_ref idref="fl-e"/>
      </object_component>
      <object_component id="oc-2c6">
         <name>.debug_types</name>
         <load_address>0x0</load_address>
         <run_address>0x0</run_address>
         <size>0x0</size>
         <input_file_ref idref="fl-f"/>
      </object_component>
      <object_component id="oc-2d7">
         <name>.debug_types</name>
         <load_address>0x0</load_address>
         <run_address>0x0</run_address>
         <size>0x0</size>
         <input_file_ref idref="fl-11"/>
      </object_component>
      <object_component id="oc-2dc">
         <name>.debug_types</name>
         <load_address>0x0</load_address>
         <run_address>0x0</run_address>
         <size>0x0</size>
         <input_file_ref idref="fl-13"/>
      </object_component>
      <object_component id="oc-2de">
         <name>.debug_types</name>
         <load_address>0x0</load_address>
         <run_address>0x0</run_address>
         <size>0x0</size>
         <input_file_ref idref="fl-14"/>
      </object_component>
      <object_component id="oc-193">
         <name>.debug_types</name>
         <load_address>0x60ab7</load_address>
         <run_address>0x60ab7</run_address>
         <size>0x1bf</size>
         <input_file_ref idref="fl-15"/>
      </object_component>
      <object_component id="oc-1cf">
         <name>.debug_types</name>
         <load_address>0x0</load_address>
         <run_address>0x0</run_address>
         <size>0x0</size>
         <input_file_ref idref="fl-2b"/>
      </object_component>
      <object_component id="oc-23b">
         <name>.debug_types</name>
         <load_address>0x60c76</load_address>
         <run_address>0x60c76</run_address>
         <size>0x4f5</size>
         <input_file_ref idref="fl-2c"/>
      </object_component>
      <object_component id="oc-159">
         <name>.debug_types</name>
         <load_address>0x6116b</load_address>
         <run_address>0x6116b</run_address>
         <size>0x1f3</size>
         <input_file_ref idref="fl-2d"/>
      </object_component>
      <object_component id="oc-d5">
         <name>.debug_types</name>
         <load_address>0x0</load_address>
         <run_address>0x0</run_address>
         <size>0x0</size>
         <input_file_ref idref="fl-2e"/>
      </object_component>
      <object_component id="oc-cd">
         <name>.debug_types</name>
         <load_address>0x6135e</load_address>
         <run_address>0x6135e</run_address>
         <size>0x191</size>
         <input_file_ref idref="fl-2f"/>
      </object_component>
      <object_component id="oc-20f">
         <name>.debug_types</name>
         <load_address>0x614ef</load_address>
         <run_address>0x614ef</run_address>
         <size>0xbf</size>
         <input_file_ref idref="fl-30"/>
      </object_component>
      <object_component id="oc-291">
         <name>.debug_types</name>
         <load_address>0x615ae</load_address>
         <run_address>0x615ae</run_address>
         <size>0x2f</size>
         <input_file_ref idref="fl-31"/>
      </object_component>
      <object_component id="oc-207">
         <name>.debug_types</name>
         <load_address>0x615dd</load_address>
         <run_address>0x615dd</run_address>
         <size>0xe1</size>
         <input_file_ref idref="fl-32"/>
      </object_component>
      <object_component id="oc-1cd">
         <name>.debug_types</name>
         <load_address>0x616be</load_address>
         <run_address>0x616be</run_address>
         <size>0x2f</size>
         <input_file_ref idref="fl-33"/>
      </object_component>
      <object_component id="oc-154">
         <name>.debug_types</name>
         <load_address>0x616ed</load_address>
         <run_address>0x616ed</run_address>
         <size>0x89</size>
         <input_file_ref idref="fl-35"/>
      </object_component>
      <object_component id="oc-296">
         <name>.debug_types</name>
         <load_address>0x0</load_address>
         <run_address>0x0</run_address>
         <size>0x0</size>
         <input_file_ref idref="fl-36"/>
      </object_component>
      <object_component id="oc-2d1">
         <name>.debug_info</name>
         <load_address>0x0</load_address>
         <run_address>0x0</run_address>
         <size>0x372</size>
         <input_file_ref idref="fl-2"/>
      </object_component>
      <object_component id="oc-a9">
         <name>.debug_info</name>
         <load_address>0x372</load_address>
         <run_address>0x372</run_address>
         <size>0x1d7</size>
         <input_file_ref idref="fl-3"/>
      </object_component>
      <object_component id="oc-b7">
         <name>.debug_info</name>
         <load_address>0x549</load_address>
         <run_address>0x549</run_address>
         <size>0x52e3</size>
         <input_file_ref idref="fl-4"/>
      </object_component>
      <object_component id="oc-2a3">
         <name>.debug_info</name>
         <load_address>0x582c</load_address>
         <run_address>0x582c</run_address>
         <size>0x196</size>
         <input_file_ref idref="fl-5"/>
      </object_component>
      <object_component id="oc-2ac">
         <name>.debug_info</name>
         <load_address>0x59c2</load_address>
         <run_address>0x59c2</run_address>
         <size>0x184</size>
         <input_file_ref idref="fl-5"/>
      </object_component>
      <object_component id="oc-2af">
         <name>.debug_info</name>
         <load_address>0x5b46</load_address>
         <run_address>0x5b46</run_address>
         <size>0x184</size>
         <input_file_ref idref="fl-5"/>
      </object_component>
      <object_component id="oc-11a">
         <name>.debug_info</name>
         <load_address>0x5cca</load_address>
         <run_address>0x5cca</run_address>
         <size>0x18a</size>
         <input_file_ref idref="fl-5"/>
      </object_component>
      <object_component id="oc-f1">
         <name>.debug_info</name>
         <load_address>0x5e54</load_address>
         <run_address>0x5e54</run_address>
         <size>0x180</size>
         <input_file_ref idref="fl-5"/>
      </object_component>
      <object_component id="oc-2bd">
         <name>.debug_info</name>
         <load_address>0x5fd4</load_address>
         <run_address>0x5fd4</run_address>
         <size>0x184</size>
         <input_file_ref idref="fl-5"/>
      </object_component>
      <object_component id="oc-2b2">
         <name>.debug_info</name>
         <load_address>0x6158</load_address>
         <run_address>0x6158</run_address>
         <size>0x17e</size>
         <input_file_ref idref="fl-5"/>
      </object_component>
      <object_component id="oc-2b5">
         <name>.debug_info</name>
         <load_address>0x62d6</load_address>
         <run_address>0x62d6</run_address>
         <size>0x17e</size>
         <input_file_ref idref="fl-5"/>
      </object_component>
      <object_component id="oc-2a6">
         <name>.debug_info</name>
         <load_address>0x6454</load_address>
         <run_address>0x6454</run_address>
         <size>0x176</size>
         <input_file_ref idref="fl-5"/>
      </object_component>
      <object_component id="oc-fd">
         <name>.debug_info</name>
         <load_address>0x65ca</load_address>
         <run_address>0x65ca</run_address>
         <size>0x182</size>
         <input_file_ref idref="fl-5"/>
      </object_component>
      <object_component id="oc-2a9">
         <name>.debug_info</name>
         <load_address>0x674c</load_address>
         <run_address>0x674c</run_address>
         <size>0x17e</size>
         <input_file_ref idref="fl-5"/>
      </object_component>
      <object_component id="oc-2a0">
         <name>.debug_info</name>
         <load_address>0x68ca</load_address>
         <run_address>0x68ca</run_address>
         <size>0x189</size>
         <input_file_ref idref="fl-5"/>
      </object_component>
      <object_component id="oc-117">
         <name>.debug_info</name>
         <load_address>0x6a53</load_address>
         <run_address>0x6a53</run_address>
         <size>0x179</size>
         <input_file_ref idref="fl-5"/>
      </object_component>
      <object_component id="oc-114">
         <name>.debug_info</name>
         <load_address>0x6bcc</load_address>
         <run_address>0x6bcc</run_address>
         <size>0x17e</size>
         <input_file_ref idref="fl-5"/>
      </object_component>
      <object_component id="oc-2c8">
         <name>.debug_info</name>
         <load_address>0x6d4a</load_address>
         <run_address>0x6d4a</run_address>
         <size>0x179</size>
         <input_file_ref idref="fl-5"/>
      </object_component>
      <object_component id="oc-2cb">
         <name>.debug_info</name>
         <load_address>0x6ec3</load_address>
         <run_address>0x6ec3</run_address>
         <size>0x179</size>
         <input_file_ref idref="fl-5"/>
      </object_component>
      <object_component id="oc-2ce">
         <name>.debug_info</name>
         <load_address>0x703c</load_address>
         <run_address>0x703c</run_address>
         <size>0x179</size>
         <input_file_ref idref="fl-5"/>
      </object_component>
      <object_component id="oc-ee">
         <name>.debug_info</name>
         <load_address>0x71b5</load_address>
         <run_address>0x71b5</run_address>
         <size>0x179</size>
         <input_file_ref idref="fl-5"/>
      </object_component>
      <object_component id="oc-280">
         <name>.debug_info</name>
         <load_address>0x732e</load_address>
         <run_address>0x732e</run_address>
         <size>0x17e</size>
         <input_file_ref idref="fl-5"/>
      </object_component>
      <object_component id="oc-106">
         <name>.debug_info</name>
         <load_address>0x74ac</load_address>
         <run_address>0x74ac</run_address>
         <size>0x17c</size>
         <input_file_ref idref="fl-5"/>
      </object_component>
      <object_component id="oc-199">
         <name>.debug_info</name>
         <load_address>0x7628</load_address>
         <run_address>0x7628</run_address>
         <size>0x17c</size>
         <input_file_ref idref="fl-5"/>
      </object_component>
      <object_component id="oc-19c">
         <name>.debug_info</name>
         <load_address>0x77a4</load_address>
         <run_address>0x77a4</run_address>
         <size>0x17c</size>
         <input_file_ref idref="fl-5"/>
      </object_component>
      <object_component id="oc-19f">
         <name>.debug_info</name>
         <load_address>0x7920</load_address>
         <run_address>0x7920</run_address>
         <size>0x17c</size>
         <input_file_ref idref="fl-5"/>
      </object_component>
      <object_component id="oc-2d9">
         <name>.debug_info</name>
         <load_address>0x7a9c</load_address>
         <run_address>0x7a9c</run_address>
         <size>0x17c</size>
         <input_file_ref idref="fl-5"/>
      </object_component>
      <object_component id="oc-1a2">
         <name>.debug_info</name>
         <load_address>0x7c18</load_address>
         <run_address>0x7c18</run_address>
         <size>0x17c</size>
         <input_file_ref idref="fl-5"/>
      </object_component>
      <object_component id="oc-1a5">
         <name>.debug_info</name>
         <load_address>0x7d94</load_address>
         <run_address>0x7d94</run_address>
         <size>0x17c</size>
         <input_file_ref idref="fl-5"/>
      </object_component>
      <object_component id="oc-29d">
         <name>.debug_info</name>
         <load_address>0x7f10</load_address>
         <run_address>0x7f10</run_address>
         <size>0x17e</size>
         <input_file_ref idref="fl-5"/>
      </object_component>
      <object_component id="oc-2ba">
         <name>.debug_info</name>
         <load_address>0x808e</load_address>
         <run_address>0x808e</run_address>
         <size>0x182</size>
         <input_file_ref idref="fl-5"/>
      </object_component>
      <object_component id="oc-11d">
         <name>.debug_info</name>
         <load_address>0x8210</load_address>
         <run_address>0x8210</run_address>
         <size>0x182</size>
         <input_file_ref idref="fl-5"/>
      </object_component>
      <object_component id="oc-252">
         <name>.debug_info</name>
         <load_address>0x8392</load_address>
         <run_address>0x8392</run_address>
         <size>0xfc2</size>
         <input_file_ref idref="fl-6"/>
      </object_component>
      <object_component id="oc-258">
         <name>.debug_info</name>
         <load_address>0x9354</load_address>
         <run_address>0x9354</run_address>
         <size>0x291</size>
         <input_file_ref idref="fl-7"/>
      </object_component>
      <object_component id="oc-bd">
         <name>.debug_info</name>
         <load_address>0x95e5</load_address>
         <run_address>0x95e5</run_address>
         <size>0x17f</size>
         <input_file_ref idref="fl-8"/>
      </object_component>
      <object_component id="oc-25d">
         <name>.debug_info</name>
         <load_address>0x9764</load_address>
         <run_address>0x9764</run_address>
         <size>0x22b</size>
         <input_file_ref idref="fl-8"/>
      </object_component>
      <object_component id="oc-24a">
         <name>.debug_info</name>
         <load_address>0x998f</load_address>
         <run_address>0x998f</run_address>
         <size>0x12fb</size>
         <input_file_ref idref="fl-9"/>
      </object_component>
      <object_component id="oc-fa">
         <name>.debug_info</name>
         <load_address>0xac8a</load_address>
         <run_address>0xac8a</run_address>
         <size>0x162</size>
         <input_file_ref idref="fl-b"/>
      </object_component>
      <object_component id="oc-f4">
         <name>.debug_info</name>
         <load_address>0xadec</load_address>
         <run_address>0xadec</run_address>
         <size>0x190</size>
         <input_file_ref idref="fl-b"/>
      </object_component>
      <object_component id="oc-f7">
         <name>.debug_info</name>
         <load_address>0xaf7c</load_address>
         <run_address>0xaf7c</run_address>
         <size>0x1be</size>
         <input_file_ref idref="fl-b"/>
      </object_component>
      <object_component id="oc-109">
         <name>.debug_info</name>
         <load_address>0xb13a</load_address>
         <run_address>0xb13a</run_address>
         <size>0x17a</size>
         <input_file_ref idref="fl-b"/>
      </object_component>
      <object_component id="oc-c9">
         <name>.debug_info</name>
         <load_address>0xb2b4</load_address>
         <run_address>0xb2b4</run_address>
         <size>0x32f</size>
         <input_file_ref idref="fl-b"/>
      </object_component>
      <object_component id="oc-c3">
         <name>.debug_info</name>
         <load_address>0xb5e3</load_address>
         <run_address>0xb5e3</run_address>
         <size>0x6af</size>
         <input_file_ref idref="fl-b"/>
      </object_component>
      <object_component id="oc-201">
         <name>.debug_info</name>
         <load_address>0xbc92</load_address>
         <run_address>0xbc92</run_address>
         <size>0x3c4</size>
         <input_file_ref idref="fl-c"/>
      </object_component>
      <object_component id="oc-100">
         <name>.debug_info</name>
         <load_address>0xc056</load_address>
         <run_address>0xc056</run_address>
         <size>0x1ff</size>
         <input_file_ref idref="fl-d"/>
      </object_component>
      <object_component id="oc-189">
         <name>.debug_info</name>
         <load_address>0xc255</load_address>
         <run_address>0xc255</run_address>
         <size>0x221</size>
         <input_file_ref idref="fl-d"/>
      </object_component>
      <object_component id="oc-10c">
         <name>.debug_info</name>
         <load_address>0xc476</load_address>
         <run_address>0xc476</run_address>
         <size>0x8b1</size>
         <input_file_ref idref="fl-d"/>
      </object_component>
      <object_component id="oc-121">
         <name>.debug_info</name>
         <load_address>0xcd27</load_address>
         <run_address>0xcd27</run_address>
         <size>0x2d6</size>
         <input_file_ref idref="fl-e"/>
      </object_component>
      <object_component id="oc-126">
         <name>.debug_info</name>
         <load_address>0xcffd</load_address>
         <run_address>0xcffd</run_address>
         <size>0x216</size>
         <input_file_ref idref="fl-e"/>
      </object_component>
      <object_component id="oc-12e">
         <name>.debug_info</name>
         <load_address>0xd213</load_address>
         <run_address>0xd213</run_address>
         <size>0x216</size>
         <input_file_ref idref="fl-e"/>
      </object_component>
      <object_component id="oc-134">
         <name>.debug_info</name>
         <load_address>0xd429</load_address>
         <run_address>0xd429</run_address>
         <size>0x216</size>
         <input_file_ref idref="fl-e"/>
      </object_component>
      <object_component id="oc-139">
         <name>.debug_info</name>
         <load_address>0xd63f</load_address>
         <run_address>0xd63f</run_address>
         <size>0x216</size>
         <input_file_ref idref="fl-e"/>
      </object_component>
      <object_component id="oc-140">
         <name>.debug_info</name>
         <load_address>0xd855</load_address>
         <run_address>0xd855</run_address>
         <size>0x216</size>
         <input_file_ref idref="fl-e"/>
      </object_component>
      <object_component id="oc-146">
         <name>.debug_info</name>
         <load_address>0xda6b</load_address>
         <run_address>0xda6b</run_address>
         <size>0x216</size>
         <input_file_ref idref="fl-e"/>
      </object_component>
      <object_component id="oc-14d">
         <name>.debug_info</name>
         <load_address>0xdc81</load_address>
         <run_address>0xdc81</run_address>
         <size>0x216</size>
         <input_file_ref idref="fl-e"/>
      </object_component>
      <object_component id="oc-269">
         <name>.debug_info</name>
         <load_address>0xde97</load_address>
         <run_address>0xde97</run_address>
         <size>0x223</size>
         <input_file_ref idref="fl-f"/>
      </object_component>
      <object_component id="oc-270">
         <name>.debug_info</name>
         <load_address>0xe0ba</load_address>
         <run_address>0xe0ba</run_address>
         <size>0x24f</size>
         <input_file_ref idref="fl-11"/>
      </object_component>
      <object_component id="oc-276">
         <name>.debug_info</name>
         <load_address>0xe309</load_address>
         <run_address>0xe309</run_address>
         <size>0x237</size>
         <input_file_ref idref="fl-13"/>
      </object_component>
      <object_component id="oc-27c">
         <name>.debug_info</name>
         <load_address>0xe540</load_address>
         <run_address>0xe540</run_address>
         <size>0x9d0</size>
         <input_file_ref idref="fl-14"/>
      </object_component>
      <object_component id="oc-103">
         <name>.debug_info</name>
         <load_address>0xef10</load_address>
         <run_address>0xef10</run_address>
         <size>0x1ba</size>
         <input_file_ref idref="fl-15"/>
      </object_component>
      <object_component id="oc-18f">
         <name>.debug_info</name>
         <load_address>0xf0ca</load_address>
         <run_address>0xf0ca</run_address>
         <size>0x1b6</size>
         <input_file_ref idref="fl-15"/>
      </object_component>
      <object_component id="oc-263">
         <name>.debug_info</name>
         <load_address>0xf280</load_address>
         <run_address>0xf280</run_address>
         <size>0x219</size>
         <input_file_ref idref="fl-15"/>
      </object_component>
      <object_component id="oc-1b4">
         <name>.debug_info</name>
         <load_address>0xf499</load_address>
         <run_address>0xf499</run_address>
         <size>0x138</size>
         <input_file_ref idref="fl-1d"/>
      </object_component>
      <object_component id="oc-1ba">
         <name>.debug_info</name>
         <load_address>0xf5d1</load_address>
         <run_address>0xf5d1</run_address>
         <size>0x138</size>
         <input_file_ref idref="fl-1e"/>
      </object_component>
      <object_component id="oc-e5">
         <name>.debug_info</name>
         <load_address>0xf709</load_address>
         <run_address>0xf709</run_address>
         <size>0x159</size>
         <input_file_ref idref="fl-2a"/>
      </object_component>
      <object_component id="oc-164">
         <name>.debug_info</name>
         <load_address>0xf862</load_address>
         <run_address>0xf862</run_address>
         <size>0x14e</size>
         <input_file_ref idref="fl-2b"/>
      </object_component>
      <object_component id="oc-1d1">
         <name>.debug_info</name>
         <load_address>0xf9b0</load_address>
         <run_address>0xf9b0</run_address>
         <size>0x1c0</size>
         <input_file_ref idref="fl-2c"/>
      </object_component>
      <object_component id="oc-e0">
         <name>.debug_info</name>
         <load_address>0xfb70</load_address>
         <run_address>0xfb70</run_address>
         <size>0x1a0</size>
         <input_file_ref idref="fl-2d"/>
      </object_component>
      <object_component id="oc-a5">
         <name>.debug_info</name>
         <load_address>0xfd10</load_address>
         <run_address>0xfd10</run_address>
         <size>0x1b8</size>
         <input_file_ref idref="fl-2e"/>
      </object_component>
      <object_component id="oc-9c">
         <name>.debug_info</name>
         <load_address>0xfec8</load_address>
         <run_address>0xfec8</run_address>
         <size>0x20d</size>
         <input_file_ref idref="fl-2f"/>
      </object_component>
      <object_component id="oc-209">
         <name>.debug_info</name>
         <load_address>0x100d5</load_address>
         <run_address>0x100d5</run_address>
         <size>0x19f</size>
         <input_file_ref idref="fl-30"/>
      </object_component>
      <object_component id="oc-16f">
         <name>.debug_info</name>
         <load_address>0x10274</load_address>
         <run_address>0x10274</run_address>
         <size>0x1aa</size>
         <input_file_ref idref="fl-30"/>
      </object_component>
      <object_component id="oc-20c">
         <name>.debug_info</name>
         <load_address>0x1041e</load_address>
         <run_address>0x1041e</run_address>
         <size>0x108</size>
         <input_file_ref idref="fl-31"/>
      </object_component>
      <object_component id="oc-2e5">
         <name>.debug_info</name>
         <load_address>0x10526</load_address>
         <run_address>0x10526</run_address>
         <size>0x10c</size>
         <input_file_ref idref="fl-31"/>
      </object_component>
      <object_component id="oc-28a">
         <name>.debug_info</name>
         <load_address>0x10632</load_address>
         <run_address>0x10632</run_address>
         <size>0x204</size>
         <input_file_ref idref="fl-31"/>
      </object_component>
      <object_component id="oc-16c">
         <name>.debug_info</name>
         <load_address>0x10836</load_address>
         <run_address>0x10836</run_address>
         <size>0x15e</size>
         <input_file_ref idref="fl-32"/>
      </object_component>
      <object_component id="oc-15c">
         <name>.debug_info</name>
         <load_address>0x10994</load_address>
         <run_address>0x10994</run_address>
         <size>0x209</size>
         <input_file_ref idref="fl-33"/>
      </object_component>
      <object_component id="oc-d0">
         <name>.debug_info</name>
         <load_address>0x10b9d</load_address>
         <run_address>0x10b9d</run_address>
         <size>0x19c</size>
         <input_file_ref idref="fl-35"/>
      </object_component>
      <object_component id="oc-235">
         <name>.debug_info</name>
         <load_address>0x10d39</load_address>
         <run_address>0x10d39</run_address>
         <size>0x148</size>
         <input_file_ref idref="fl-36"/>
      </object_component>
      <object_component id="oc-3e0">
         <name>.debug_info</name>
         <load_address>0x10e81</load_address>
         <run_address>0x10e81</run_address>
         <size>0xdc</size>
      </object_component>
      <object_component id="oc-2d4">
         <name>.debug_line</name>
         <load_address>0x0</load_address>
         <run_address>0x0</run_address>
         <size>0x161</size>
         <input_file_ref idref="fl-2"/>
      </object_component>
      <object_component id="oc-329">
         <name>.debug_line</name>
         <load_address>0x161</load_address>
         <run_address>0x161</run_address>
         <size>0x8a</size>
         <input_file_ref idref="fl-2"/>
      </object_component>
      <object_component id="oc-ac">
         <name>.debug_line</name>
         <load_address>0x1eb</load_address>
         <run_address>0x1eb</run_address>
         <size>0xa2</size>
         <input_file_ref idref="fl-3"/>
      </object_component>
      <object_component id="oc-ba">
         <name>.debug_line</name>
         <load_address>0x28d</load_address>
         <run_address>0x28d</run_address>
         <size>0xd34</size>
         <input_file_ref idref="fl-4"/>
      </object_component>
      <object_component id="oc-176">
         <name>.debug_line</name>
         <load_address>0xfc1</load_address>
         <run_address>0xfc1</run_address>
         <size>0x21</size>
         <input_file_ref idref="fl-4"/>
      </object_component>
      <object_component id="oc-2f6">
         <name>.debug_line</name>
         <load_address>0xfe2</load_address>
         <run_address>0xfe2</run_address>
         <size>0x98</size>
         <input_file_ref idref="fl-5"/>
      </object_component>
      <object_component id="oc-2fc">
         <name>.debug_line</name>
         <load_address>0x107a</load_address>
         <run_address>0x107a</run_address>
         <size>0x98</size>
         <input_file_ref idref="fl-5"/>
      </object_component>
      <object_component id="oc-2fe">
         <name>.debug_line</name>
         <load_address>0x1112</load_address>
         <run_address>0x1112</run_address>
         <size>0x98</size>
         <input_file_ref idref="fl-5"/>
      </object_component>
      <object_component id="oc-1b0">
         <name>.debug_line</name>
         <load_address>0x11aa</load_address>
         <run_address>0x11aa</run_address>
         <size>0x98</size>
         <input_file_ref idref="fl-5"/>
      </object_component>
      <object_component id="oc-17f">
         <name>.debug_line</name>
         <load_address>0x1242</load_address>
         <run_address>0x1242</run_address>
         <size>0x98</size>
         <input_file_ref idref="fl-5"/>
      </object_component>
      <object_component id="oc-309">
         <name>.debug_line</name>
         <load_address>0x12da</load_address>
         <run_address>0x12da</run_address>
         <size>0x98</size>
         <input_file_ref idref="fl-5"/>
      </object_component>
      <object_component id="oc-300">
         <name>.debug_line</name>
         <load_address>0x1372</load_address>
         <run_address>0x1372</run_address>
         <size>0x98</size>
         <input_file_ref idref="fl-5"/>
      </object_component>
      <object_component id="oc-302">
         <name>.debug_line</name>
         <load_address>0x140a</load_address>
         <run_address>0x140a</run_address>
         <size>0x98</size>
         <input_file_ref idref="fl-5"/>
      </object_component>
      <object_component id="oc-2f8">
         <name>.debug_line</name>
         <load_address>0x14a2</load_address>
         <run_address>0x14a2</run_address>
         <size>0x98</size>
         <input_file_ref idref="fl-5"/>
      </object_component>
      <object_component id="oc-187">
         <name>.debug_line</name>
         <load_address>0x153a</load_address>
         <run_address>0x153a</run_address>
         <size>0x98</size>
         <input_file_ref idref="fl-5"/>
      </object_component>
      <object_component id="oc-2fa">
         <name>.debug_line</name>
         <load_address>0x15d2</load_address>
         <run_address>0x15d2</run_address>
         <size>0x98</size>
         <input_file_ref idref="fl-5"/>
      </object_component>
      <object_component id="oc-2f4">
         <name>.debug_line</name>
         <load_address>0x166a</load_address>
         <run_address>0x166a</run_address>
         <size>0x98</size>
         <input_file_ref idref="fl-5"/>
      </object_component>
      <object_component id="oc-1ae">
         <name>.debug_line</name>
         <load_address>0x1702</load_address>
         <run_address>0x1702</run_address>
         <size>0x98</size>
         <input_file_ref idref="fl-5"/>
      </object_component>
      <object_component id="oc-1ac">
         <name>.debug_line</name>
         <load_address>0x179a</load_address>
         <run_address>0x179a</run_address>
         <size>0x98</size>
         <input_file_ref idref="fl-5"/>
      </object_component>
      <object_component id="oc-314">
         <name>.debug_line</name>
         <load_address>0x1832</load_address>
         <run_address>0x1832</run_address>
         <size>0x98</size>
         <input_file_ref idref="fl-5"/>
      </object_component>
      <object_component id="oc-316">
         <name>.debug_line</name>
         <load_address>0x18ca</load_address>
         <run_address>0x18ca</run_address>
         <size>0x98</size>
         <input_file_ref idref="fl-5"/>
      </object_component>
      <object_component id="oc-318">
         <name>.debug_line</name>
         <load_address>0x1962</load_address>
         <run_address>0x1962</run_address>
         <size>0x98</size>
         <input_file_ref idref="fl-5"/>
      </object_component>
      <object_component id="oc-17c">
         <name>.debug_line</name>
         <load_address>0x19fa</load_address>
         <run_address>0x19fa</run_address>
         <size>0x98</size>
         <input_file_ref idref="fl-5"/>
      </object_component>
      <object_component id="oc-2e0">
         <name>.debug_line</name>
         <load_address>0x1a92</load_address>
         <run_address>0x1a92</run_address>
         <size>0x98</size>
         <input_file_ref idref="fl-5"/>
      </object_component>
      <object_component id="oc-195">
         <name>.debug_line</name>
         <load_address>0x1b2a</load_address>
         <run_address>0x1b2a</run_address>
         <size>0x98</size>
         <input_file_ref idref="fl-5"/>
      </object_component>
      <object_component id="oc-21e">
         <name>.debug_line</name>
         <load_address>0x1bc2</load_address>
         <run_address>0x1bc2</run_address>
         <size>0x98</size>
         <input_file_ref idref="fl-5"/>
      </object_component>
      <object_component id="oc-220">
         <name>.debug_line</name>
         <load_address>0x1c5a</load_address>
         <run_address>0x1c5a</run_address>
         <size>0x98</size>
         <input_file_ref idref="fl-5"/>
      </object_component>
      <object_component id="oc-222">
         <name>.debug_line</name>
         <load_address>0x1cf2</load_address>
         <run_address>0x1cf2</run_address>
         <size>0x98</size>
         <input_file_ref idref="fl-5"/>
      </object_component>
      <object_component id="oc-31f">
         <name>.debug_line</name>
         <load_address>0x1d8a</load_address>
         <run_address>0x1d8a</run_address>
         <size>0x98</size>
         <input_file_ref idref="fl-5"/>
      </object_component>
      <object_component id="oc-224">
         <name>.debug_line</name>
         <load_address>0x1e22</load_address>
         <run_address>0x1e22</run_address>
         <size>0x98</size>
         <input_file_ref idref="fl-5"/>
      </object_component>
      <object_component id="oc-226">
         <name>.debug_line</name>
         <load_address>0x1eba</load_address>
         <run_address>0x1eba</run_address>
         <size>0x98</size>
         <input_file_ref idref="fl-5"/>
      </object_component>
      <object_component id="oc-2f2">
         <name>.debug_line</name>
         <load_address>0x1f52</load_address>
         <run_address>0x1f52</run_address>
         <size>0x98</size>
         <input_file_ref idref="fl-5"/>
      </object_component>
      <object_component id="oc-307">
         <name>.debug_line</name>
         <load_address>0x1fea</load_address>
         <run_address>0x1fea</run_address>
         <size>0x98</size>
         <input_file_ref idref="fl-5"/>
      </object_component>
      <object_component id="oc-1b2">
         <name>.debug_line</name>
         <load_address>0x2082</load_address>
         <run_address>0x2082</run_address>
         <size>0x98</size>
         <input_file_ref idref="fl-5"/>
      </object_component>
      <object_component id="oc-211">
         <name>.debug_line</name>
         <load_address>0x211a</load_address>
         <run_address>0x211a</run_address>
         <size>0x107</size>
         <input_file_ref idref="fl-5"/>
      </object_component>
      <object_component id="oc-254">
         <name>.debug_line</name>
         <load_address>0x2221</load_address>
         <run_address>0x2221</run_address>
         <size>0x292</size>
         <input_file_ref idref="fl-6"/>
      </object_component>
      <object_component id="oc-30b">
         <name>.debug_line</name>
         <load_address>0x24b3</load_address>
         <run_address>0x24b3</run_address>
         <size>0x168</size>
         <input_file_ref idref="fl-6"/>
      </object_component>
      <object_component id="oc-256">
         <name>.debug_line</name>
         <load_address>0x261b</load_address>
         <run_address>0x261b</run_address>
         <size>0xdc</size>
         <input_file_ref idref="fl-7"/>
      </object_component>
      <object_component id="oc-30e">
         <name>.debug_line</name>
         <load_address>0x26f7</load_address>
         <run_address>0x26f7</run_address>
         <size>0x8e</size>
         <input_file_ref idref="fl-7"/>
      </object_component>
      <object_component id="oc-eb">
         <name>.debug_line</name>
         <load_address>0x2785</load_address>
         <run_address>0x2785</run_address>
         <size>0x8d</size>
         <input_file_ref idref="fl-8"/>
      </object_component>
      <object_component id="oc-260">
         <name>.debug_line</name>
         <load_address>0x2812</load_address>
         <run_address>0x2812</run_address>
         <size>0xbe</size>
         <input_file_ref idref="fl-8"/>
      </object_component>
      <object_component id="oc-179">
         <name>.debug_line</name>
         <load_address>0x28d0</load_address>
         <run_address>0x28d0</run_address>
         <size>0xfe</size>
         <input_file_ref idref="fl-8"/>
      </object_component>
      <object_component id="oc-24e">
         <name>.debug_line</name>
         <load_address>0x29ce</load_address>
         <run_address>0x29ce</run_address>
         <size>0x598</size>
         <input_file_ref idref="fl-9"/>
      </object_component>
      <object_component id="oc-304">
         <name>.debug_line</name>
         <load_address>0x2f66</load_address>
         <run_address>0x2f66</run_address>
         <size>0x2b9</size>
         <input_file_ref idref="fl-9"/>
      </object_component>
      <object_component id="oc-185">
         <name>.debug_line</name>
         <load_address>0x321f</load_address>
         <run_address>0x321f</run_address>
         <size>0x8e</size>
         <input_file_ref idref="fl-b"/>
      </object_component>
      <object_component id="oc-181">
         <name>.debug_line</name>
         <load_address>0x32ad</load_address>
         <run_address>0x32ad</run_address>
         <size>0x8e</size>
         <input_file_ref idref="fl-b"/>
      </object_component>
      <object_component id="oc-183">
         <name>.debug_line</name>
         <load_address>0x333b</load_address>
         <run_address>0x333b</run_address>
         <size>0x8e</size>
         <input_file_ref idref="fl-b"/>
      </object_component>
      <object_component id="oc-197">
         <name>.debug_line</name>
         <load_address>0x33c9</load_address>
         <run_address>0x33c9</run_address>
         <size>0x8e</size>
         <input_file_ref idref="fl-b"/>
      </object_component>
      <object_component id="oc-c7">
         <name>.debug_line</name>
         <load_address>0x3457</load_address>
         <run_address>0x3457</run_address>
         <size>0x10c</size>
         <input_file_ref idref="fl-b"/>
      </object_component>
      <object_component id="oc-c1">
         <name>.debug_line</name>
         <load_address>0x3563</load_address>
         <run_address>0x3563</run_address>
         <size>0x192</size>
         <input_file_ref idref="fl-b"/>
      </object_component>
      <object_component id="oc-1a9">
         <name>.debug_line</name>
         <load_address>0x36f5</load_address>
         <run_address>0x36f5</run_address>
         <size>0x530</size>
         <input_file_ref idref="fl-b"/>
      </object_component>
      <object_component id="oc-204">
         <name>.debug_line</name>
         <load_address>0x3c25</load_address>
         <run_address>0x3c25</run_address>
         <size>0xcb</size>
         <input_file_ref idref="fl-c"/>
      </object_component>
      <object_component id="oc-2e2">
         <name>.debug_line</name>
         <load_address>0x3cf0</load_address>
         <run_address>0x3cf0</run_address>
         <size>0x3af</size>
         <input_file_ref idref="fl-c"/>
      </object_component>
      <object_component id="oc-18c">
         <name>.debug_line</name>
         <load_address>0x409f</load_address>
         <run_address>0x409f</run_address>
         <size>0x8d</size>
         <input_file_ref idref="fl-d"/>
      </object_component>
      <object_component id="oc-214">
         <name>.debug_line</name>
         <load_address>0x412c</load_address>
         <run_address>0x412c</run_address>
         <size>0x8d</size>
         <input_file_ref idref="fl-d"/>
      </object_component>
      <object_component id="oc-110">
         <name>.debug_line</name>
         <load_address>0x41b9</load_address>
         <run_address>0x41b9</run_address>
         <size>0x57b</size>
         <input_file_ref idref="fl-d"/>
      </object_component>
      <object_component id="oc-216">
         <name>.debug_line</name>
         <load_address>0x4734</load_address>
         <run_address>0x4734</run_address>
         <size>0x163</size>
         <input_file_ref idref="fl-d"/>
      </object_component>
      <object_component id="oc-120">
         <name>.debug_line</name>
         <load_address>0x4897</load_address>
         <run_address>0x4897</run_address>
         <size>0xc0</size>
         <input_file_ref idref="fl-e"/>
      </object_component>
      <object_component id="oc-12a">
         <name>.debug_line</name>
         <load_address>0x4957</load_address>
         <run_address>0x4957</run_address>
         <size>0xa5</size>
         <input_file_ref idref="fl-e"/>
      </object_component>
      <object_component id="oc-130">
         <name>.debug_line</name>
         <load_address>0x49fc</load_address>
         <run_address>0x49fc</run_address>
         <size>0xa5</size>
         <input_file_ref idref="fl-e"/>
      </object_component>
      <object_component id="oc-136">
         <name>.debug_line</name>
         <load_address>0x4aa1</load_address>
         <run_address>0x4aa1</run_address>
         <size>0xa5</size>
         <input_file_ref idref="fl-e"/>
      </object_component>
      <object_component id="oc-13c">
         <name>.debug_line</name>
         <load_address>0x4b46</load_address>
         <run_address>0x4b46</run_address>
         <size>0xa5</size>
         <input_file_ref idref="fl-e"/>
      </object_component>
      <object_component id="oc-142">
         <name>.debug_line</name>
         <load_address>0x4beb</load_address>
         <run_address>0x4beb</run_address>
         <size>0xa5</size>
         <input_file_ref idref="fl-e"/>
      </object_component>
      <object_component id="oc-145">
         <name>.debug_line</name>
         <load_address>0x4c90</load_address>
         <run_address>0x4c90</run_address>
         <size>0xa5</size>
         <input_file_ref idref="fl-e"/>
      </object_component>
      <object_component id="oc-14b">
         <name>.debug_line</name>
         <load_address>0x4d35</load_address>
         <run_address>0x4d35</run_address>
         <size>0xbd</size>
         <input_file_ref idref="fl-e"/>
      </object_component>
      <object_component id="oc-22c">
         <name>.debug_line</name>
         <load_address>0x4df2</load_address>
         <run_address>0x4df2</run_address>
         <size>0x21</size>
         <input_file_ref idref="fl-e"/>
      </object_component>
      <object_component id="oc-268">
         <name>.debug_line</name>
         <load_address>0x4e13</load_address>
         <run_address>0x4e13</run_address>
         <size>0xcb</size>
         <input_file_ref idref="fl-f"/>
      </object_component>
      <object_component id="oc-311">
         <name>.debug_line</name>
         <load_address>0x4ede</load_address>
         <run_address>0x4ede</run_address>
         <size>0x8b</size>
         <input_file_ref idref="fl-f"/>
      </object_component>
      <object_component id="oc-26e">
         <name>.debug_line</name>
         <load_address>0x4f69</load_address>
         <run_address>0x4f69</run_address>
         <size>0xf5</size>
         <input_file_ref idref="fl-11"/>
      </object_component>
      <object_component id="oc-31c">
         <name>.debug_line</name>
         <load_address>0x505e</load_address>
         <run_address>0x505e</run_address>
         <size>0xfb</size>
         <input_file_ref idref="fl-11"/>
      </object_component>
      <object_component id="oc-278">
         <name>.debug_line</name>
         <load_address>0x5159</load_address>
         <run_address>0x5159</run_address>
         <size>0xde</size>
         <input_file_ref idref="fl-13"/>
      </object_component>
      <object_component id="oc-321">
         <name>.debug_line</name>
         <load_address>0x5237</load_address>
         <run_address>0x5237</run_address>
         <size>0xf8</size>
         <input_file_ref idref="fl-13"/>
      </object_component>
      <object_component id="oc-27a">
         <name>.debug_line</name>
         <load_address>0x532f</load_address>
         <run_address>0x532f</run_address>
         <size>0x19e</size>
         <input_file_ref idref="fl-14"/>
      </object_component>
      <object_component id="oc-324">
         <name>.debug_line</name>
         <load_address>0x54cd</load_address>
         <run_address>0x54cd</run_address>
         <size>0x8e</size>
         <input_file_ref idref="fl-14"/>
      </object_component>
      <object_component id="oc-192">
         <name>.debug_line</name>
         <load_address>0x555b</load_address>
         <run_address>0x555b</run_address>
         <size>0x9c</size>
         <input_file_ref idref="fl-15"/>
      </object_component>
      <object_component id="oc-219">
         <name>.debug_line</name>
         <load_address>0x55f7</load_address>
         <run_address>0x55f7</run_address>
         <size>0x9c</size>
         <input_file_ref idref="fl-15"/>
      </object_component>
      <object_component id="oc-266">
         <name>.debug_line</name>
         <load_address>0x5693</load_address>
         <run_address>0x5693</run_address>
         <size>0xcf</size>
         <input_file_ref idref="fl-15"/>
      </object_component>
      <object_component id="oc-21b">
         <name>.debug_line</name>
         <load_address>0x5762</load_address>
         <run_address>0x5762</run_address>
         <size>0x106</size>
[...]
      </symbol>
      <symbol id="sm-2d9">
         <name>GPIO_ReadPin</name>
         <value>0xb794</value>
         <object_component_ref idref="oc-24f"/>
      </symbol>
      <symbol id="sm-2da">
         <name>GPIO_SetupXINT4Gpio</name>
         <value>0xb72c</value>
         <object_component_ref idref="oc-24f"/>
      </symbol>
      <symbol id="sm-2db">
         <name>GPIO_SetupPinOptions</name>
         <value>0xb651</value>
         <object_component_ref idref="oc-24f"/>
      </symbol>
      <symbol id="sm-2dc">
         <name>GPIO_EnableUnbondedIOPullupsFor100Pin</name>
         <value>0xb759</value>
         <object_component_ref idref="oc-24f"/>
      </symbol>
      <symbol id="sm-2dd">
         <name>GPIO_SetupXINT5Gpio</name>
         <value>0xb736</value>
         <object_component_ref idref="oc-24f"/>
      </symbol>
      <symbol id="sm-2de">
         <name>InitGpio</name>
         <value>0xb585</value>
         <object_component_ref idref="oc-24f"/>
      </symbol>
      <symbol id="sm-2eb">
         <name>InitPieCtrl</name>
         <value>0xcebc</value>
         <object_component_ref idref="oc-255"/>
      </symbol>
      <symbol id="sm-2ec">
         <name>EnableInterrupts</name>
         <value>0xcedb</value>
         <object_component_ref idref="oc-255"/>
      </symbol>
      <symbol id="sm-300">
         <name>InitPieVectTable</name>
         <value>0xcee4</value>
         <object_component_ref idref="oc-25b"/>
      </symbol>
      <symbol id="sm-301">
         <name>PieVectTableInit</name>
         <value>0xf000</value>
         <object_component_ref idref="oc-bc"/>
      </symbol>
      <symbol id="sm-345">
         <name>DisablePeripheralClocks</name>
         <value>0xb8a4</value>
         <object_component_ref idref="oc-249"/>
      </symbol>
      <symbol id="sm-346">
         <name>STANDBY</name>
         <value>0xbc4c</value>
         <object_component_ref idref="oc-249"/>
      </symbol>
      <symbol id="sm-347">
         <name>InitPeripheralClocks</name>
         <value>0xb820</value>
         <object_component_ref idref="oc-249"/>
      </symbol>
      <symbol id="sm-348">
         <name>SysIntOsc1Sel</name>
         <value>0xbbef</value>
         <object_component_ref idref="oc-249"/>
      </symbol>
      <symbol id="sm-349">
         <name>SysXtalOscSel</name>
         <value>0xbc13</value>
         <object_component_ref idref="oc-249"/>
      </symbol>
      <symbol id="sm-34a">
         <name>ServiceDog</name>
         <value>0xb8d5</value>
         <object_component_ref idref="oc-249"/>
      </symbol>
      <symbol id="sm-34b">
         <name>CsmUnlock</name>
         <value>0xbbce</value>
         <object_component_ref idref="oc-249"/>
      </symbol>
      <symbol id="sm-34c">
         <name>AuxIntOsc2Sel</name>
         <value>0xbc23</value>
         <object_component_ref idref="oc-249"/>
      </symbol>
      <symbol id="sm-34d">
         <name>ConfigureTMXAnalogTrim</name>
         <value>0xbc8d</value>
         <object_component_ref idref="oc-249"/>
      </symbol>
      <symbol id="sm-34e">
         <name>InitSysCtrl</name>
         <value>0xb800</value>
         <object_component_ref idref="oc-249"/>
      </symbol>
      <symbol id="sm-34f">
         <name>InitAuxPll</name>
         <value>0xbadf</value>
         <object_component_ref idref="oc-249"/>
      </symbol>
      <symbol id="sm-350">
         <name>DisableDog</name>
         <value>0xb8e3</value>
         <object_component_ref idref="oc-249"/>
      </symbol>
      <symbol id="sm-351">
         <name>IDLE</name>
         <value>0xbc43</value>
         <object_component_ref idref="oc-249"/>
      </symbol>
      <symbol id="sm-352">
         <name>HALT</name>
         <value>0xbc57</value>
         <object_component_ref idref="oc-249"/>
      </symbol>
      <symbol id="sm-353">
         <name>AuxAuxClkSel</name>
         <value>0xbc39</value>
         <object_component_ref idref="oc-249"/>
      </symbol>
      <symbol id="sm-354">
         <name>HIB</name>
         <value>0xbc70</value>
         <object_component_ref idref="oc-249"/>
      </symbol>
      <symbol id="sm-355">
         <name>AuxXtalOscSel</name>
         <value>0xbc2d</value>
         <object_component_ref idref="oc-249"/>
      </symbol>
      <symbol id="sm-356">
         <name>InitSysPll</name>
         <value>0xb8f1</value>
         <object_component_ref idref="oc-249"/>
      </symbol>
      <symbol id="sm-357">
         <name>SysIntOsc2Sel</name>
         <value>0xbbff</value>
         <object_component_ref idref="oc-249"/>
      </symbol>
      <symbol id="sm-358">
         <name>ReleaseFlashPump</name>
         <value>0xb8cb</value>
         <object_component_ref idref="oc-249"/>
      </symbol>
      <symbol id="sm-359">
         <name>SeizeFlashPump</name>
         <value>0xb8bc</value>
         <object_component_ref idref="oc-249"/>
      </symbol>
      <symbol id="sm-388">
         <name>Xn</name>
         <value>0x1500</value>
         <object_component_ref idref="oc-f3"/>
      </symbol>
      <symbol id="sm-389">
         <name>initCLA1PIE</name>
         <value>0xbfa8</value>
         <object_component_ref idref="oc-c5"/>
      </symbol>
      <symbol id="sm-38a">
         <name>UB</name>
         <value>0x1482</value>
         <object_component_ref idref="oc-f6"/>
      </symbol>
      <symbol id="sm-38b">
         <name>UA</name>
         <value>0x1480</value>
         <object_component_ref idref="oc-f6"/>
      </symbol>
      <symbol id="sm-38c">
         <name>data_analysis</name>
         <value>0x14000</value>
         <object_component_ref idref="oc-108"/>
      </symbol>
      <symbol id="sm-38d">
         <name>initCPU1CLA1</name>
         <value>0xbf7e</value>
         <object_component_ref idref="oc-c5"/>
      </symbol>
      <symbol id="sm-38e">
         <name>j</name>
         <value>0x1504</value>
         <object_component_ref idref="oc-f3"/>
      </symbol>
      <symbol id="sm-38f">
         <name>i</name>
         <value>0x1502</value>
         <object_component_ref idref="oc-f3"/>
      </symbol>
      <symbol id="sm-390">
         <name>a</name>
         <value>0xf1d8</value>
         <object_component_ref idref="oc-f9"/>
      </symbol>
      <symbol id="sm-391">
         <name>configCLAMemory</name>
         <value>0xbf42</value>
         <object_component_ref idref="oc-c5"/>
      </symbol>
      <symbol id="sm-392">
         <name>adcValue</name>
         <value>0x1486</value>
         <object_component_ref idref="oc-f6"/>
      </symbol>
      <symbol id="sm-393">
         <name>epwm1ISR</name>
         <value>0xbdbf</value>
         <object_component_ref idref="oc-bf"/>
      </symbol>
      <symbol id="sm-394">
         <name>angle</name>
         <value>0x1484</value>
         <object_component_ref idref="oc-f6"/>
      </symbol>
      <symbol id="sm-395">
         <name>cla1Isr4</name>
         <value>0xbd4f</value>
         <object_component_ref idref="oc-bf"/>
      </symbol>
      <symbol id="sm-396">
         <name>cla1Isr5</name>
         <value>0xbd5e</value>
         <object_component_ref idref="oc-bf"/>
      </symbol>
      <symbol id="sm-397">
         <name>cla1Isr6</name>
         <value>0xbd6d</value>
         <object_component_ref idref="oc-bf"/>
      </symbol>
      <symbol id="sm-398">
         <name>cla1Isr7</name>
         <value>0xbd7c</value>
         <object_component_ref idref="oc-bf"/>
      </symbol>
      <symbol id="sm-399">
         <name>cla1Isr1</name>
         <value>0xbcaa</value>
         <object_component_ref idref="oc-bf"/>
      </symbol>
      <symbol id="sm-39a">
         <name>cla1Isr2</name>
         <value>0xbd31</value>
         <object_component_ref idref="oc-bf"/>
      </symbol>
      <symbol id="sm-39b">
         <name>cla1Isr3</name>
         <value>0xbd40</value>
         <object_component_ref idref="oc-bf"/>
      </symbol>
      <symbol id="sm-39c">
         <name>cla1Isr8</name>
         <value>0xbd8b</value>
         <object_component_ref idref="oc-bf"/>
      </symbol>
      <symbol id="sm-3aa">
         <name>DisableEPWMclock</name>
         <value>0xb7f0</value>
         <object_component_ref idref="oc-200"/>
      </symbol>
      <symbol id="sm-3ab">
         <name>main</name>
         <value>0xb7c9</value>
         <object_component_ref idref="oc-200"/>
      </symbol>
      <symbol id="sm-3ac">
         <name>EnableEPWMclock</name>
         <value>0xb7f8</value>
         <object_component_ref idref="oc-200"/>
      </symbol>
      <symbol id="sm-430">
         <name>Calculate_time_vector</name>
         <value>0xc194</value>
         <object_component_ref idref="oc-10b"/>
      </symbol>
      <symbol id="sm-431">
         <name>Assign_ePWM_counter</name>
         <value>0xcaba</value>
         <object_component_ref idref="oc-10b"/>
      </symbol>
      <symbol id="sm-432">
         <name>svm_gen</name>
         <value>0xc000</value>
         <object_component_ref idref="oc-10b"/>
      </symbol>
      <symbol id="sm-433">
         <name>ptime_out</name>
         <value>0xf1c6</value>
         <object_component_ref idref="oc-ff"/>
      </symbol>
      <symbol id="sm-434">
         <name>Seclect_sector_subsector</name>
         <value>0xc029</value>
         <object_component_ref idref="oc-10b"/>
      </symbol>
      <symbol id="sm-435">
         <name>epwm_counter</name>
         <value>0xe00e</value>
         <object_component_ref idref="oc-188"/>
      </symbol>
      <symbol id="sm-436">
         <name>ptime_v</name>
         <value>0xf1c4</value>
         <object_component_ref idref="oc-ff"/>
      </symbol>
      <symbol id="sm-437">
         <name>time_vector</name>
         <value>0xe008</value>
         <object_component_ref idref="oc-188"/>
      </symbol>
      <symbol id="sm-438">
         <name>current_sector</name>
         <value>0xe000</value>
         <object_component_ref idref="oc-188"/>
      </symbol>
      <symbol id="sm-439">
         <name>input</name>
         <value>0xe002</value>
         <object_component_ref idref="oc-188"/>
      </symbol>
      <symbol id="sm-43a">
         <name>pepwm_count</name>
         <value>0xf1c8</value>
         <object_component_ref idref="oc-ff"/>
      </symbol>
      <symbol id="sm-43b">
         <name>psector</name>
         <value>0xf1c2</value>
         <object_component_ref idref="oc-ff"/>
      </symbol>
      <symbol id="sm-43c">
         <name>pinput</name>
         <value>0xf1c0</value>
         <object_component_ref idref="oc-ff"/>
      </symbol>
      <symbol id="sm-43d">
         <name>Calculate_time_out</name>
         <value>0xc48b</value>
         <object_component_ref idref="oc-10b"/>
      </symbol>
      <symbol id="sm-43e">
         <name>time_vector_out</name>
         <value>0xe014</value>
         <object_component_ref idref="oc-188"/>
      </symbol>
      <symbol id="sm-485">
         <name>Cla1Task2</name>
         <value>0x81ae</value>
         <object_component_ref idref="oc-125"/>
      </symbol>
      <symbol id="sm-486">
         <name>Cla1Task3</name>
         <value>0x81b6</value>
         <object_component_ref idref="oc-12b"/>
      </symbol>
      <symbol id="sm-487">
         <name>Cla1Task1</name>
         <value>0x8000</value>
         <object_component_ref idref="oc-11f"/>
      </symbol>
      <symbol id="sm-488">
         <name>Cla1Task6</name>
         <value>0x81ce</value>
         <object_component_ref idref="oc-13d"/>
      </symbol>
      <symbol id="sm-489">
         <name>Cla1Task7</name>
         <value>0x81d6</value>
         <object_component_ref idref="oc-143"/>
      </symbol>
      <symbol id="sm-48a">
         <name>Cla1Task4</name>
         <value>0x81be</value>
         <object_component_ref idref="oc-131"/>
      </symbol>
      <symbol id="sm-48b">
         <name>Cla1Task5</name>
         <value>0x81c6</value>
         <object_component_ref idref="oc-137"/>
      </symbol>
      <symbol id="sm-48c">
         <name>Cla1Task8</name>
         <value>0x810e</value>
         <object_component_ref idref="oc-149"/>
      </symbol>
      <symbol id="sm-499">
         <name>tida_setup_relay</name>
         <value>0xce26</value>
         <object_component_ref idref="oc-267"/>
      </symbol>
      <symbol id="sm-4a9">
         <name>tida_setupADC</name>
         <value>0xcb37</value>
         <object_component_ref idref="oc-26d"/>
      </symbol>
      <symbol id="sm-4b7">
         <name>tida_setup_ePWM_power</name>
         <value>0xcd6a</value>
         <object_component_ref idref="oc-273"/>
      </symbol>
      <symbol id="sm-4c4">
         <name>tida_epwm_simple_AQ</name>
         <value>0xbefb</value>
         <object_component_ref idref="oc-279"/>
      </symbol>
      <symbol id="sm-4c5">
         <name>tida_epwm_simple_CC</name>
         <value>0xbee4</value>
         <object_component_ref idref="oc-279"/>
      </symbol>
      <symbol id="sm-4c6">
         <name>tida_epwm_simple_ET</name>
         <value>0xbf2a</value>
         <object_component_ref idref="oc-279"/>
      </symbol>
      <symbol id="sm-4c7">
         <name>tida_epwm_simple_DB_notswap</name>
         <value>0xbf04</value>
         <object_component_ref idref="oc-279"/>
      </symbol>
      <symbol id="sm-4c8">
         <name>tida_epwm_simple_TB</name>
         <value>0xbece</value>
         <object_component_ref idref="oc-279"/>
      </symbol>
      <symbol id="sm-4c9">
         <name>tida_epwm_simple</name>
         <value>0xbeb3</value>
         <object_component_ref idref="oc-279"/>
      </symbol>
      <symbol id="sm-4ca">
         <name>tida_setup_ePWM_Q</name>
         <value>0xbdfe</value>
         <object_component_ref idref="oc-279"/>
      </symbol>
      <symbol id="sm-4cb">
         <name>tida_epwm_simple_DB_swap</name>
         <value>0xbf17</value>
         <object_component_ref idref="oc-279"/>
      </symbol>
      <symbol id="sm-4e2">
         <name>Protect_state</name>
         <value>0xe020</value>
         <object_component_ref idref="oc-18e"/>
      </symbol>
      <symbol id="sm-4e3">
         <name>Power_card_protect</name>
         <value>0xcdd8</value>
         <object_component_ref idref="oc-261"/>
      </symbol>
      <symbol id="sm-4e4">
         <name>pvalue_protect</name>
         <value>0xf1d2</value>
         <object_component_ref idref="oc-102"/>
      </symbol>
      <symbol id="sm-4e5">
         <name>pstate_protect</name>
         <value>0xf1d0</value>
         <object_component_ref idref="oc-102"/>
      </symbol>
      <symbol id="sm-4e6">
         <name>Protect_value</name>
         <value>0xe02a</value>
         <object_component_ref idref="oc-18e"/>
      </symbol>
      <symbol id="sm-4f0">
         <name>CLAdiv</name>
         <value>0x8194</value>
         <object_component_ref idref="oc-1b3"/>
      </symbol>
      <symbol id="sm-4f1">
         <name>__claCLAdiv_sp</name>
         <value>0xa100</value>
         <object_component_ref idref="oc-227"/>
      </symbol>
      <symbol id="sm-4fb">
         <name>CLAsin</name>
         <value>0x815c</value>
         <object_component_ref idref="oc-1b8"/>
      </symbol>
      <symbol id="sm-4fc">
         <name>__claCLAsin_sp</name>
         <value>0xa100</value>
         <object_component_ref idref="oc-229"/>
      </symbol>
      <symbol id="sm-506">
         <name>_c_int00</name>
         <value>0xcf27</value>
         <object_component_ref idref="oc-e2"/>
      </symbol>
      <symbol id="sm-507">
         <name>__stack</name>
         <value>0x400</value>
         <object_component_ref idref="oc-cb"/>
      </symbol>
      <symbol id="sm-514">
         <name>_system_pre_init</name>
         <value>0xcf68</value>
         <object_component_ref idref="oc-161"/>
      </symbol>
      <symbol id="sm-523">
         <name>__TI_auto_init_nobinit_nopinit</name>
         <value>0xbfd5</value>
         <object_component_ref idref="oc-1d0"/>
      </symbol>
      <symbol id="sm-530">
         <name>__TI_zero_init</name>
         <value>0xcf62</value>
         <object_component_ref idref="oc-dc"/>
      </symbol>
      <symbol id="sm-53d">
         <name>__TI_decompress_none</name>
         <value>0xcf53</value>
         <object_component_ref idref="oc-a1"/>
      </symbol>
      <symbol id="sm-551">
         <name>__TI_decompress_lzss</name>
         <value>0xce62</value>
         <object_component_ref idref="oc-9b"/>
      </symbol>
      <symbol id="sm-567">
         <name>C$$EXIT</name>
         <value>0xce93</value>
         <object_component_ref idref="oc-16e"/>
      </symbol>
      <symbol id="sm-568">
         <name>abort</name>
         <value>0xce93</value>
         <object_component_ref idref="oc-16e"/>
      </symbol>
      <symbol id="sm-569">
         <name>exit</name>
         <value>0xce95</value>
         <object_component_ref idref="oc-16e"/>
      </symbol>
      <symbol id="sm-56a">
         <name>__TI_dtors_ptr</name>
         <value>0xf1ce</value>
         <object_component_ref idref="oc-208"/>
      </symbol>
      <symbol id="sm-56b">
         <name>__TI_cleanup_ptr</name>
         <value>0xf1cc</value>
         <object_component_ref idref="oc-208"/>
      </symbol>
      <symbol id="sm-56c">
         <name>__TI_enable_exit_profile_output</name>
         <value>0xf1ca</value>
         <object_component_ref idref="oc-208"/>
      </symbol>
      <symbol id="sm-583">
         <name>_nop</name>
         <value>0xcf52</value>
         <object_component_ref idref="oc-289"/>
      </symbol>
      <symbol id="sm-584">
         <name>_lock</name>
         <value>0xf1d4</value>
         <object_component_ref idref="oc-20b"/>
      </symbol>
      <symbol id="sm-585">
         <name>_unlock</name>
         <value>0xf1d6</value>
         <object_component_ref idref="oc-2e4"/>
      </symbol>
      <symbol id="sm-586">
         <name>_register_lock</name>
         <value>0xcf4e</value>
         <object_component_ref idref="oc-289"/>
      </symbol>
      <symbol id="sm-587">
         <name>_register_unlock</name>
         <value>0xcf4a</value>
         <object_component_ref idref="oc-289"/>
      </symbol>
      <symbol id="sm-596">
         <name>_args_main</name>
         <value>0xcf3e</value>
         <object_component_ref idref="oc-168"/>
      </symbol>
      <symbol id="sm-5a5">
         <name>memset</name>
         <value>0xcf5b</value>
         <object_component_ref idref="oc-15a"/>
      </symbol>
      <symbol id="sm-5b8">
         <name>memcpy</name>
         <value>0xcf0a</value>
         <object_component_ref idref="oc-ce"/>
      </symbol>
      <symbol id="sm-5c5">
         <name>_system_post_cinit</name>
         <value>0xcf6a</value>
         <object_component_ref idref="oc-234"/>
      </symbol>
      <symbol id="sm-5c7">
         <name>CLAsincosTable_Coef0</name>
         <value>0xfe54</value>
      </symbol>
      <symbol id="sm-5c9">
         <name>CLAsincosTable_Coef1</name>
         <value>0xfe56</value>
      </symbol>
      <symbol id="sm-5cb">
         <name>CLAsincosTable_Coef2</name>
         <value>0xfe5a</value>
      </symbol>
      <symbol id="sm-5cd">
         <name>CLAsincosTable_Coef3</name>
         <value>0xfe5c</value>
      </symbol>
      <symbol id="sm-5cf">
         <name>CLAsincosTable_Cos0</name>
         <value>0xfd4a</value>
      </symbol>
      <symbol id="sm-5d1">
         <name>CLAsincosTable_TABLE_MASK</name>
         <value>0xfe52</value>
      </symbol>
      <symbol id="sm-5d3">
         <name>CLAsincosTable_TABLE_SIZEDivTwoPi</name>
         <value>0xfe4e</value>
      </symbol>
      <symbol id="sm-5d5">
         <name>CLAsincosTable_TwoPiDivTABLE_SIZE</name>
         <value>0xfe50</value>
      </symbol>
      <symbol id="sm-5d7">
         <name>__c_args__</name>
         <value>0x0</value>
      </symbol>
   </symbol_table>
   <title>Link successful</title>
</link_info>
