<?xml version="1.0" encoding="ISO-8859-1" ?>
<link_info>
   <banner>TMS320C2000 Linker PC v20.12.0.STS</banner>
   <copyright>Copyright (c) 1996-2018 Texas Instruments Incorporated</copyright>
   <link_time>0x5ffe925b</link_time>
   <link_errors>0x0</link_errors>
   <output_file>pelab_demo_tida_01606.out</output_file>
   <entry_point>
      <name>code_start</name>
      <address>0x0</address>
   </entry_point>
   <input_file_list>
      <input_file id="fl-2">
         <path>.\</path>
         <kind>object</kind>
         <file>F2837xD_Adc.obj</file>
         <name>F2837xD_Adc.obj</name>
      </input_file>
      <input_file id="fl-3">
         <path>.\</path>
         <kind>object</kind>
         <file>F2837xD_CodeStartBranch.obj</file>
         <name>F2837xD_CodeStartBranch.obj</name>
      </input_file>
      <input_file id="fl-4">
         <path>.\</path>
         <kind>object</kind>
         <file>F2837xD_DefaultISR.obj</file>
         <name>F2837xD_DefaultISR.obj</name>
      </input_file>
      <input_file id="fl-5">
         <path>.\</path>
         <kind>object</kind>
         <file>F2837xD_GlobalVariableDefs.obj</file>
         <name>F2837xD_GlobalVariableDefs.obj</name>
      </input_file>
      <input_file id="fl-6">
         <path>.\</path>
         <kind>object</kind>
         <file>F2837xD_Gpio.obj</file>
         <name>F2837xD_Gpio.obj</name>
      </input_file>
      <input_file id="fl-7">
         <path>.\</path>
         <kind>object</kind>
         <file>F2837xD_PieCtrl.obj</file>
         <name>F2837xD_PieCtrl.obj</name>
      </input_file>
      <input_file id="fl-8">
         <path>.\</path>
         <kind>object</kind>
         <file>F2837xD_PieVect.obj</file>
         <name>F2837xD_PieVect.obj</name>
      </input_file>
      <input_file id="fl-9">
         <path>.\</path>
         <kind>object</kind>
         <file>F2837xD_SysCtrl.obj</file>
         <name>F2837xD_SysCtrl.obj</name>
      </input_file>
      <input_file id="fl-a">
         <path>.\</path>
         <kind>object</kind>
         <file>F2837xD_usDelay.obj</file>
         <name>F2837xD_usDelay.obj</name>
      </input_file>
      <input_file id="fl-b">
         <path>.\</path>
         <kind>object</kind>
         <file>data_fft.obj</file>
         <name>data_fft.obj</name>
      </input_file>
      <input_file id="fl-c">
         <path>.\</path>
         <kind>object</kind>
         <file>main.obj</file>
         <name>main.obj</name>
      </input_file>
      <input_file id="fl-d">
         <path>.\</path>
         <kind>object</kind>
         <file>svm_gen.obj</file>
         <name>svm_gen.obj</name>
      </input_file>
      <input_file id="fl-e">
         <path>.\</path>
         <kind>object</kind>
         <file>tida_01606_CLA.obj</file>
         <name>tida_01606_CLA.obj</name>
      </input_file>
      <input_file id="fl-f">
         <path>.\</path>
         <kind>object</kind>
         <file>tida_01606_Relay_Fan_control.obj</file>
         <name>tida_01606_Relay_Fan_control.obj</name>
      </input_file>
      <input_file id="fl-10">
         <path>.\</path>
         <kind>object</kind>
         <file>tida_01606_SDFM.obj</file>
         <name>tida_01606_SDFM.obj</name>
      </input_file>
      <input_file id="fl-11">
         <path>.\</path>
         <kind>object</kind>
         <file>tida_01606_adc.obj</file>
         <name>tida_01606_adc.obj</name>
      </input_file>
      <input_file id="fl-12">
         <path>.\</path>
         <kind>object</kind>
         <file>tida_01606_comparator_subsystem.obj</file>
         <name>tida_01606_comparator_subsystem.obj</name>
      </input_file>
      <input_file id="fl-13">
         <path>.\</path>
         <kind>object</kind>
         <file>tida_01606_ePWM_power_driver_card.obj</file>
         <name>tida_01606_ePWM_power_driver_card.obj</name>
      </input_file>
      <input_file id="fl-14">
         <path>.\</path>
         <kind>object</kind>
         <file>tida_01606_ePWM_svm.obj</file>
         <name>tida_01606_ePWM_svm.obj</name>
      </input_file>
      <input_file id="fl-15">
         <path>.\</path>
         <kind>object</kind>
         <file>tida_01606_protection.obj</file>
         <name>tida_01606_protection.obj</name>
      </input_file>
      <input_file id="fl-1c">
         <kind>object</kind>
         <file>&lt;internal&gt;</file>
         <name>&lt;internal&gt;</name>
      </input_file>
      <input_file id="fl-1d">
         <path>C:\Users\Tinh_deptrai\workspace_v10\pelab_demo_tida_01606\TI_header_file\Lib\</path>
         <kind>archive</kind>
         <file>cla1_math_library_datarom_fpu32_eabi.lib</file>
         <name>CLAdiv.obj</name>
      </input_file>
      <input_file id="fl-1e">
         <path>C:\Users\Tinh_deptrai\workspace_v10\pelab_demo_tida_01606\TI_header_file\Lib\</path>
         <kind>archive</kind>
         <file>cla1_math_library_datarom_fpu32_eabi.lib</file>
         <name>CLAsin.obj</name>
      </input_file>
      <input_file id="fl-2a">
         <path>C:\ti\ccs1000\ccs\tools\compiler\lib\</path>
         <kind>archive</kind>
         <file>rts2800_fpu32_eabi.lib</file>
         <name>boot28.asm.obj</name>
      </input_file>
      <input_file id="fl-2b">
         <path>C:\ti\ccs1000\ccs\tools\compiler\lib\</path>
         <kind>archive</kind>
         <file>rts2800_fpu32_eabi.lib</file>
         <name>pre_init.c.obj</name>
      </input_file>
      <input_file id="fl-2c">
         <path>C:\ti\ccs1000\ccs\tools\compiler\lib\</path>
         <kind>archive</kind>
         <file>rts2800_fpu32_eabi.lib</file>
         <name>autoinit.c.obj</name>
      </input_file>
      <input_file id="fl-2d">
         <path>C:\ti\ccs1000\ccs\tools\compiler\lib\</path>
         <kind>archive</kind>
         <file>rts2800_fpu32_eabi.lib</file>
         <name>copy_zero_init.c.obj</name>
      </input_file>
      <input_file id="fl-2e">
         <path>C:\ti\ccs1000\ccs\tools\compiler\lib\</path>
         <kind>archive</kind>
         <file>rts2800_fpu32_eabi.lib</file>
         <name>copy_decompress_none.c.obj</name>
      </input_file>
      <input_file id="fl-2f">
         <path>C:\ti\ccs1000\ccs\tools\compiler\lib\</path>
         <kind>archive</kind>
         <file>rts2800_fpu32_eabi.lib</file>
         <name>copy_decompress_lzss.c.obj</name>
      </input_file>
      <input_file id="fl-30">
         <path>C:\ti\ccs1000\ccs\tools\compiler\lib\</path>
         <kind>archive</kind>
         <file>rts2800_fpu32_eabi.lib</file>
         <name>exit.c.obj</name>
      </input_file>
      <input_file id="fl-31">
         <path>C:\ti\ccs1000\ccs\tools\compiler\lib\</path>
         <kind>archive</kind>
         <file>rts2800_fpu32_eabi.lib</file>
         <name>_lock.c.obj</name>
      </input_file>
      <input_file id="fl-32">
         <path>C:\ti\ccs1000\ccs\tools\compiler\lib\</path>
         <kind>archive</kind>
         <file>rts2800_fpu32_eabi.lib</file>
         <name>args_main.c.obj</name>
      </input_file>
      <input_file id="fl-33">
         <path>C:\ti\ccs1000\ccs\tools\compiler\lib\</path>
         <kind>archive</kind>
         <file>rts2800_fpu32_eabi.lib</file>
         <name>memset.c.obj</name>
      </input_file>
      <input_file id="fl-34">
         <path>C:\ti\ccs1000\ccs\tools\compiler\lib\</path>
         <kind>archive</kind>
         <file>rts2800_fpu32_eabi.lib</file>
         <name>cpy_tbl.c.obj</name>
      </input_file>
      <input_file id="fl-35">
         <path>C:\ti\ccs1000\ccs\tools\compiler\lib\</path>
         <kind>archive</kind>
         <file>rts2800_fpu32_eabi.lib</file>
         <name>memcpy.c.obj</name>
      </input_file>
      <input_file id="fl-36">
         <path>C:\ti\ccs1000\ccs\tools\compiler\lib\</path>
         <kind>archive</kind>
         <file>rts2800_fpu32_eabi.lib</file>
         <name>startup.c.obj</name>
      </input_file>
      <input_file id="fl-37">
         <path>C:\Users\Tinh_deptrai\workspace_v10\pelab_demo_tida_01606\TI_header_file\Lib\</path>
         <kind>archive</kind>
         <file>F2837xRevB_c1bootROM_CLADataROMSymbols_eabi_fpu32.lib</file>
         <name>F2837x_cpu01_bootROM_REVB_out_CLAsincosTable_Coef0_tmp.obj</name>
      </input_file>
      <input_file id="fl-38">
         <path>C:\Users\Tinh_deptrai\workspace_v10\pelab_demo_tida_01606\TI_header_file\Lib\</path>
         <kind>archive</kind>
         <file>F2837xRevB_c1bootROM_CLADataROMSymbols_eabi_fpu32.lib</file>
         <name>F2837x_cpu01_bootROM_REVB_out_CLAsincosTable_Coef1_tmp.obj</name>
      </input_file>
      <input_file id="fl-39">
         <path>C:\Users\Tinh_deptrai\workspace_v10\pelab_demo_tida_01606\TI_header_file\Lib\</path>
         <kind>archive</kind>
         <file>F2837xRevB_c1bootROM_CLADataROMSymbols_eabi_fpu32.lib</file>
         <name>F2837x_cpu01_bootROM_REVB_out_CLAsincosTable_Coef2_tmp.obj</name>
      </input_file>
      <input_file id="fl-3a">
         <path>C:\Users\Tinh_deptrai\workspace_v10\pelab_demo_tida_01606\TI_header_file\Lib\</path>
         <kind>archive</kind>
         <file>F2837xRevB_c1bootROM_CLADataROMSymbols_eabi_fpu32.lib</file>
         <name>F2837x_cpu01_bootROM_REVB_out_CLAsincosTable_Coef3_tmp.obj</name>
      </input_file>
      <input_file id="fl-3b">
         <path>C:\Users\Tinh_deptrai\workspace_v10\pelab_demo_tida_01606\TI_header_file\Lib\</path>
         <kind>archive</kind>
         <file>F2837xRevB_c1bootROM_CLADataROMSymbols_eabi_fpu32.lib</file>
         <name>F2837x_cpu01_bootROM_REVB_out_CLAsincosTable_Cos0_tmp.obj</name>
      </input_file>
      <input_file id="fl-3c">
         <path>C:\Users\Tinh_deptrai\workspace_v10\pelab_demo_tida_01606\TI_header_file\Lib\</path>
         <kind>archive</kind>
         <file>F2837xRevB_c1bootROM_CLADataROMSymbols_eabi_fpu32.lib</file>
         <name>F2837x_cpu01_bootROM_REVB_out_CLAsincosTable_TABLE_MASK_tmp.obj</name>
      </input_file>
      <input_file id="fl-3d">
         <path>C:\Users\Tinh_deptrai\workspace_v10\pelab_demo_tida_01606\TI_header_file\Lib\</path>
         <kind>archive</kind>
         <file>F2837xRevB_c1bootROM_CLADataROMSymbols_eabi_fpu32.lib</file>
         <name>F2837x_cpu01_bootROM_REVB_out_CLAsincosTable_TABLE_SIZEDivTwoPi_tmp.obj</name>
      </input_file>
      <input_file id="fl-3e">
         <path>C:\Users\Tinh_deptrai\workspace_v10\pelab_demo_tida_01606\TI_header_file\Lib\</path>
         <kind>archive</kind>
         <file>F2837xRevB_c1bootROM_CLADataROMSymbols_eabi_fpu32.lib</file>
         <name>F2837x_cpu01_bootROM_REVB_out_CLAsincosTable_TwoPiDivTABLE_SIZE_tmp.obj</name>
      </input_file>
   </input_file_list>
   <object_component_list>
      <object_component id="oc-114">
         <name>PieVectTableFile</name>
         <uninitialized>true</uninitialized>
         <run_address>0xd00</run_address>
         <size>0x1c0</size>
         <input_file_ref idref="fl-5"/>
      </object_component>
      <object_component id="oc-29f">
         <name>AdcaRegsFile</name>
         <uninitialized>true</uninitialized>
         <run_address>0x7400</run_address>
         <size>0x7c</size>
         <input_file_ref idref="fl-5"/>
      </object_component>
      <object_component id="oc-2a2">
         <name>AdcbRegsFile</name>
         <uninitialized>true</uninitialized>
         <run_address>0x7480</run_address>
         <size>0x7c</size>
         <input_file_ref idref="fl-5"/>
      </object_component>
      <object_component id="oc-2a5">
         <name>AdccRegsFile</name>
         <uninitialized>true</uninitialized>
         <run_address>0x7500</run_address>
         <size>0x7c</size>
         <input_file_ref idref="fl-5"/>
      </object_component>
      <object_component id="oc-ed">
         <name>AdcdRegsFile</name>
         <uninitialized>true</uninitialized>
         <run_address>0x7580</run_address>
         <size>0x7c</size>
         <input_file_ref idref="fl-5"/>
      </object_component>
      <object_component id="oc-f9">
         <name>AdcbResultRegsFile</name>
         <uninitialized>true</uninitialized>
         <run_address>0xb20</run_address>
         <size>0x18</size>
         <input_file_ref idref="fl-5"/>
      </object_component>
      <object_component id="oc-f3">
         <name>AdccResultRegsFile</name>
         <uninitialized>true</uninitialized>
         <run_address>0xb40</run_address>
         <size>0x18</size>
         <input_file_ref idref="fl-5"/>
      </object_component>
      <object_component id="oc-279">
         <name>AnalogSubsysRegsFile</name>
         <uninitialized>true</uninitialized>
         <run_address>0x5d180</run_address>
         <size>0x3e</size>
         <input_file_ref idref="fl-5"/>
      </object_component>
      <object_component id="oc-10e">
         <name>Cla1RegsFile</name>
         <uninitialized>true</uninitialized>
         <run_address>0x1400</run_address>
         <size>0x3e</size>
         <input_file_ref idref="fl-5"/>
      </object_component>
      <object_component id="oc-282">
         <name>ClkCfgRegsFile</name>
         <uninitialized>true</uninitialized>
         <run_address>0x5d200</run_address>
         <size>0x32</size>
         <input_file_ref idref="fl-5"/>
      </object_component>
      <object_component id="oc-285">
         <name>CpuTimer1RegsFile</name>
         <uninitialized>true</uninitialized>
         <run_address>0xc08</run_address>
         <size>0x8</size>
         <input_file_ref idref="fl-5"/>
      </object_component>
      <object_component id="oc-288">
         <name>CpuTimer2RegsFile</name>
         <uninitialized>true</uninitialized>
         <run_address>0xc10</run_address>
         <size>0x8</size>
         <input_file_ref idref="fl-5"/>
      </object_component>
      <object_component id="oc-259">
         <name>CpuSysRegsFile</name>
         <uninitialized>true</uninitialized>
         <run_address>0x5d300</run_address>
         <size>0x82</size>
         <input_file_ref idref="fl-5"/>
      </object_component>
      <object_component id="oc-28b">
         <name>DcsmZ1RegsFile</name>
         <uninitialized>true</uninitialized>
         <run_address>0x5f000</run_address>
         <size>0x22</size>
         <input_file_ref idref="fl-5"/>
      </object_component>
      <object_component id="oc-28e">
         <name>DcsmZ2RegsFile</name>
         <uninitialized>true</uninitialized>
         <run_address>0x5f040</run_address>
         <size>0x22</size>
         <input_file_ref idref="fl-5"/>
      </object_component>
      <object_component id="oc-276">
         <name>DevCfgRegsFile</name>
         <uninitialized>true</uninitialized>
         <run_address>0x5d000</run_address>
         <size>0x12e</size>
         <input_file_ref idref="fl-5"/>
      </object_component>
      <object_component id="oc-111">
         <name>DmaClaSrcSelRegsFile</name>
         <uninitialized>true</uninitialized>
         <run_address>0x7980</run_address>
         <size>0x1a</size>
         <input_file_ref idref="fl-5"/>
      </object_component>
      <object_component id="oc-108">
         <name>EPwm1RegsFile</name>
         <uninitialized>true</uninitialized>
         <run_address>0x4000</run_address>
         <size>0x100</size>
         <input_file_ref idref="fl-5"/>
      </object_component>
      <object_component id="oc-2b0">
         <name>EPwm6RegsFile</name>
         <uninitialized>true</uninitialized>
         <run_address>0x4500</run_address>
         <size>0x100</size>
         <input_file_ref idref="fl-5"/>
      </object_component>
      <object_component id="oc-27c">
         <name>FlashPumpSemaphoreRegsFile</name>
         <uninitialized>true</uninitialized>
         <run_address>0x50024</run_address>
         <size>0x2</size>
         <input_file_ref idref="fl-5"/>
      </object_component>
      <object_component id="oc-293">
         <name>GpioCtrlRegsFile</name>
         <uninitialized>true</uninitialized>
         <run_address>0x7c00</run_address>
         <size>0x180</size>
         <input_file_ref idref="fl-5"/>
      </object_component>
      <object_component id="oc-102">
         <name>GpioDataRegsFile</name>
         <uninitialized>true</uninitialized>
         <run_address>0x7f00</run_address>
         <size>0x30</size>
         <input_file_ref idref="fl-5"/>
      </object_component>
      <object_component id="oc-296">
         <name>InputXbarRegsFile</name>
         <uninitialized>true</uninitialized>
         <run_address>0x7900</run_address>
         <size>0x20</size>
         <input_file_ref idref="fl-5"/>
      </object_component>
      <object_component id="oc-10b">
         <name>MemCfgRegsFile</name>
         <uninitialized>true</uninitialized>
         <run_address>0x5f400</run_address>
         <size>0x76</size>
         <input_file_ref idref="fl-5"/>
      </object_component>
      <object_component id="oc-f0">
         <name>PieCtrlRegsFile</name>
         <uninitialized>true</uninitialized>
         <run_address>0xce0</run_address>
         <size>0x1a</size>
         <input_file_ref idref="fl-5"/>
      </object_component>
      <object_component id="oc-27f">
         <name>WdRegsFile</name>
         <uninitialized>true</uninitialized>
         <run_address>0x7000</run_address>
         <size>0x2b</size>
         <input_file_ref idref="fl-5"/>
      </object_component>
      <object_component id="oc-a8">
         <name>codestart</name>
         <load_address>0x0</load_address>
         <run_address>0x0</run_address>
         <size>0x2</size>
         <input_file_ref idref="fl-3"/>
      </object_component>
      <object_component id="oc-b6">
         <name>.text:retain</name>
         <load_address>0xb000</load_address>
         <run_address>0xb000</run_address>
         <size>0x585</size>
         <input_file_ref idref="fl-4"/>
      </object_component>
      <object_component id="oc-22f">
         <name>.text</name>
         <load_address>0xb585</load_address>
         <run_address>0xb585</run_address>
         <size>0x244</size>
         <input_file_ref idref="fl-6"/>
      </object_component>
      <object_component id="oc-1ea">
         <name>.text</name>
         <load_address>0xb7c9</load_address>
         <run_address>0xb7c9</run_address>
         <size>0x35</size>
         <input_file_ref idref="fl-c"/>
      </object_component>
      <object_component id="oc-15b">
         <name>.text</name>
         <load_address>0xb7fe</load_address>
         <run_address>0xb7fe</run_address>
         <size>0x2</size>
         <input_file_ref idref="fl-2b"/>
      </object_component>
      <object_component id="oc-229">
         <name>.text</name>
         <load_address>0xb800</load_address>
         <run_address>0xb800</run_address>
         <size>0x4aa</size>
         <input_file_ref idref="fl-9"/>
      </object_component>
      <object_component id="oc-253">
         <name>.text</name>
         <load_address>0xbcaa</load_address>
         <run_address>0xbcaa</run_address>
         <size>0x144</size>
         <input_file_ref idref="fl-14"/>
      </object_component>
      <object_component id="oc-247">
         <name>.text</name>
         <load_address>0xbdee</load_address>
         <run_address>0xbdee</run_address>
         <size>0x143</size>
         <input_file_ref idref="fl-11"/>
      </object_component>
      <object_component id="oc-c0">
         <name>.text</name>
         <load_address>0xbf31</load_address>
         <run_address>0xbf31</run_address>
         <size>0x93</size>
         <input_file_ref idref="fl-b"/>
      </object_component>
      <object_component id="oc-9b">
         <name>.text:decompress:lzss</name>
         <load_address>0xbfc4</load_address>
         <run_address>0xbfc4</run_address>
         <size>0x31</size>
         <input_file_ref idref="fl-2f"/>
      </object_component>
      <object_component id="oc-263">
         <name>.text</name>
         <load_address>0xbff5</load_address>
         <run_address>0xbff5</run_address>
         <size>0x9</size>
         <input_file_ref idref="fl-31"/>
      </object_component>
      <object_component id="oc-214">
         <name>.text</name>
         <load_address>0xbffe</load_address>
         <run_address>0xbffe</run_address>
         <size>0x1</size>
         <input_file_ref idref="fl-36"/>
      </object_component>
      <object_component id="oc-bf">
         <name>.text:retain</name>
         <load_address>0xc000</load_address>
         <run_address>0xc000</run_address>
         <size>0x13d</size>
         <input_file_ref idref="fl-b"/>
      </object_component>
      <object_component id="oc-2a8">
         <name>.text</name>
         <load_address>0xc13d</load_address>
         <run_address>0xc13d</run_address>
         <size>0xf0</size>
         <input_file_ref idref="fl-2"/>
      </object_component>
      <object_component id="oc-24d">
         <name>.text</name>
         <load_address>0xc22d</load_address>
         <run_address>0xc22d</run_address>
         <size>0x6e</size>
         <input_file_ref idref="fl-13"/>
      </object_component>
      <object_component id="oc-241">
         <name>.text</name>
         <load_address>0xc29b</load_address>
         <run_address>0xc29b</run_address>
         <size>0x4e</size>
         <input_file_ref idref="fl-15"/>
      </object_component>
      <object_component id="oc-1ba">
         <name>.text:__TI_auto_init_nobinit_nopinit</name>
         <load_address>0xc2e9</load_address>
         <run_address>0xc2e9</run_address>
         <size>0x2b</size>
         <input_file_ref idref="fl-2c"/>
      </object_component>
      <object_component id="oc-168">
         <name>.text</name>
         <load_address>0xc314</load_address>
         <run_address>0xc314</run_address>
         <size>0x29</size>
         <input_file_ref idref="fl-30"/>
      </object_component>
      <object_component id="oc-235">
         <name>.text</name>
         <load_address>0xc33d</load_address>
         <run_address>0xc33d</run_address>
         <size>0x28</size>
         <input_file_ref idref="fl-7"/>
      </object_component>
      <object_component id="oc-23b">
         <name>.text</name>
         <load_address>0xc365</load_address>
         <run_address>0xc365</run_address>
         <size>0x26</size>
         <input_file_ref idref="fl-8"/>
      </object_component>
      <object_component id="oc-ce">
         <name>.text</name>
         <load_address>0xc38b</load_address>
         <run_address>0xc38b</run_address>
         <size>0x1d</size>
         <input_file_ref idref="fl-35"/>
      </object_component>
      <object_component id="oc-e2">
         <name>.text</name>
         <load_address>0xc3a8</load_address>
         <run_address>0xc3a8</run_address>
         <size>0x17</size>
         <input_file_ref idref="fl-2a"/>
      </object_component>
      <object_component id="oc-d6">
         <name>.text:decompress:ZI:__TI_zero_init_nomemset</name>
         <load_address>0xc3bf</load_address>
         <run_address>0xc3bf</run_address>
         <size>0xd</size>
         <input_file_ref idref="fl-2d"/>
      </object_component>
      <object_component id="oc-162">
         <name>.text</name>
         <load_address>0xc3cc</load_address>
         <run_address>0xc3cc</run_address>
         <size>0xc</size>
         <input_file_ref idref="fl-32"/>
      </object_component>
      <object_component id="oc-a1">
         <name>.text:decompress:none</name>
         <load_address>0xc3d8</load_address>
         <run_address>0xc3d8</run_address>
         <size>0x8</size>
         <input_file_ref idref="fl-2e"/>
      </object_component>
      <object_component id="oc-3ac">
         <name>.cinit..data.load</name>
         <load_address>0x124</load_address>
         <run_address>0x124</run_address>
         <size>0x17</size>
      </object_component>
      <object_component id="oc-3a9">
         <name>__TI_handler_table</name>
         <load_address>0x13c</load_address>
         <run_address>0x13c</run_address>
         <size>0x6</size>
      </object_component>
      <object_component id="oc-3ab">
         <name>.cinit..bss.load</name>
         <load_address>0x142</load_address>
         <run_address>0x142</run_address>
         <size>0x4</size>
      </object_component>
      <object_component id="oc-3ae">
         <name>.cinit..scratchpad.load</name>
         <load_address>0x146</load_address>
         <run_address>0x146</run_address>
         <size>0x4</size>
      </object_component>
      <object_component id="oc-3ad">
         <name>.cinit.Cla1ToCpuMsgRAM.load</name>
         <load_address>0x14a</load_address>
         <run_address>0x14a</run_address>
         <size>0x4</size>
      </object_component>
      <object_component id="oc-3aa">
         <name>__TI_cinit_table</name>
         <load_address>0x150</load_address>
         <run_address>0x150</run_address>
         <size>0x10</size>
      </object_component>
      <object_component id="oc-cb">
         <name>.stack</name>
         <uninitialized>true</uninitialized>
         <run_address>0x400</run_address>
         <size>0x0</size>
         <input_file_ref idref="fl-2a"/>
      </object_component>
      <object_component id="oc-3af">
         <name>.stack</name>
         <uninitialized>true</uninitialized>
         <run_address>0x400</run_address>
         <size>0x0</size>
      </object_component>
      <object_component id="oc-f6">
         <name>.bss</name>
         <uninitialized>true</uninitialized>
         <run_address>0xe03a</run_address>
         <size>0x4</size>
         <input_file_ref idref="fl-b"/>
      </object_component>
      <object_component id="oc-182">
         <name>.bss</name>
         <uninitialized>true</uninitialized>
         <run_address>0xe000</run_address>
         <size>0x20</size>
         <input_file_ref idref="fl-d"/>
      </object_component>
      <object_component id="oc-18a">
         <name>.bss</name>
         <uninitialized>true</uninitialized>
         <run_address>0xe020</run_address>
         <size>0x1a</size>
         <input_file_ref idref="fl-15"/>
      </object_component>
      <object_component id="oc-bc">
         <name>.const</name>
         <load_address>0xf000</load_address>
         <run_address>0xf000</run_address>
         <size>0x1c0</size>
         <input_file_ref idref="fl-8"/>
      </object_component>
      <object_component id="oc-ff">
         <name>.data</name>
         <load_address>0xf1c0</load_address>
         <run_address>0xf1c0</run_address>
         <size>0xa</size>
         <input_file_ref idref="fl-d"/>
      </object_component>
      <object_component id="oc-105">
         <name>.data</name>
         <load_address>0xf1d0</load_address>
         <run_address>0xf1d0</run_address>
         <size>0x4</size>
         <input_file_ref idref="fl-15"/>
      </object_component>
      <object_component id="oc-1f2">
         <name>.data</name>
         <load_address>0xf1ca</load_address>
         <run_address>0xf1ca</run_address>
         <size>0x6</size>
         <input_file_ref idref="fl-30"/>
      </object_component>
      <object_component id="oc-1f5">
         <name>.data:_lock</name>
         <load_address>0xf1d4</load_address>
         <run_address>0xf1d4</run_address>
         <size>0x2</size>
         <input_file_ref idref="fl-31"/>
      </object_component>
      <object_component id="oc-2bc">
         <name>.data:_unlock</name>
         <load_address>0xf1d6</load_address>
         <run_address>0xf1d6</run_address>
         <size>0x2</size>
         <input_file_ref idref="fl-31"/>
      </object_component>
      <object_component id="oc-117">
         <name>Cla1Prog:Cla1Task1</name>
         <load_address>0x8000</load_address>
         <run_address>0x8000</run_address>
         <size>0x10e</size>
         <input_file_ref idref="fl-e"/>
      </object_component>
      <object_component id="oc-141">
         <name>Cla1Prog:Cla1Task8</name>
         <load_address>0x810e</load_address>
         <run_address>0x810e</run_address>
         <size>0x4e</size>
         <input_file_ref idref="fl-e"/>
      </object_component>
      <object_component id="oc-19f">
         <name>Cla1Prog:_CLAsin</name>
         <load_address>0x815c</load_address>
         <run_address>0x815c</run_address>
         <size>0x38</size>
         <input_file_ref idref="fl-1e"/>
      </object_component>
      <object_component id="oc-19a">
         <name>Cla1Prog:_CLAdiv</name>
         <load_address>0x8194</load_address>
         <run_address>0x8194</run_address>
         <size>0x1a</size>
         <input_file_ref idref="fl-1d"/>
      </object_component>
      <object_component id="oc-11d">
         <name>Cla1Prog:Cla1Task2</name>
         <load_address>0x81ae</load_address>
         <run_address>0x81ae</run_address>
         <size>0x8</size>
         <input_file_ref idref="fl-e"/>
      </object_component>
      <object_component id="oc-123">
         <name>Cla1Prog:Cla1Task3</name>
         <load_address>0x81b6</load_address>
         <run_address>0x81b6</run_address>
         <size>0x8</size>
         <input_file_ref idref="fl-e"/>
      </object_component>
      <object_component id="oc-129">
         <name>Cla1Prog:Cla1Task4</name>
         <load_address>0x81be</load_address>
         <run_address>0x81be</run_address>
         <size>0x8</size>
         <input_file_ref idref="fl-e"/>
      </object_component>
      <object_component id="oc-12f">
         <name>Cla1Prog:Cla1Task5</name>
         <load_address>0x81c6</load_address>
         <run_address>0x81c6</run_address>
         <size>0x8</size>
         <input_file_ref idref="fl-e"/>
      </object_component>
      <object_component id="oc-135">
         <name>Cla1Prog:Cla1Task6</name>
         <load_address>0x81ce</load_address>
         <run_address>0x81ce</run_address>
         <size>0x8</size>
         <input_file_ref idref="fl-e"/>
      </object_component>
      <object_component id="oc-13b">
         <name>Cla1Prog:Cla1Task7</name>
         <load_address>0x81d6</load_address>
         <run_address>0x81d6</run_address>
         <size>0x8</size>
         <input_file_ref idref="fl-e"/>
      </object_component>
      <object_component id="oc-fc">
         <name>Cla1ToCpuMsgRAM</name>
         <uninitialized>true</uninitialized>
         <run_address>0x1480</run_address>
         <size>0x22</size>
         <input_file_ref idref="fl-b"/>
      </object_component>
      <object_component id="oc-207">
         <name>.scratchpad:Cla1Prog:_CLAdiv</name>
         <uninitialized>true</uninitialized>
         <run_address>0xa100</run_address>
         <size>0x4</size>
         <input_file_ref idref="fl-1d"/>
      </object_component>
      <object_component id="oc-209">
         <name>.scratchpad:Cla1Prog:_CLAsin</name>
         <uninitialized>true</uninitialized>
         <run_address>0xa100</run_address>
         <size>0x2</size>
         <input_file_ref idref="fl-1e"/>
      </object_component>
      <object_component id="oc-2ef">
         <name>.debug_types</name>
         <load_address>0x0</load_address>
         <run_address>0x0</run_address>
         <size>0x52e6</size>
         <input_file_ref idref="fl-2"/>
      </object_component>
      <object_component id="oc-e9">
         <name>.debug_types</name>
         <load_address>0x0</load_address>
         <run_address>0x0</run_address>
         <size>0x0</size>
         <input_file_ref idref="fl-4"/>
      </object_component>
      <object_component id="oc-177">
         <name>.debug_types</name>
         <load_address>0x52e6</load_address>
         <run_address>0x52e6</run_address>
         <size>0x5accc</size>
         <input_file_ref idref="fl-5"/>
      </object_component>
      <object_component id="oc-29a">
         <name>.debug_types</name>
         <load_address>0x5ffb2</load_address>
         <run_address>0x5ffb2</run_address>
         <size>0x5a</size>
         <input_file_ref idref="fl-6"/>
      </object_component>
      <object_component id="oc-29c">
         <name>.debug_types</name>
         <load_address>0x0</load_address>
         <run_address>0x0</run_address>
         <size>0x0</size>
         <input_file_ref idref="fl-7"/>
      </object_component>
      <object_component id="oc-ec">
         <name>.debug_types</name>
         <load_address>0x6000c</load_address>
         <run_address>0x6000c</run_address>
         <size>0x5a</size>
         <input_file_ref idref="fl-8"/>
      </object_component>
      <object_component id="oc-292">
         <name>.debug_types</name>
         <load_address>0x60066</load_address>
         <run_address>0x60066</run_address>
         <size>0x2f</size>
         <input_file_ref idref="fl-9"/>
      </object_component>
      <object_component id="oc-148">
         <name>.debug_types</name>
         <load_address>0x60095</load_address>
         <run_address>0x60095</run_address>
         <size>0x508</size>
         <input_file_ref idref="fl-b"/>
      </object_component>
      <object_component id="oc-25d">
         <name>.debug_types</name>
         <load_address>0x0</load_address>
         <run_address>0x0</run_address>
         <size>0x0</size>
         <input_file_ref idref="fl-c"/>
      </object_component>
      <object_component id="oc-187">
         <name>.debug_types</name>
         <load_address>0x6059d</load_address>
         <run_address>0x6059d</run_address>
         <size>0x435</size>
         <input_file_ref idref="fl-d"/>
      </object_component>
      <object_component id="oc-1a5">
         <name>.debug_types</name>
         <load_address>0x609d2</load_address>
         <run_address>0x609d2</run_address>
         <size>0xe5</size>
         <input_file_ref idref="fl-e"/>
      </object_component>
      <object_component id="oc-2af">
         <name>.debug_types</name>
         <load_address>0x0</load_address>
         <run_address>0x0</run_address>
         <size>0x0</size>
         <input_file_ref idref="fl-11"/>
      </object_component>
      <object_component id="oc-2b4">
         <name>.debug_types</name>
         <load_address>0x0</load_address>
         <run_address>0x0</run_address>
         <size>0x0</size>
         <input_file_ref idref="fl-13"/>
      </object_component>
      <object_component id="oc-2b6">
         <name>.debug_types</name>
         <load_address>0x0</load_address>
         <run_address>0x0</run_address>
         <size>0x0</size>
         <input_file_ref idref="fl-14"/>
      </object_component>
      <object_component id="oc-18f">
         <name>.debug_types</name>
         <load_address>0x60ab7</load_address>
         <run_address>0x60ab7</run_address>
         <size>0x1bf</size>
         <input_file_ref idref="fl-15"/>
      </object_component>
      <object_component id="oc-1b9">
         <name>.debug_types</name>
         <load_address>0x0</load_address>
         <run_address>0x0</run_address>
         <size>0x0</size>
         <input_file_ref idref="fl-2b"/>
      </object_component>
      <object_component id="oc-21b">
         <name>.debug_types</name>
         <load_address>0x60c76</load_address>
         <run_address>0x60c76</run_address>
         <size>0x4f5</size>
         <input_file_ref idref="fl-2c"/>
      </object_component>
      <object_component id="oc-153">
         <name>.debug_types</name>
         <load_address>0x6116b</load_address>
         <run_address>0x6116b</run_address>
         <size>0x1f3</size>
         <input_file_ref idref="fl-2d"/>
      </object_component>
      <object_component id="oc-d5">
         <name>.debug_types</name>
         <load_address>0x0</load_address>
         <run_address>0x0</run_address>
         <size>0x0</size>
         <input_file_ref idref="fl-2e"/>
      </object_component>
      <object_component id="oc-cd">
         <name>.debug_types</name>
         <load_address>0x6135e</load_address>
         <run_address>0x6135e</run_address>
         <size>0x191</size>
         <input_file_ref idref="fl-2f"/>
      </object_component>
      <object_component id="oc-1f9">
         <name>.debug_types</name>
         <load_address>0x614ef</load_address>
         <run_address>0x614ef</run_address>
         <size>0xbf</size>
         <input_file_ref idref="fl-30"/>
      </object_component>
      <object_component id="oc-26b">
         <name>.debug_types</name>
         <load_address>0x615ae</load_address>
         <run_address>0x615ae</run_address>
         <size>0x2f</size>
         <input_file_ref idref="fl-31"/>
      </object_component>
      <object_component id="oc-1f1">
         <name>.debug_types</name>
         <load_address>0x615dd</load_address>
         <run_address>0x615dd</run_address>
         <size>0xe1</size>
         <input_file_ref idref="fl-32"/>
      </object_component>
      <object_component id="oc-14e">
         <name>.debug_types</name>
         <load_address>0x616be</load_address>
         <run_address>0x616be</run_address>
         <size>0xb8</size>
         <input_file_ref idref="fl-35"/>
      </object_component>
      <object_component id="oc-270">
         <name>.debug_types</name>
         <load_address>0x0</load_address>
         <run_address>0x0</run_address>
         <size>0x0</size>
         <input_file_ref idref="fl-36"/>
      </object_component>
      <object_component id="oc-2a9">
         <name>.debug_info</name>
         <load_address>0x0</load_address>
         <run_address>0x0</run_address>
         <size>0x372</size>
         <input_file_ref idref="fl-2"/>
      </object_component>
      <object_component id="oc-ab">
         <name>.debug_info</name>
         <load_address>0x372</load_address>
         <run_address>0x372</run_address>
         <size>0x1d7</size>
         <input_file_ref idref="fl-3"/>
      </object_component>
      <object_component id="oc-b7">
         <name>.debug_info</name>
         <load_address>0x549</load_address>
         <run_address>0x549</run_address>
         <size>0x52e3</size>
         <input_file_ref idref="fl-4"/>
      </object_component>
      <object_component id="oc-27d">
         <name>.debug_info</name>
         <load_address>0x582c</load_address>
         <run_address>0x582c</run_address>
         <size>0x196</size>
         <input_file_ref idref="fl-5"/>
      </object_component>
      <object_component id="oc-286">
         <name>.debug_info</name>
         <load_address>0x59c2</load_address>
         <run_address>0x59c2</run_address>
         <size>0x184</size>
         <input_file_ref idref="fl-5"/>
      </object_component>
      <object_component id="oc-289">
         <name>.debug_info</name>
         <load_address>0x5b46</load_address>
         <run_address>0x5b46</run_address>
         <size>0x184</size>
         <input_file_ref idref="fl-5"/>
      </object_component>
      <object_component id="oc-fa">
         <name>.debug_info</name>
         <load_address>0x5cca</load_address>
         <run_address>0x5cca</run_address>
         <size>0x185</size>
         <input_file_ref idref="fl-5"/>
      </object_component>
      <object_component id="oc-f4">
         <name>.debug_info</name>
         <load_address>0x5e4f</load_address>
         <run_address>0x5e4f</run_address>
         <size>0x185</size>
         <input_file_ref idref="fl-5"/>
      </object_component>
      <object_component id="oc-112">
         <name>.debug_info</name>
         <load_address>0x5fd4</load_address>
         <run_address>0x5fd4</run_address>
         <size>0x18a</size>
         <input_file_ref idref="fl-5"/>
      </object_component>
      <object_component id="oc-f1">
         <name>.debug_info</name>
         <load_address>0x615e</load_address>
         <run_address>0x615e</run_address>
         <size>0x180</size>
         <input_file_ref idref="fl-5"/>
      </object_component>
      <object_component id="oc-297">
         <name>.debug_info</name>
         <load_address>0x62de</load_address>
         <run_address>0x62de</run_address>
         <size>0x184</size>
         <input_file_ref idref="fl-5"/>
      </object_component>
      <object_component id="oc-28c">
         <name>.debug_info</name>
         <load_address>0x6462</load_address>
         <run_address>0x6462</run_address>
         <size>0x17e</size>
         <input_file_ref idref="fl-5"/>
      </object_component>
      <object_component id="oc-28f">
         <name>.debug_info</name>
         <load_address>0x65e0</load_address>
         <run_address>0x65e0</run_address>
         <size>0x17e</size>
         <input_file_ref idref="fl-5"/>
      </object_component>
      <object_component id="oc-280">
         <name>.debug_info</name>
         <load_address>0x675e</load_address>
         <run_address>0x675e</run_address>
         <size>0x176</size>
         <input_file_ref idref="fl-5"/>
      </object_component>
      <object_component id="oc-103">
         <name>.debug_info</name>
         <load_address>0x68d4</load_address>
         <run_address>0x68d4</run_address>
         <size>0x182</size>
         <input_file_ref idref="fl-5"/>
      </object_component>
      <object_component id="oc-283">
         <name>.debug_info</name>
         <load_address>0x6a56</load_address>
         <run_address>0x6a56</run_address>
         <size>0x17e</size>
         <input_file_ref idref="fl-5"/>
      </object_component>
      <object_component id="oc-27a">
         <name>.debug_info</name>
         <load_address>0x6bd4</load_address>
         <run_address>0x6bd4</run_address>
         <size>0x189</size>
         <input_file_ref idref="fl-5"/>
      </object_component>
      <object_component id="oc-10f">
         <name>.debug_info</name>
         <load_address>0x6d5d</load_address>
         <run_address>0x6d5d</run_address>
         <size>0x179</size>
         <input_file_ref idref="fl-5"/>
      </object_component>
      <object_component id="oc-10c">
         <name>.debug_info</name>
         <load_address>0x6ed6</load_address>
         <run_address>0x6ed6</run_address>
         <size>0x17e</size>
         <input_file_ref idref="fl-5"/>
      </object_component>
      <object_component id="oc-2a0">
         <name>.debug_info</name>
         <load_address>0x7054</load_address>
         <run_address>0x7054</run_address>
         <size>0x179</size>
         <input_file_ref idref="fl-5"/>
      </object_component>
      <object_component id="oc-2a3">
         <name>.debug_info</name>
         <load_address>0x71cd</load_address>
         <run_address>0x71cd</run_address>
         <size>0x179</size>
         <input_file_ref idref="fl-5"/>
      </object_component>
      <object_component id="oc-2a6">
         <name>.debug_info</name>
         <load_address>0x7346</load_address>
         <run_address>0x7346</run_address>
         <size>0x179</size>
         <input_file_ref idref="fl-5"/>
      </object_component>
      <object_component id="oc-ee">
         <name>.debug_info</name>
         <load_address>0x74bf</load_address>
         <run_address>0x74bf</run_address>
         <size>0x179</size>
         <input_file_ref idref="fl-5"/>
      </object_component>
      <object_component id="oc-25a">
         <name>.debug_info</name>
         <load_address>0x7638</load_address>
         <run_address>0x7638</run_address>
         <size>0x17e</size>
         <input_file_ref idref="fl-5"/>
      </object_component>
      <object_component id="oc-109">
         <name>.debug_info</name>
         <load_address>0x77b6</load_address>
         <run_address>0x77b6</run_address>
         <size>0x17c</size>
         <input_file_ref idref="fl-5"/>
      </object_component>
      <object_component id="oc-2b1">
         <name>.debug_info</name>
         <load_address>0x7932</load_address>
         <run_address>0x7932</run_address>
         <size>0x17c</size>
         <input_file_ref idref="fl-5"/>
      </object_component>
      <object_component id="oc-277">
         <name>.debug_info</name>
         <load_address>0x7aae</load_address>
         <run_address>0x7aae</run_address>
         <size>0x17e</size>
         <input_file_ref idref="fl-5"/>
      </object_component>
      <object_component id="oc-294">
         <name>.debug_info</name>
         <load_address>0x7c2c</load_address>
         <run_address>0x7c2c</run_address>
         <size>0x182</size>
         <input_file_ref idref="fl-5"/>
      </object_component>
      <object_component id="oc-115">
         <name>.debug_info</name>
         <load_address>0x7dae</load_address>
         <run_address>0x7dae</run_address>
         <size>0x182</size>
         <input_file_ref idref="fl-5"/>
      </object_component>
      <object_component id="oc-230">
         <name>.debug_info</name>
         <load_address>0x7f30</load_address>
         <run_address>0x7f30</run_address>
         <size>0xfc2</size>
         <input_file_ref idref="fl-6"/>
      </object_component>
      <object_component id="oc-238">
         <name>.debug_info</name>
         <load_address>0x8ef2</load_address>
         <run_address>0x8ef2</run_address>
         <size>0x291</size>
         <input_file_ref idref="fl-7"/>
      </object_component>
      <object_component id="oc-bd">
         <name>.debug_info</name>
         <load_address>0x9183</load_address>
         <run_address>0x9183</run_address>
         <size>0x17f</size>
         <input_file_ref idref="fl-8"/>
      </object_component>
      <object_component id="oc-23c">
         <name>.debug_info</name>
         <load_address>0x9302</load_address>
         <run_address>0x9302</run_address>
         <size>0x22b</size>
         <input_file_ref idref="fl-8"/>
      </object_component>
      <object_component id="oc-22d">
         <name>.debug_info</name>
         <load_address>0x952d</load_address>
         <run_address>0x952d</run_address>
         <size>0x12fb</size>
         <input_file_ref idref="fl-9"/>
      </object_component>
      <object_component id="oc-fd">
         <name>.debug_info</name>
         <load_address>0xa828</load_address>
         <run_address>0xa828</run_address>
         <size>0x1be</size>
         <input_file_ref idref="fl-b"/>
      </object_component>
      <object_component id="oc-f7">
         <name>.debug_info</name>
         <load_address>0xa9e6</load_address>
         <run_address>0xa9e6</run_address>
         <size>0x178</size>
         <input_file_ref idref="fl-b"/>
      </object_component>
      <object_component id="oc-c2">
         <name>.debug_info</name>
         <load_address>0xab5e</load_address>
         <run_address>0xab5e</run_address>
         <size>0x32f</size>
         <input_file_ref idref="fl-b"/>
      </object_component>
      <object_component id="oc-c6">
         <name>.debug_info</name>
         <load_address>0xae8d</load_address>
         <run_address>0xae8d</run_address>
         <size>0x6a2</size>
         <input_file_ref idref="fl-b"/>
      </object_component>
      <object_component id="oc-1eb">
         <name>.debug_info</name>
         <load_address>0xb52f</load_address>
         <run_address>0xb52f</run_address>
         <size>0x3ae</size>
         <input_file_ref idref="fl-c"/>
      </object_component>
      <object_component id="oc-100">
         <name>.debug_info</name>
         <load_address>0xb8dd</load_address>
         <run_address>0xb8dd</run_address>
         <size>0x1ff</size>
         <input_file_ref idref="fl-d"/>
      </object_component>
      <object_component id="oc-183">
         <name>.debug_info</name>
         <load_address>0xbadc</load_address>
         <run_address>0xbadc</run_address>
         <size>0x221</size>
         <input_file_ref idref="fl-d"/>
      </object_component>
      <object_component id="oc-11a">
         <name>.debug_info</name>
         <load_address>0xbcfd</load_address>
         <run_address>0xbcfd</run_address>
         <size>0x2d6</size>
         <input_file_ref idref="fl-e"/>
      </object_component>
      <object_component id="oc-120">
         <name>.debug_info</name>
         <load_address>0xbfd3</load_address>
         <run_address>0xbfd3</run_address>
         <size>0x216</size>
         <input_file_ref idref="fl-e"/>
      </object_component>
      <object_component id="oc-124">
         <name>.debug_info</name>
         <load_address>0xc1e9</load_address>
         <run_address>0xc1e9</run_address>
         <size>0x216</size>
         <input_file_ref idref="fl-e"/>
      </object_component>
      <object_component id="oc-12a">
         <name>.debug_info</name>
         <load_address>0xc3ff</load_address>
         <run_address>0xc3ff</run_address>
         <size>0x216</size>
         <input_file_ref idref="fl-e"/>
      </object_component>
      <object_component id="oc-133">
         <name>.debug_info</name>
         <load_address>0xc615</load_address>
         <run_address>0xc615</run_address>
         <size>0x216</size>
         <input_file_ref idref="fl-e"/>
      </object_component>
      <object_component id="oc-137">
         <name>.debug_info</name>
         <load_address>0xc82b</load_address>
         <run_address>0xc82b</run_address>
         <size>0x216</size>
         <input_file_ref idref="fl-e"/>
      </object_component>
      <object_component id="oc-13d">
         <name>.debug_info</name>
         <load_address>0xca41</load_address>
         <run_address>0xca41</run_address>
         <size>0x216</size>
         <input_file_ref idref="fl-e"/>
      </object_component>
      <object_component id="oc-143">
         <name>.debug_info</name>
         <load_address>0xcc57</load_address>
         <run_address>0xcc57</run_address>
         <size>0x216</size>
         <input_file_ref idref="fl-e"/>
      </object_component>
      <object_component id="oc-249">
         <name>.debug_info</name>
         <load_address>0xce6d</load_address>
         <run_address>0xce6d</run_address>
         <size>0x24f</size>
         <input_file_ref idref="fl-11"/>
      </object_component>
      <object_component id="oc-24f">
         <name>.debug_info</name>
         <load_address>0xd0bc</load_address>
         <run_address>0xd0bc</run_address>
         <size>0x237</size>
         <input_file_ref idref="fl-13"/>
      </object_component>
      <object_component id="oc-255">
         <name>.debug_info</name>
         <load_address>0xd2f3</load_address>
         <run_address>0xd2f3</run_address>
         <size>0x9d0</size>
         <input_file_ref idref="fl-14"/>
      </object_component>
      <object_component id="oc-106">
         <name>.debug_info</name>
         <load_address>0xdcc3</load_address>
         <run_address>0xdcc3</run_address>
         <size>0x1ba</size>
         <input_file_ref idref="fl-15"/>
      </object_component>
      <object_component id="oc-18b">
         <name>.debug_info</name>
         <load_address>0xde7d</load_address>
         <run_address>0xde7d</run_address>
         <size>0x1b6</size>
         <input_file_ref idref="fl-15"/>
      </object_component>
      <object_component id="oc-242">
         <name>.debug_info</name>
         <load_address>0xe033</load_address>
         <run_address>0xe033</run_address>
         <size>0x219</size>
         <input_file_ref idref="fl-15"/>
      </object_component>
      <object_component id="oc-19b">
         <name>.debug_info</name>
         <load_address>0xe24c</load_address>
         <run_address>0xe24c</run_address>
         <size>0x138</size>
         <input_file_ref idref="fl-1d"/>
      </object_component>
      <object_component id="oc-1a0">
         <name>.debug_info</name>
         <load_address>0xe384</load_address>
         <run_address>0xe384</run_address>
         <size>0x138</size>
         <input_file_ref idref="fl-1e"/>
      </object_component>
      <object_component id="oc-e4">
         <name>.debug_info</name>
         <load_address>0xe4bc</load_address>
         <run_address>0xe4bc</run_address>
         <size>0x159</size>
         <input_file_ref idref="fl-2a"/>
      </object_component>
      <object_component id="oc-15c">
         <name>.debug_info</name>
         <load_address>0xe615</load_address>
         <run_address>0xe615</run_address>
         <size>0x14e</size>
         <input_file_ref idref="fl-2b"/>
      </object_component>
      <object_component id="oc-1bb">
         <name>.debug_info</name>
         <load_address>0xe763</load_address>
         <run_address>0xe763</run_address>
         <size>0x1c0</size>
         <input_file_ref idref="fl-2c"/>
      </object_component>
      <object_component id="oc-da">
         <name>.debug_info</name>
         <load_address>0xe923</load_address>
         <run_address>0xe923</run_address>
         <size>0x1b7</size>
         <input_file_ref idref="fl-2d"/>
      </object_component>
      <object_component id="oc-a2">
         <name>.debug_info</name>
         <load_address>0xeada</load_address>
         <run_address>0xeada</run_address>
         <size>0x1b8</size>
         <input_file_ref idref="fl-2e"/>
      </object_component>
      <object_component id="oc-9f">
         <name>.debug_info</name>
         <load_address>0xec92</load_address>
         <run_address>0xec92</run_address>
         <size>0x20d</size>
         <input_file_ref idref="fl-2f"/>
      </object_component>
      <object_component id="oc-1f3">
         <name>.debug_info</name>
         <load_address>0xee9f</load_address>
         <run_address>0xee9f</run_address>
         <size>0x19f</size>
         <input_file_ref idref="fl-30"/>
      </object_component>
      <object_component id="oc-169">
         <name>.debug_info</name>
         <load_address>0xf03e</load_address>
         <run_address>0xf03e</run_address>
         <size>0x1aa</size>
         <input_file_ref idref="fl-30"/>
      </object_component>
      <object_component id="oc-1f6">
         <name>.debug_info</name>
         <load_address>0xf1e8</load_address>
         <run_address>0xf1e8</run_address>
         <size>0x108</size>
         <input_file_ref idref="fl-31"/>
      </object_component>
      <object_component id="oc-2bd">
         <name>.debug_info</name>
         <load_address>0xf2f0</load_address>
         <run_address>0xf2f0</run_address>
         <size>0x10c</size>
         <input_file_ref idref="fl-31"/>
      </object_component>
      <object_component id="oc-264">
         <name>.debug_info</name>
         <load_address>0xf3fc</load_address>
         <run_address>0xf3fc</run_address>
         <size>0x204</size>
         <input_file_ref idref="fl-31"/>
      </object_component>
      <object_component id="oc-165">
         <name>.debug_info</name>
         <load_address>0xf600</load_address>
         <run_address>0xf600</run_address>
         <size>0x15e</size>
         <input_file_ref idref="fl-32"/>
      </object_component>
      <object_component id="oc-d2">
         <name>.debug_info</name>
         <load_address>0xf75e</load_address>
         <run_address>0xf75e</run_address>
         <size>0x19c</size>
         <input_file_ref idref="fl-35"/>
      </object_component>
      <object_component id="oc-218">
         <name>.debug_info</name>
         <load_address>0xf8fa</load_address>
         <run_address>0xf8fa</run_address>
         <size>0x148</size>
         <input_file_ref idref="fl-36"/>
      </object_component>
      <object_component id="oc-3b3">
         <name>.debug_info</name>
         <load_address>0xfa42</load_address>
         <run_address>0xfa42</run_address>
         <size>0xdc</size>
      </object_component>
      <object_component id="oc-2ac">
         <name>.debug_line</name>
         <load_address>0x0</load_address>
         <run_address>0x0</run_address>
         <size>0x161</size>
         <input_file_ref idref="fl-2"/>
      </object_component>
      <object_component id="oc-2fe">
         <name>.debug_line</name>
         <load_address>0x161</load_address>
         <run_address>0x161</run_address>
         <size>0x8a</size>
         <input_file_ref idref="fl-2"/>
      </object_component>
      <object_component id="oc-a9">
         <name>.debug_line</name>
         <load_address>0x1eb</load_address>
         <run_address>0x1eb</run_address>
         <size>0xa2</size>
         <input_file_ref idref="fl-3"/>
      </object_component>
      <object_component id="oc-bb">
         <name>.debug_line</name>
         <load_address>0x28d</load_address>
         <run_address>0x28d</run_address>
         <size>0xd34</size>
         <input_file_ref idref="fl-4"/>
      </object_component>
      <object_component id="oc-170">
         <name>.debug_line</name>
         <load_address>0xfc1</load_address>
         <run_address>0xfc1</run_address>
         <size>0x21</size>
         <input_file_ref idref="fl-4"/>
      </object_component>
      <object_component id="oc-2ce">
         <name>.debug_line</name>
         <load_address>0xfe2</load_address>
         <run_address>0xfe2</run_address>
         <size>0x98</size>
         <input_file_ref idref="fl-5"/>
      </object_component>
      <object_component id="oc-2d4">
         <name>.debug_line</name>
         <load_address>0x107a</load_address>
         <run_address>0x107a</run_address>
         <size>0x98</size>
         <input_file_ref idref="fl-5"/>
      </object_component>
      <object_component id="oc-2d6">
         <name>.debug_line</name>
         <load_address>0x1112</load_address>
         <run_address>0x1112</run_address>
         <size>0x98</size>
         <input_file_ref idref="fl-5"/>
      </object_component>
      <object_component id="oc-17f">
         <name>.debug_line</name>
         <load_address>0x11aa</load_address>
         <run_address>0x11aa</run_address>
         <size>0x98</size>
         <input_file_ref idref="fl-5"/>
      </object_component>
      <object_component id="oc-17b">
         <name>.debug_line</name>
         <load_address>0x1242</load_address>
         <run_address>0x1242</run_address>
         <size>0x98</size>
         <input_file_ref idref="fl-5"/>
      </object_component>
      <object_component id="oc-197">
         <name>.debug_line</name>
         <load_address>0x12da</load_address>
         <run_address>0x12da</run_address>
         <size>0x98</size>
         <input_file_ref idref="fl-5"/>
      </object_component>
      <object_component id="oc-179">
         <name>.debug_line</name>
         <load_address>0x1372</load_address>
         <run_address>0x1372</run_address>
         <size>0x98</size>
         <input_file_ref idref="fl-5"/>
      </object_component>
      <object_component id="oc-2e1">
         <name>.debug_line</name>
         <load_address>0x140a</load_address>
         <run_address>0x140a</run_address>
         <size>0x98</size>
         <input_file_ref idref="fl-5"/>
      </object_component>
      <object_component id="oc-2d8">
         <name>.debug_line</name>
         <load_address>0x14a2</load_address>
         <run_address>0x14a2</run_address>
         <size>0x98</size>
         <input_file_ref idref="fl-5"/>
      </object_component>
      <object_component id="oc-2da">
         <name>.debug_line</name>
         <load_address>0x153a</load_address>
         <run_address>0x153a</run_address>
         <size>0x98</size>
         <input_file_ref idref="fl-5"/>
      </object_component>
      <object_component id="oc-2d0">
         <name>.debug_line</name>
         <load_address>0x15d2</load_address>
         <run_address>0x15d2</run_address>
         <size>0x98</size>
         <input_file_ref idref="fl-5"/>
      </object_component>
      <object_component id="oc-189">
         <name>.debug_line</name>
         <load_address>0x166a</load_address>
         <run_address>0x166a</run_address>
         <size>0x98</size>
         <input_file_ref idref="fl-5"/>
      </object_component>
      <object_component id="oc-2d2">
         <name>.debug_line</name>
         <load_address>0x1702</load_address>
         <run_address>0x1702</run_address>
         <size>0x98</size>
         <input_file_ref idref="fl-5"/>
      </object_component>
      <object_component id="oc-2cc">
         <name>.debug_line</name>
         <load_address>0x179a</load_address>
         <run_address>0x179a</run_address>
         <size>0x98</size>
         <input_file_ref idref="fl-5"/>
      </object_component>
      <object_component id="oc-195">
         <name>.debug_line</name>
         <load_address>0x1832</load_address>
         <run_address>0x1832</run_address>
         <size>0x98</size>
         <input_file_ref idref="fl-5"/>
      </object_component>
      <object_component id="oc-193">
         <name>.debug_line</name>
         <load_address>0x18ca</load_address>
         <run_address>0x18ca</run_address>
         <size>0x98</size>
         <input_file_ref idref="fl-5"/>
      </object_component>
      <object_component id="oc-2e9">
         <name>.debug_line</name>
         <load_address>0x1962</load_address>
         <run_address>0x1962</run_address>
         <size>0x98</size>
         <input_file_ref idref="fl-5"/>
      </object_component>
      <object_component id="oc-2eb">
         <name>.debug_line</name>
         <load_address>0x19fa</load_address>
         <run_address>0x19fa</run_address>
         <size>0x98</size>
         <input_file_ref idref="fl-5"/>
      </object_component>
      <object_component id="oc-2ed">
         <name>.debug_line</name>
         <load_address>0x1a92</load_address>
         <run_address>0x1a92</run_address>
         <size>0x98</size>
         <input_file_ref idref="fl-5"/>
      </object_component>
      <object_component id="oc-176">
         <name>.debug_line</name>
         <load_address>0x1b2a</load_address>
         <run_address>0x1b2a</run_address>
         <size>0x98</size>
         <input_file_ref idref="fl-5"/>
      </object_component>
      <object_component id="oc-2b8">
         <name>.debug_line</name>
         <load_address>0x1bc2</load_address>
         <run_address>0x1bc2</run_address>
         <size>0x98</size>
         <input_file_ref idref="fl-5"/>
      </object_component>
      <object_component id="oc-191">
         <name>.debug_line</name>
         <load_address>0x1c5a</load_address>
         <run_address>0x1c5a</run_address>
         <size>0x98</size>
         <input_file_ref idref="fl-5"/>
      </object_component>
      <object_component id="oc-2f4">
         <name>.debug_line</name>
         <load_address>0x1cf2</load_address>
         <run_address>0x1cf2</run_address>
         <size>0x98</size>
         <input_file_ref idref="fl-5"/>
      </object_component>
      <object_component id="oc-2ca">
         <name>.debug_line</name>
         <load_address>0x1d8a</load_address>
         <run_address>0x1d8a</run_address>
         <size>0x98</size>
         <input_file_ref idref="fl-5"/>
      </object_component>
      <object_component id="oc-2df">
         <name>.debug_line</name>
         <load_address>0x1e22</load_address>
         <run_address>0x1e22</run_address>
         <size>0x98</size>
         <input_file_ref idref="fl-5"/>
      </object_component>
      <object_component id="oc-199">
         <name>.debug_line</name>
         <load_address>0x1eba</load_address>
         <run_address>0x1eba</run_address>
         <size>0x98</size>
         <input_file_ref idref="fl-5"/>
      </object_component>
      <object_component id="oc-1fb">
         <name>.debug_line</name>
         <load_address>0x1f52</load_address>
         <run_address>0x1f52</run_address>
         <size>0x107</size>
         <input_file_ref idref="fl-5"/>
      </object_component>
      <object_component id="oc-233">
         <name>.debug_line</name>
         <load_address>0x2059</load_address>
         <run_address>0x2059</run_address>
         <size>0x292</size>
         <input_file_ref idref="fl-6"/>
      </object_component>
      <object_component id="oc-2e3">
         <name>.debug_line</name>
         <load_address>0x22eb</load_address>
         <run_address>0x22eb</run_address>
         <size>0x168</size>
         <input_file_ref idref="fl-6"/>
      </object_component>
      <object_component id="oc-23a">
         <name>.debug_line</name>
         <load_address>0x2453</load_address>
         <run_address>0x2453</run_address>
         <size>0xdc</size>
         <input_file_ref idref="fl-7"/>
      </object_component>
      <object_component id="oc-2e6">
         <name>.debug_line</name>
         <load_address>0x252f</load_address>
         <run_address>0x252f</run_address>
         <size>0x8e</size>
         <input_file_ref idref="fl-7"/>
      </object_component>
      <object_component id="oc-eb">
         <name>.debug_line</name>
         <load_address>0x25bd</load_address>
         <run_address>0x25bd</run_address>
         <size>0x8d</size>
         <input_file_ref idref="fl-8"/>
      </object_component>
      <object_component id="oc-240">
         <name>.debug_line</name>
         <load_address>0x264a</load_address>
         <run_address>0x264a</run_address>
         <size>0xbe</size>
         <input_file_ref idref="fl-8"/>
      </object_component>
      <object_component id="oc-173">
         <name>.debug_line</name>
         <load_address>0x2708</load_address>
         <run_address>0x2708</run_address>
         <size>0xfe</size>
         <input_file_ref idref="fl-8"/>
      </object_component>
      <object_component id="oc-22c">
         <name>.debug_line</name>
         <load_address>0x2806</load_address>
         <run_address>0x2806</run_address>
         <size>0x598</size>
         <input_file_ref idref="fl-9"/>
      </object_component>
      <object_component id="oc-2dc">
         <name>.debug_line</name>
         <load_address>0x2d9e</load_address>
         <run_address>0x2d9e</run_address>
         <size>0x2b9</size>
         <input_file_ref idref="fl-9"/>
      </object_component>
      <object_component id="oc-181">
         <name>.debug_line</name>
         <load_address>0x3057</load_address>
         <run_address>0x3057</run_address>
         <size>0x8e</size>
         <input_file_ref idref="fl-b"/>
      </object_component>
      <object_component id="oc-17d">
         <name>.debug_line</name>
         <load_address>0x30e5</load_address>
         <run_address>0x30e5</run_address>
         <size>0x8e</size>
         <input_file_ref idref="fl-b"/>
      </object_component>
      <object_component id="oc-c1">
         <name>.debug_line</name>
         <load_address>0x3173</load_address>
         <run_address>0x3173</run_address>
         <size>0x10c</size>
         <input_file_ref idref="fl-b"/>
      </object_component>
      <object_component id="oc-ca">
         <name>.debug_line</name>
         <load_address>0x327f</load_address>
         <run_address>0x327f</run_address>
         <size>0x187</size>
         <input_file_ref idref="fl-b"/>
      </object_component>
      <object_component id="oc-1ae">
         <name>.debug_line</name>
         <load_address>0x3406</load_address>
         <run_address>0x3406</run_address>
         <size>0x530</size>
         <input_file_ref idref="fl-b"/>
      </object_component>
      <object_component id="oc-1ee">
         <name>.debug_line</name>
         <load_address>0x3936</load_address>
         <run_address>0x3936</run_address>
         <size>0xca</size>
         <input_file_ref idref="fl-c"/>
      </object_component>
      <object_component id="oc-2ba">
         <name>.debug_line</name>
         <load_address>0x3a00</load_address>
         <run_address>0x3a00</run_address>
         <size>0x330</size>
         <input_file_ref idref="fl-c"/>
      </object_component>
      <object_component id="oc-186">
         <name>.debug_line</name>
         <load_address>0x3d30</load_address>
         <run_address>0x3d30</run_address>
         <size>0x8d</size>
         <input_file_ref idref="fl-d"/>
      </object_component>
      <object_component id="oc-1fe">
         <name>.debug_line</name>
         <load_address>0x3dbd</load_address>
         <run_address>0x3dbd</run_address>
         <size>0x8d</size>
         <input_file_ref idref="fl-d"/>
      </object_component>
      <object_component id="oc-200">
         <name>.debug_line</name>
         <load_address>0x3e4a</load_address>
         <run_address>0x3e4a</run_address>
         <size>0x163</size>
         <input_file_ref idref="fl-d"/>
      </object_component>
      <object_component id="oc-11c">
         <name>.debug_line</name>
         <load_address>0x3fad</load_address>
         <run_address>0x3fad</run_address>
         <size>0xc0</size>
         <input_file_ref idref="fl-e"/>
      </object_component>
      <object_component id="oc-11e">
         <name>.debug_line</name>
         <load_address>0x406d</load_address>
         <run_address>0x406d</run_address>
         <size>0xa5</size>
         <input_file_ref idref="fl-e"/>
      </object_component>
      <object_component id="oc-128">
         <name>.debug_line</name>
         <load_address>0x4112</load_address>
         <run_address>0x4112</run_address>
         <size>0xa5</size>
         <input_file_ref idref="fl-e"/>
      </object_component>
      <object_component id="oc-12d">
         <name>.debug_line</name>
         <load_address>0x41b7</load_address>
         <run_address>0x41b7</run_address>
         <size>0xa5</size>
         <input_file_ref idref="fl-e"/>
      </object_component>
      <object_component id="oc-131">
         <name>.debug_line</name>
         <load_address>0x425c</load_address>
         <run_address>0x425c</run_address>
         <size>0xa5</size>
         <input_file_ref idref="fl-e"/>
      </object_component>
      <object_component id="oc-136">
         <name>.debug_line</name>
         <load_address>0x4301</load_address>
         <run_address>0x4301</run_address>
         <size>0xa5</size>
         <input_file_ref idref="fl-e"/>
      </object_component>
      <object_component id="oc-13f">
         <name>.debug_line</name>
         <load_address>0x43a6</load_address>
         <run_address>0x43a6</run_address>
         <size>0xa5</size>
         <input_file_ref idref="fl-e"/>
      </object_component>
      <object_component id="oc-146">
         <name>.debug_line</name>
         <load_address>0x444b</load_address>
         <run_address>0x444b</run_address>
         <size>0xbd</size>
         <input_file_ref idref="fl-e"/>
      </object_component>
      <object_component id="oc-20c">
         <name>.debug_line</name>
         <load_address>0x4508</load_address>
         <run_address>0x4508</run_address>
         <size>0x21</size>
         <input_file_ref idref="fl-e"/>
      </object_component>
      <object_component id="oc-24c">
         <name>.debug_line</name>
         <load_address>0x4529</load_address>
         <run_address>0x4529</run_address>
         <size>0xf5</size>
         <input_file_ref idref="fl-11"/>
      </object_component>
      <object_component id="oc-2f1">
         <name>.debug_line</name>
         <load_address>0x461e</load_address>
         <run_address>0x461e</run_address>
         <size>0xfb</size>
         <input_file_ref idref="fl-11"/>
      </object_component>
      <object_component id="oc-24e">
         <name>.debug_line</name>
         <load_address>0x4719</load_address>
         <run_address>0x4719</run_address>
         <size>0xde</size>
         <input_file_ref idref="fl-13"/>
      </object_component>
      <object_component id="oc-2f6">
         <name>.debug_line</name>
         <load_address>0x47f7</load_address>
         <run_address>0x47f7</run_address>
         <size>0xf8</size>
         <input_file_ref idref="fl-13"/>
      </object_component>
      <object_component id="oc-254">
         <name>.debug_line</name>
         <load_address>0x48ef</load_address>
         <run_address>0x48ef</run_address>
         <size>0x19e</size>
         <input_file_ref idref="fl-14"/>
      </object_component>
      <object_component id="oc-2f9">
         <name>.debug_line</name>
         <load_address>0x4a8d</load_address>
         <run_address>0x4a8d</run_address>
         <size>0x8e</size>
         <input_file_ref idref="fl-14"/>
      </object_component>
      <object_component id="oc-18e">
         <name>.debug_line</name>
         <load_address>0x4b1b</load_address>
         <run_address>0x4b1b</run_address>
         <size>0x9c</size>
         <input_file_ref idref="fl-15"/>
      </object_component>
      <object_component id="oc-203">
         <name>.debug_line</name>
         <load_address>0x4bb7</load_address>
         <run_address>0x4bb7</run_address>
         <size>0x9c</size>
         <input_file_ref idref="fl-15"/>
      </object_component>
      <object_component id="oc-246">
         <name>.debug_line</name>
         <load_address>0x4c53</load_address>
         <run_address>0x4c53</run_address>
         <size>0xcf</size>
         <input_file_ref idref="fl-15"/>
      </object_component>
      <object_component id="oc-205">
         <name>.debug_line</name>
         <load_address>0x4d22</load_address>
         <run_address>0x4d22</run_address>
         <size>0x106</size>
         <input_file_ref idref="fl-15"/>
      </object_component>
      <object_component id="oc-19e">
         <name>.debug_line</name>
         <load_address>0x4e28</load_address>
         <run_address>0x4e28</run_address>
         <size>0x89</size>
         <input_file_ref idref="fl-1d"/>
      </object_component>
      <object_component id="oc-1a3">
         <name>.debug_line</name>
         <load_address>0x4eb1</load_address>
         <run_address>0x4eb1</run_address>
         <size>0x98</size>
         <input_file_ref idref="fl-1e"/>
      </object_component>
      <object_component id="oc-e6">
         <name>.debug_line</name>
         <load_address>0x4f49</load_address>
         <run_address>0x4f49</run_address>
         <size>0x4f</size>
         <input_file_ref idref="fl-2a"/>
      </object_component>
      <object_component id="oc-15f">
         <name>.debug_line</name>
         <load_address>0x4f98</load_address>
         <run_address>0x4f98</run_address>
         <size>0x3f</size>
         <input_file_ref idref="fl-2b"/>
      </object_component>
      <object_component id="oc-212">
         <name>.debug_line</name>
         <load_address>0x4fd7</load_address>
         <run_address>0x4fd7</run_address>
         <size>0x21</size>
         <input_file_ref idref="fl-2b"/>
      </object_component>
      <object_component id="oc-1be">
         <name>.debug_line</name>
         <load_address>0x4ff8</load_address>
         <run_address>0x4ff8</run_address>
         <size>0x74</size>
         <input_file_ref idref="fl-2c"/>
      </object_component>
      <object_component id="oc-272">
         <name>.debug_line</name>
         <load_address>0x506c</load_address>
         <run_address>0x506c</run_address>
         <size>0x21</size>
         <input_file_ref idref="fl-2c"/>
      </object_component>
      <object_component id="oc-d8">
         <name>.debug_line</name>
         <load_address>0x508d</load_address>
         <run_address>0x508d</run_address>
         <size>0x52</size>
         <input_file_ref idref="fl-2d"/>
      </object_component>
      <object_component id="oc-1b4">
         <name>.debug_line</name>
         <load_address>0x50df</load_address>
         <run_address>0x50df</run_address>
         <size>0x21</size>
         <input_file_ref idref="fl-2d"/>
      </object_component>
      <object_component id="oc-a5">
         <name>.debug_line</name>
         <load_address>0x5100</load_address>
         <run_address>0x5100</run_address>
         <size>0x57</size>
         <input_file_ref idref="fl-2e"/>
      </object_component>
      <object_component id="oc-150">
         <name>.debug_line</name>
         <load_address>0x5157</load_address>
         <run_address>0x5157</run_address>
         <size>0x21</size>
         <input_file_ref idref="fl-2e"/>
      </object_component>
      <object_component id="oc-9e">
         <name>.debug_line</name>
         <load_address>0x5178</load_address>
         <run_address>0x5178</run_address>
         <size>0x9a</size>
         <input_file_ref idref="fl-2f"/>
      </object_component>
      <object_component id="oc-14b">
         <name>.debug_line</name>
         <load_address>0x5212</load_address>
         <run_address>0x5212</run_address>
         <size>0x21</size>
         <input_file_ref idref="fl-2f"/>
      </object_component>
      <object_component id="oc-262">
         <name>.debug_line</name>
         <load_address>0x5233</load_address>
         <run_address>0x5233</run_address>
         <size>0x2b</size>
         <input_file_ref idref="fl-30"/>
      </object_component>
      <object_component id="oc-16c">
         <name>.debug_line</name>
         <load_address>0x525e</load_address>
         <run_address>0x525e</run_address>
         <size>0x66</size>
         <input_file_ref idref="fl-30"/>
      </object_component>
      <object_component id="oc-26d">
         <name>.debug_line</name>
         <load_address>0x52c4</load_address>
         <run_address>0x52c4</run_address>
         <size>0x21</size>
         <input_file_ref idref="fl-30"/>
      </object_component>
      <object_component id="oc-26a">
         <name>.debug_line</name>
         <load_address>0x52e5</load_address>
         <run_address>0x52e5</run_address>
         <size>0x2c</size>
         <input_file_ref idref="fl-31"/>
      </object_component>
      <object_component id="oc-2fc">
         <name>.debug_line</name>
         <load_address>0x5311</load_address>
         <run_address>0x5311</run_address>
         <size>0x2c</size>
         <input_file_ref idref="fl-31"/>
      </object_component>
      <object_component id="oc-268">
         <name>.debug_line</name>
         <load_address>0x533d</load_address>
         <run_address>0x533d</run_address>
         <size>0x5f</size>
         <input_file_ref idref="fl-31"/>
      </object_component>
      <object_component id="oc-2c1">
         <name>.debug_line</name>
         <load_address>0x539c</load_address>
         <run_address>0x539c</run_address>
         <size>0x21</size>
         <input_file_ref idref="fl-31"/>
      </object_component>
      <object_component id="oc-164">
         <name>.debug_line</name>
         <load_address>0x53bd</load_address>
         <run_address>0x53bd</run_address>
         <size>0x4e</size>
         <input_file_ref idref="fl-32"/>
      </object_component>
      <object_component id="oc-25f">
         <name>.debug_line</name>
         <load_address>0x540b</load_address>
         <run_address>0x540b</run_address>
         <size>0x30</size>
         <input_file_ref idref="fl-32"/>
      </object_component>
      <object_component id="oc-cf">
         <name>.debug_line</name>
         <load_address>0x543b</load_address>
         <run_address>0x543b</run_address>
         <size>0x63</size>
         <input_file_ref idref="fl-35"/>
      </object_component>
      <object_component id="oc-1b1">
         <name>.debug_line</name>
         <load_address>0x549e</load_address>
         <run_address>0x549e</run_address>
         <size>0x21</size>
         <input_file_ref idref="fl-35"/>
      </object_component>
      <object_component id="oc-216">
         <name>.debug_line</name>
         <load_address>0x54bf</load_address>
         <run_address>0x54bf</run_address>
         <size>0x3b</size>
         <input_file_ref idref="fl-36"/>
      </object_component>
      <object_component id="oc-2c4">
         <name>.debug_line</name>
         <load_address>0x54fa</load_address>
         <run_address>0x54fa</run_address>
         <size>0x21</size>
         <input_file_ref idref="fl-36"/>
      </object_component>
      <object_component id="oc-2ad">
         <name>.debug_frame</name>
         <load_address>0x0</load_address>
         <run_address>0x0</run_address>
         <size>0x60</size>
         <input_file_ref idref="fl-2"/>
      </object_component>
      <object_component id="oc-ba">
         <name>.debug_frame</name>
         <load_address>0x60</load_address>
[...]
         <value>0x5d180</value>
         <object_component_ref idref="oc-279"/>
      </symbol>
      <symbol id="sm-29c">
         <name>AdcaRegs</name>
         <value>0x7400</value>
         <object_component_ref idref="oc-29f"/>
      </symbol>
      <symbol id="sm-2bf">
         <name>GPIO_SetupPinMux</name>
         <value>0xb5c5</value>
         <object_component_ref idref="oc-22f"/>
      </symbol>
      <symbol id="sm-2c0">
         <name>GPIO_SetupLock</name>
         <value>0xb6e5</value>
         <object_component_ref idref="oc-22f"/>
      </symbol>
      <symbol id="sm-2c1">
         <name>GPIO_SetupXINT2Gpio</name>
         <value>0xb718</value>
         <object_component_ref idref="oc-22f"/>
      </symbol>
      <symbol id="sm-2c2">
         <name>GPIO_EnableUnbondedIOPullupsFor176Pin</name>
         <value>0xb740</value>
         <object_component_ref idref="oc-22f"/>
      </symbol>
      <symbol id="sm-2c3">
         <name>GPIO_SetupXINT3Gpio</name>
         <value>0xb722</value>
         <object_component_ref idref="oc-22f"/>
      </symbol>
      <symbol id="sm-2c4">
         <name>GPIO_WritePin</name>
         <value>0xb7ab</value>
         <object_component_ref idref="oc-22f"/>
      </symbol>
      <symbol id="sm-2c5">
         <name>GPIO_SetupXINT1Gpio</name>
         <value>0xb70e</value>
         <object_component_ref idref="oc-22f"/>
      </symbol>
      <symbol id="sm-2c6">
         <name>GPIO_EnableUnbondedIOPullups</name>
         <value>0xb77e</value>
         <object_component_ref idref="oc-22f"/>
      </symbol>
      <symbol id="sm-2c7">
         <name>GPIO_ReadPin</name>
         <value>0xb794</value>
         <object_component_ref idref="oc-22f"/>
      </symbol>
      <symbol id="sm-2c8">
         <name>GPIO_SetupXINT4Gpio</name>
         <value>0xb72c</value>
         <object_component_ref idref="oc-22f"/>
      </symbol>
      <symbol id="sm-2c9">
         <name>GPIO_SetupPinOptions</name>
         <value>0xb651</value>
         <object_component_ref idref="oc-22f"/>
      </symbol>
      <symbol id="sm-2ca">
         <name>GPIO_EnableUnbondedIOPullupsFor100Pin</name>
         <value>0xb759</value>
         <object_component_ref idref="oc-22f"/>
      </symbol>
      <symbol id="sm-2cb">
         <name>GPIO_SetupXINT5Gpio</name>
         <value>0xb736</value>
         <object_component_ref idref="oc-22f"/>
      </symbol>
      <symbol id="sm-2cc">
         <name>InitGpio</name>
         <value>0xb585</value>
         <object_component_ref idref="oc-22f"/>
      </symbol>
      <symbol id="sm-2d9">
         <name>InitPieCtrl</name>
         <value>0xc33d</value>
         <object_component_ref idref="oc-235"/>
      </symbol>
      <symbol id="sm-2da">
         <name>EnableInterrupts</name>
         <value>0xc35c</value>
         <object_component_ref idref="oc-235"/>
      </symbol>
      <symbol id="sm-2ee">
         <name>InitPieVectTable</name>
         <value>0xc365</value>
         <object_component_ref idref="oc-23b"/>
      </symbol>
      <symbol id="sm-2ef">
         <name>PieVectTableInit</name>
         <value>0xf000</value>
         <object_component_ref idref="oc-bc"/>
      </symbol>
      <symbol id="sm-333">
         <name>DisablePeripheralClocks</name>
         <value>0xb8a4</value>
         <object_component_ref idref="oc-229"/>
      </symbol>
      <symbol id="sm-334">
         <name>STANDBY</name>
         <value>0xbc4c</value>
         <object_component_ref idref="oc-229"/>
      </symbol>
      <symbol id="sm-335">
         <name>InitPeripheralClocks</name>
         <value>0xb820</value>
         <object_component_ref idref="oc-229"/>
      </symbol>
      <symbol id="sm-336">
         <name>SysIntOsc1Sel</name>
         <value>0xbbef</value>
         <object_component_ref idref="oc-229"/>
      </symbol>
      <symbol id="sm-337">
         <name>SysXtalOscSel</name>
         <value>0xbc13</value>
         <object_component_ref idref="oc-229"/>
      </symbol>
      <symbol id="sm-338">
         <name>ServiceDog</name>
         <value>0xb8d5</value>
         <object_component_ref idref="oc-229"/>
      </symbol>
      <symbol id="sm-339">
         <name>CsmUnlock</name>
         <value>0xbbce</value>
         <object_component_ref idref="oc-229"/>
      </symbol>
      <symbol id="sm-33a">
         <name>AuxIntOsc2Sel</name>
         <value>0xbc23</value>
         <object_component_ref idref="oc-229"/>
      </symbol>
      <symbol id="sm-33b">
         <name>ConfigureTMXAnalogTrim</name>
         <value>0xbc8d</value>
         <object_component_ref idref="oc-229"/>
      </symbol>
      <symbol id="sm-33c">
         <name>InitSysCtrl</name>
         <value>0xb800</value>
         <object_component_ref idref="oc-229"/>
      </symbol>
      <symbol id="sm-33d">
         <name>InitAuxPll</name>
         <value>0xbadf</value>
         <object_component_ref idref="oc-229"/>
      </symbol>
      <symbol id="sm-33e">
         <name>DisableDog</name>
         <value>0xb8e3</value>
         <object_component_ref idref="oc-229"/>
      </symbol>
      <symbol id="sm-33f">
         <name>IDLE</name>
         <value>0xbc43</value>
         <object_component_ref idref="oc-229"/>
      </symbol>
      <symbol id="sm-340">
         <name>HALT</name>
         <value>0xbc57</value>
         <object_component_ref idref="oc-229"/>
      </symbol>
      <symbol id="sm-341">
         <name>AuxAuxClkSel</name>
         <value>0xbc39</value>
         <object_component_ref idref="oc-229"/>
      </symbol>
      <symbol id="sm-342">
         <name>HIB</name>
         <value>0xbc70</value>
         <object_component_ref idref="oc-229"/>
      </symbol>
      <symbol id="sm-343">
         <name>AuxXtalOscSel</name>
         <value>0xbc2d</value>
         <object_component_ref idref="oc-229"/>
      </symbol>
      <symbol id="sm-344">
         <name>InitSysPll</name>
         <value>0xb8f1</value>
         <object_component_ref idref="oc-229"/>
      </symbol>
      <symbol id="sm-345">
         <name>SysIntOsc2Sel</name>
         <value>0xbbff</value>
         <object_component_ref idref="oc-229"/>
      </symbol>
      <symbol id="sm-346">
         <name>ReleaseFlashPump</name>
         <value>0xb8cb</value>
         <object_component_ref idref="oc-229"/>
      </symbol>
      <symbol id="sm-347">
         <name>SeizeFlashPump</name>
         <value>0xb8bc</value>
         <object_component_ref idref="oc-229"/>
      </symbol>
      <symbol id="sm-368">
         <name>initCLA1PIE</name>
         <value>0xbf97</value>
         <object_component_ref idref="oc-c0"/>
      </symbol>
      <symbol id="sm-369">
         <name>UB</name>
         <value>0x1482</value>
         <object_component_ref idref="oc-fc"/>
      </symbol>
      <symbol id="sm-36a">
         <name>UA</name>
         <value>0x1480</value>
         <object_component_ref idref="oc-fc"/>
      </symbol>
      <symbol id="sm-36b">
         <name>initCPU1CLA1</name>
         <value>0xbf6d</value>
         <object_component_ref idref="oc-c0"/>
      </symbol>
      <symbol id="sm-36c">
         <name>b</name>
         <value>0xe03c</value>
         <object_component_ref idref="oc-f6"/>
      </symbol>
      <symbol id="sm-36d">
         <name>a</name>
         <value>0xe03a</value>
         <object_component_ref idref="oc-f6"/>
      </symbol>
      <symbol id="sm-36e">
         <name>configCLAMemory</name>
         <value>0xbf31</value>
         <object_component_ref idref="oc-c0"/>
      </symbol>
      <symbol id="sm-36f">
         <name>adcValue</name>
         <value>0x1486</value>
         <object_component_ref idref="oc-fc"/>
      </symbol>
      <symbol id="sm-370">
         <name>epwm1ISR</name>
         <value>0xc0fe</value>
         <object_component_ref idref="oc-bf"/>
      </symbol>
      <symbol id="sm-371">
         <name>angle</name>
         <value>0x1484</value>
         <object_component_ref idref="oc-fc"/>
      </symbol>
      <symbol id="sm-372">
         <name>cla1Isr4</name>
         <value>0xc08e</value>
         <object_component_ref idref="oc-bf"/>
      </symbol>
      <symbol id="sm-373">
         <name>cla1Isr5</name>
         <value>0xc09d</value>
         <object_component_ref idref="oc-bf"/>
      </symbol>
      <symbol id="sm-374">
         <name>cla1Isr6</name>
         <value>0xc0ac</value>
         <object_component_ref idref="oc-bf"/>
      </symbol>
      <symbol id="sm-375">
         <name>cla1Isr7</name>
         <value>0xc0bb</value>
         <object_component_ref idref="oc-bf"/>
      </symbol>
      <symbol id="sm-376">
         <name>cla1Isr1</name>
         <value>0xc000</value>
         <object_component_ref idref="oc-bf"/>
      </symbol>
      <symbol id="sm-377">
         <name>cla1Isr2</name>
         <value>0xc070</value>
         <object_component_ref idref="oc-bf"/>
      </symbol>
      <symbol id="sm-378">
         <name>cla1Isr3</name>
         <value>0xc07f</value>
         <object_component_ref idref="oc-bf"/>
      </symbol>
      <symbol id="sm-379">
         <name>cla1Isr8</name>
         <value>0xc0ca</value>
         <object_component_ref idref="oc-bf"/>
      </symbol>
      <symbol id="sm-387">
         <name>DisableEPWMclock</name>
         <value>0xb7ee</value>
         <object_component_ref idref="oc-1ea"/>
      </symbol>
      <symbol id="sm-388">
         <name>main</name>
         <value>0xb7c9</value>
         <object_component_ref idref="oc-1ea"/>
      </symbol>
      <symbol id="sm-389">
         <name>EnableEPWMclock</name>
         <value>0xb7f6</value>
         <object_component_ref idref="oc-1ea"/>
      </symbol>
      <symbol id="sm-399">
         <name>ptime_out</name>
         <value>0xf1c6</value>
         <object_component_ref idref="oc-ff"/>
      </symbol>
      <symbol id="sm-39a">
         <name>epwm_counter</name>
         <value>0xe00e</value>
         <object_component_ref idref="oc-182"/>
      </symbol>
      <symbol id="sm-39b">
         <name>ptime_v</name>
         <value>0xf1c4</value>
         <object_component_ref idref="oc-ff"/>
      </symbol>
      <symbol id="sm-39c">
         <name>time_vector</name>
         <value>0xe008</value>
         <object_component_ref idref="oc-182"/>
      </symbol>
      <symbol id="sm-39d">
         <name>current_sector</name>
         <value>0xe000</value>
         <object_component_ref idref="oc-182"/>
      </symbol>
      <symbol id="sm-39e">
         <name>input</name>
         <value>0xe002</value>
         <object_component_ref idref="oc-182"/>
      </symbol>
      <symbol id="sm-39f">
         <name>pepwm_count</name>
         <value>0xf1c8</value>
         <object_component_ref idref="oc-ff"/>
      </symbol>
      <symbol id="sm-3a0">
         <name>psector</name>
         <value>0xf1c2</value>
         <object_component_ref idref="oc-ff"/>
      </symbol>
      <symbol id="sm-3a1">
         <name>pinput</name>
         <value>0xf1c0</value>
         <object_component_ref idref="oc-ff"/>
      </symbol>
      <symbol id="sm-3a2">
         <name>time_vector_out</name>
         <value>0xe014</value>
         <object_component_ref idref="oc-182"/>
      </symbol>
      <symbol id="sm-3e9">
         <name>Cla1Task2</name>
         <value>0x81ae</value>
         <object_component_ref idref="oc-11d"/>
      </symbol>
      <symbol id="sm-3ea">
         <name>Cla1Task3</name>
         <value>0x81b6</value>
         <object_component_ref idref="oc-123"/>
      </symbol>
      <symbol id="sm-3eb">
         <name>Cla1Task1</name>
         <value>0x8000</value>
         <object_component_ref idref="oc-117"/>
      </symbol>
      <symbol id="sm-3ec">
         <name>Cla1Task6</name>
         <value>0x81ce</value>
         <object_component_ref idref="oc-135"/>
      </symbol>
      <symbol id="sm-3ed">
         <name>Cla1Task7</name>
         <value>0x81d6</value>
         <object_component_ref idref="oc-13b"/>
      </symbol>
      <symbol id="sm-3ee">
         <name>Cla1Task4</name>
         <value>0x81be</value>
         <object_component_ref idref="oc-129"/>
      </symbol>
      <symbol id="sm-3ef">
         <name>Cla1Task5</name>
         <value>0x81c6</value>
         <object_component_ref idref="oc-12f"/>
      </symbol>
      <symbol id="sm-3f0">
         <name>Cla1Task8</name>
         <value>0x810e</value>
         <object_component_ref idref="oc-141"/>
      </symbol>
      <symbol id="sm-401">
         <name>tida_setupADC</name>
         <value>0xbdee</value>
         <object_component_ref idref="oc-247"/>
      </symbol>
      <symbol id="sm-40f">
         <name>tida_setup_ePWM_power</name>
         <value>0xc22d</value>
         <object_component_ref idref="oc-24d"/>
      </symbol>
      <symbol id="sm-41c">
         <name>tida_epwm_simple_AQ</name>
         <value>0xbda7</value>
         <object_component_ref idref="oc-253"/>
      </symbol>
      <symbol id="sm-41d">
         <name>tida_epwm_simple_CC</name>
         <value>0xbd90</value>
         <object_component_ref idref="oc-253"/>
      </symbol>
      <symbol id="sm-41e">
         <name>tida_epwm_simple_ET</name>
         <value>0xbdd6</value>
         <object_component_ref idref="oc-253"/>
      </symbol>
      <symbol id="sm-41f">
         <name>tida_epwm_simple_DB_notswap</name>
         <value>0xbdb0</value>
         <object_component_ref idref="oc-253"/>
      </symbol>
      <symbol id="sm-420">
         <name>tida_epwm_simple_TB</name>
         <value>0xbd7a</value>
         <object_component_ref idref="oc-253"/>
      </symbol>
      <symbol id="sm-421">
         <name>tida_epwm_simple</name>
         <value>0xbd5f</value>
         <object_component_ref idref="oc-253"/>
      </symbol>
      <symbol id="sm-422">
         <name>tida_setup_ePWM_Q</name>
         <value>0xbcaa</value>
         <object_component_ref idref="oc-253"/>
      </symbol>
      <symbol id="sm-423">
         <name>tida_epwm_simple_DB_swap</name>
         <value>0xbdc3</value>
         <object_component_ref idref="oc-253"/>
      </symbol>
      <symbol id="sm-43a">
         <name>Protect_state</name>
         <value>0xe020</value>
         <object_component_ref idref="oc-18a"/>
      </symbol>
      <symbol id="sm-43b">
         <name>Power_card_protect</name>
         <value>0xc29b</value>
         <object_component_ref idref="oc-241"/>
      </symbol>
      <symbol id="sm-43c">
         <name>pvalue_protect</name>
         <value>0xf1d2</value>
         <object_component_ref idref="oc-105"/>
      </symbol>
      <symbol id="sm-43d">
         <name>pstate_protect</name>
         <value>0xf1d0</value>
         <object_component_ref idref="oc-105"/>
      </symbol>
      <symbol id="sm-43e">
         <name>Protect_value</name>
         <value>0xe02a</value>
         <object_component_ref idref="oc-18a"/>
      </symbol>
      <symbol id="sm-448">
         <name>CLAdiv</name>
         <value>0x8194</value>
         <object_component_ref idref="oc-19a"/>
      </symbol>
      <symbol id="sm-449">
         <name>__claCLAdiv_sp</name>
         <value>0xa100</value>
         <object_component_ref idref="oc-207"/>
      </symbol>
      <symbol id="sm-453">
         <name>CLAsin</name>
         <value>0x815c</value>
         <object_component_ref idref="oc-19f"/>
      </symbol>
      <symbol id="sm-454">
         <name>__claCLAsin_sp</name>
         <value>0xa100</value>
         <object_component_ref idref="oc-209"/>
      </symbol>
      <symbol id="sm-45e">
         <name>_c_int00</name>
         <value>0xc3a8</value>
         <object_component_ref idref="oc-e2"/>
      </symbol>
      <symbol id="sm-45f">
         <name>__stack</name>
         <value>0x400</value>
         <object_component_ref idref="oc-cb"/>
      </symbol>
      <symbol id="sm-46c">
         <name>_system_pre_init</name>
         <value>0xb7fe</value>
         <object_component_ref idref="oc-15b"/>
      </symbol>
      <symbol id="sm-47b">
         <name>__TI_auto_init_nobinit_nopinit</name>
         <value>0xc2e9</value>
         <object_component_ref idref="oc-1ba"/>
      </symbol>
      <symbol id="sm-48a">
         <name>__TI_zero_init_nomemset</name>
         <value>0xc3bf</value>
         <object_component_ref idref="oc-d6"/>
      </symbol>
      <symbol id="sm-497">
         <name>__TI_decompress_none</name>
         <value>0xc3d8</value>
         <object_component_ref idref="oc-a1"/>
      </symbol>
      <symbol id="sm-4ab">
         <name>__TI_decompress_lzss</name>
         <value>0xbfc4</value>
         <object_component_ref idref="oc-9b"/>
      </symbol>
      <symbol id="sm-4c1">
         <name>C$$EXIT</name>
         <value>0xc314</value>
         <object_component_ref idref="oc-168"/>
      </symbol>
      <symbol id="sm-4c2">
         <name>abort</name>
         <value>0xc314</value>
         <object_component_ref idref="oc-168"/>
      </symbol>
      <symbol id="sm-4c3">
         <name>exit</name>
         <value>0xc316</value>
         <object_component_ref idref="oc-168"/>
      </symbol>
      <symbol id="sm-4c4">
         <name>__TI_dtors_ptr</name>
         <value>0xf1ce</value>
         <object_component_ref idref="oc-1f2"/>
      </symbol>
      <symbol id="sm-4c5">
         <name>__TI_cleanup_ptr</name>
         <value>0xf1cc</value>
         <object_component_ref idref="oc-1f2"/>
      </symbol>
      <symbol id="sm-4c6">
         <name>__TI_enable_exit_profile_output</name>
         <value>0xf1ca</value>
         <object_component_ref idref="oc-1f2"/>
      </symbol>
      <symbol id="sm-4dd">
         <name>_nop</name>
         <value>0xbffd</value>
         <object_component_ref idref="oc-263"/>
      </symbol>
      <symbol id="sm-4de">
         <name>_lock</name>
         <value>0xf1d4</value>
         <object_component_ref idref="oc-1f5"/>
      </symbol>
      <symbol id="sm-4df">
         <name>_unlock</name>
         <value>0xf1d6</value>
         <object_component_ref idref="oc-2bc"/>
      </symbol>
      <symbol id="sm-4e0">
         <name>_register_lock</name>
         <value>0xbff9</value>
         <object_component_ref idref="oc-263"/>
      </symbol>
      <symbol id="sm-4e1">
         <name>_register_unlock</name>
         <value>0xbff5</value>
         <object_component_ref idref="oc-263"/>
      </symbol>
      <symbol id="sm-4f0">
         <name>_args_main</name>
         <value>0xc3cc</value>
         <object_component_ref idref="oc-162"/>
      </symbol>
      <symbol id="sm-504">
         <name>memcpy</name>
         <value>0xc38b</value>
         <object_component_ref idref="oc-ce"/>
      </symbol>
      <symbol id="sm-511">
         <name>_system_post_cinit</name>
         <value>0xbffe</value>
         <object_component_ref idref="oc-214"/>
      </symbol>
      <symbol id="sm-513">
         <name>CLAsincosTable_Coef0</name>
         <value>0xfe54</value>
      </symbol>
      <symbol id="sm-515">
         <name>CLAsincosTable_Coef1</name>
         <value>0xfe56</value>
      </symbol>
      <symbol id="sm-517">
         <name>CLAsincosTable_Coef2</name>
         <value>0xfe5a</value>
      </symbol>
      <symbol id="sm-519">
         <name>CLAsincosTable_Coef3</name>
         <value>0xfe5c</value>
      </symbol>
      <symbol id="sm-51b">
         <name>CLAsincosTable_Cos0</name>
         <value>0xfd4a</value>
      </symbol>
      <symbol id="sm-51d">
         <name>CLAsincosTable_TABLE_MASK</name>
         <value>0xfe52</value>
      </symbol>
      <symbol id="sm-51f">
         <name>CLAsincosTable_TABLE_SIZEDivTwoPi</name>
         <value>0xfe4e</value>
      </symbol>
      <symbol id="sm-521">
         <name>CLAsincosTable_TwoPiDivTABLE_SIZE</name>
         <value>0xfe50</value>
      </symbol>
      <symbol id="sm-523">
         <name>__c_args__</name>
         <value>0x0</value>
      </symbol>
   </symbol_table>
   <title>Link successful</title>
</link_info>
