******************************************************************************
             TMS320C2000 Linker PC v20.12.0                    
******************************************************************************
>> Linked Wed Jan 13 13:25:31 2021

OUTPUT FILE NAME:   <pelab_demo_tida_01606.out>
ENTRY POINT SYMBOL: "code_start"  address: 00000000


MEMORY CONFIGURATION

         name            origin    length      used     unused   attr    fill
----------------------  --------  ---------  --------  --------  ----  --------
PAGE 0:
  BEGIN                 00000000   00000002  00000002  00000000  RWIX
  RAMM0                 00000123   000002dd  0000003c  000002a1  RWIX
  RAMLS0_1_2_3          00008000   00002000  000001de  00001e22  RWIX
  RAMD0                 0000b000   00000800  00000800  00000000  RWIX
  RAMD1                 0000b800   00000800  000007ff  00000001  RWIX
  RAMGS0                0000c000   00001000  000003e0  00000c20  RWIX
  RESET                 003fffc0   00000002  00000000  00000002  RWIX

PAGE 1:
  BOOT_RSVD             00000002   00000121  00000000  00000121  RWIX
  RAMM1                 00000400   000003f8  00000200  000001f8  RWIX
  ADCARESULT            00000b00   00000018  00000000  00000018  RWIX
  ADCBRESULT            00000b20   00000018  00000018  00000000  RWIX
  ADCCRESULT            00000b40   00000018  00000018  00000000  RWIX
  ADCDRESULT            00000b60   00000018  00000000  00000018  RWIX
  CPUTIMER0             00000c00   00000008  00000000  00000008  RWIX
  CPUTIMER1             00000c08   00000008  00000008  00000000  RWIX
  CPUTIMER2             00000c10   00000008  00000008  00000000  RWIX
  PIECTRL               00000ce0   0000001a  0000001a  00000000  RWIX
  PIEVECTTABLE          00000d00   00000200  00000000  00000200  RWIX
  DMA                   00001000   00000200  00000000  00000200  RWIX
  CLA1                  00001400   00000080  0000003e  00000042  RWIX
  CLA1_MSGRAMLOW        00001480   00000080  00000022  0000005e  RWIX
  CLA1_MSGRAMHIGH       00001500   00000080  00000000  00000080  RWIX
  EMIF2_CS2n            00002000   00001000  00000000  00001000  RWIX
  CLB1LOGICCFG          00003000   00000052  00000000  00000052  RWIX
  CLB1LOGICCTRL         00003100   00000040  00000000  00000040  RWIX
  CLB1DATAEXCH          00003200   00000200  00000000  00000200  RWIX
  CLB2LOGICCFG          00003400   00000052  00000000  00000052  RWIX
  CLB2LOGICCTRL         00003500   00000040  00000000  00000040  RWIX
  CLB2DATAEXCH          00003600   00000200  00000000  00000200  RWIX
  CLB3LOGICCFG          00003800   00000052  00000000  00000052  RWIX
  CLB3LOGICCTRL         00003900   00000040  00000000  00000040  RWIX
  CLB3DATAEXCH          00003a00   00000200  00000000  00000200  RWIX
  CLB4LOGICCFG          00003c00   00000052  00000000  00000052  RWIX
  CLB4LOGICCTRL         00003d00   00000040  00000000  00000040  RWIX
  CLB4DATAEXCH          00003e00   00000200  00000000  00000200  RWIX
  EPWM1                 00004000   00000100  00000100  00000000  RWIX
  EPWM2                 00004100   00000100  00000000  00000100  RWIX
  EPWM3                 00004200   00000100  00000000  00000100  RWIX
  EPWM4                 00004300   00000100  00000000  00000100  RWIX
  EPWM5                 00004400   00000100  00000000  00000100  RWIX
  EPWM6                 00004500   00000100  00000100  00000000  RWIX
  EPWM7                 00004600   00000100  00000000  00000100  RWIX
  EPWM8                 00004700   00000100  00000000  00000100  RWIX
  EPWM9                 00004800   00000100  00000000  00000100  RWIX
  EPWM10                00004900   00000100  00000000  00000100  RWIX
  EPWM11                00004a00   00000100  00000000  00000100  RWIX
  EPWM12                00004b00   00000100  00000000  00000100  RWIX
  ECAP1                 00005000   00000020  00000000  00000020  RWIX
  ECAP2                 00005020   00000020  00000000  00000020  RWIX
  ECAP3                 00005040   00000020  00000000  00000020  RWIX
  ECAP4                 00005060   00000020  00000000  00000020  RWIX
  ECAP5                 00005080   00000020  00000000  00000020  RWIX
  ECAP6                 000050a0   00000020  00000000  00000020  RWIX
  EQEP1                 00005100   00000022  00000000  00000022  RWIX
  EQEP2                 00005140   00000022  00000000  00000022  RWIX
  EQEP3                 00005180   00000022  00000000  00000022  RWIX
  DACA                  00005c00   00000008  00000000  00000008  RWIX
  DACB                  00005c10   00000008  00000000  00000008  RWIX
  DACC                  00005c20   00000008  00000000  00000008  RWIX
  CMPSS1                00005c80   00000020  00000000  00000020  RWIX
  CMPSS2                00005ca0   00000020  00000000  00000020  RWIX
  CMPSS3                00005cc0   00000020  00000000  00000020  RWIX
  CMPSS4                00005ce0   00000020  00000000  00000020  RWIX
  CMPSS5                00005d00   00000020  00000000  00000020  RWIX
  CMPSS6                00005d20   00000020  00000000  00000020  RWIX
  CMPSS7                00005d40   00000020  00000000  00000020  RWIX
  CMPSS8                00005d60   00000020  00000000  00000020  RWIX
  SDFM1                 00005e00   00000080  00000000  00000080  RWIX
  SDFM2                 00005e80   00000080  00000000  00000080  RWIX
  MCBSPA                00006000   00000024  00000000  00000024  RWIX
  MCBSPB                00006040   00000024  00000000  00000024  RWIX
  SPIA                  00006100   00000010  00000000  00000010  RWIX
  SPIB                  00006110   00000010  00000000  00000010  RWIX
  SPIC                  00006120   00000010  00000000  00000010  RWIX
  UPP                   00006200   00000048  00000000  00000048  RWIX
  WD                    00007000   0000002b  0000002b  00000000  RWIX
  NMIINTRUPT            00007060   00000007  00000000  00000007  RWIX
  XINT                  00007070   0000000b  00000000  0000000b  RWIX
  SCIA                  00007200   00000010  00000000  00000010  RWIX
  SCIB                  00007210   00000010  00000000  00000010  RWIX
  SCIC                  00007220   00000010  00000000  00000010  RWIX
  SCID                  00007230   00000010  00000000  00000010  RWIX
  I2CA                  00007300   00000022  00000000  00000022  RWIX
  I2CB                  00007340   00000022  00000000  00000022  RWIX
  ADCA                  00007400   00000080  0000007c  00000004  RWIX
  ADCB                  00007480   00000080  0000007c  00000004  RWIX
  ADCC                  00007500   00000080  0000007c  00000004  RWIX
  ADCD                  00007580   00000080  0000007c  00000004  RWIX
  INPUTXBAR             00007900   00000020  00000020  00000000  RWIX
  XBAR                  00007920   00000020  00000000  00000020  RWIX
  SYNCSOC               00007940   00000006  00000000  00000006  RWIX
  DMACLASRCSEL          00007980   0000001a  0000001a  00000000  RWIX
  EPWMXBAR              00007a00   00000040  00000000  00000040  RWIX
  CLBXBAR               00007a40   00000040  00000000  00000040  RWIX
  OUTPUTXBAR            00007a80   00000040  00000000  00000040  RWIX
  GPIOCTRL              00007c00   00000180  00000180  00000000  RWIX
  GPIODATA              00007f00   00000030  00000030  00000000  RWIX
  RAMLS4                0000a000   00000800  00000104  000006fc  RWIX
  RAMLS5                0000a800   00000800  00000000  00000800  RWIX
  RAMGS1                0000d000   00001000  00000000  00001000  RWIX
  RAMGS2                0000e000   00001000  0000003e  00000fc2  RWIX
  RAMGS3                0000f000   00001000  000001d8  00000e28  RWIX
  RAMGS4                00010000   00001000  00000000  00001000  RWIX
  RAMGS5                00011000   00001000  00000000  00001000  RWIX
  RAMGS6                00012000   00001000  00000000  00001000  RWIX
  RAMGS7                00013000   00001000  00000000  00001000  RWIX
  RAMGS8_9_10           00014000   00003000  00000000  00003000  RWIX
  RAMGS11               00017000   00001000  00000000  00001000  RWIX
  RAMGS12               00018000   00001000  00000000  00001000  RWIX
  RAMGS13               00019000   00001000  00000000  00001000  RWIX
  RAMGS14               0001a000   00001000  00000000  00001000  RWIX
  RAMGS15               0001b000   00000ff8  00000000  00000ff8  RWIX
  EMIF1                 00047000   00000070  00000000  00000070  RWIX
  EMIF2                 00047800   00000070  00000000  00000070  RWIX
  CANA                  00048000   00000200  00000000  00000200  RWIX
  CANA_MSG_RAM          00049000   00000800  00000000  00000800  RWIX
  CANB                  0004a000   00000200  00000000  00000200  RWIX
  CANB_MSG_RAM          0004b000   00000800  00000000  00000800  RWIX
  IPC                   00050000   00000024  00000000  00000024  RWIX
  FLASHPUMPSEMAPHORE    00050024   00000002  00000002  00000000  RWIX
  DEVCFG                0005d000   0000012e  0000012e  00000000  RWIX
  ANALOGSUBSYS          0005d180   00000048  0000003e  0000000a  RWIX
  CLKCFG                0005d200   00000032  00000032  00000000  RWIX
  CPUSYS                0005d300   00000082  00000082  00000000  RWIX
  ROMPREFETCH           0005e608   00000002  00000000  00000002  RWIX
  DCSMZ1                0005f000   00000023  00000022  00000001  RWIX
  DCSMZ2                0005f040   00000023  00000022  00000001  RWIX
  DCSMCOMMON            0005f070   00000008  00000000  00000008  RWIX
  MEMCFG                0005f400   00000080  00000076  0000000a  RWIX
  EMIF1CONFIG           0005f480   00000020  00000000  00000020  RWIX
  EMIF2CONFIG           0005f4a0   00000020  00000000  00000020  RWIX
  ACCESSPROTECTION      0005f4c0   00000040  00000000  00000040  RWIX
  MEMORYERROR           0005f500   00000040  00000000  00000040  RWIX
  ROMWAITSTATE          0005f540   00000002  00000000  00000002  RWIX
  FLASH0CTRL            0005f800   00000182  00000000  00000182  RWIX
  FLASH0ECC             0005fb00   00000028  00000000  00000028  RWIX
  EMIF1_CS2n            00100000   00200000  00000000  00200000  RWIX
  EMIF1_CS3n            00300000   00080000  00000000  00080000  RWIX
  EMIF1_CS4n            00380000   00060000  00000000  00060000  RWIX
  EMIF1_CS0n            80000000   10000000  00000000  10000000  RWIX
  EMIF2_CS0n            90000000   10000000  00000000  10000000  RWIX


SECTION ALLOCATION MAP

 output                                  attributes/
section   page    origin      length       input sections
--------  ----  ----------  ----------   ----------------
PieVectTableFile 
*          0    00000d00    000001c0     DSECT
                  00000d00    000001c0     F2837xD_GlobalVariableDefs.obj (PieVectTableFile)

EmuKeyVar 
*          0    00000d00    00000000     DSECT

EmuBModeVar 
*          0    00000d00    00000000     DSECT

EmuBootPinsVar 
*          0    00000d00    00000000     DSECT

FlashCallbackVar 
*          0    00000d00    00000000     DSECT

FlashScalingVar 
*          0    00000d00    00000000     DSECT

AdcaRegsFile 
*          1    00007400    0000007c     UNINITIALIZED
                  00007400    0000007c     F2837xD_GlobalVariableDefs.obj (AdcaRegsFile)

AdcbRegsFile 
*          1    00007480    0000007c     UNINITIALIZED
                  00007480    0000007c     F2837xD_GlobalVariableDefs.obj (AdcbRegsFile)

AdccRegsFile 
*          1    00007500    0000007c     UNINITIALIZED
                  00007500    0000007c     F2837xD_GlobalVariableDefs.obj (AdccRegsFile)

AdcdRegsFile 
*          1    00007580    0000007c     UNINITIALIZED
                  00007580    0000007c     F2837xD_GlobalVariableDefs.obj (AdcdRegsFile)

AdcbResultRegsFile 
*          1    00000b20    00000018     UNINITIALIZED
                  00000b20    00000018     F2837xD_GlobalVariableDefs.obj (AdcbResultRegsFile)

AdccResultRegsFile 
*          1    00000b40    00000018     UNINITIALIZED
                  00000b40    00000018     F2837xD_GlobalVariableDefs.obj (AdccResultRegsFile)

DmaClaSrcSelRegsFile 
*          1    00007980    0000001a     UNINITIALIZED
                  00007980    0000001a     F2837xD_GlobalVariableDefs.obj (DmaClaSrcSelRegsFile)

DevCfgRegsFile 
*          1    0005d000    0000012e     UNINITIALIZED
                  0005d000    0000012e     F2837xD_GlobalVariableDefs.obj (DevCfgRegsFile)

AnalogSubsysRegsFile 
*          1    0005d180    0000003e     UNINITIALIZED
                  0005d180    0000003e     F2837xD_GlobalVariableDefs.obj (AnalogSubsysRegsFile)

Cla1RegsFile 
*          1    00001400    0000003e     UNINITIALIZED
                  00001400    0000003e     F2837xD_GlobalVariableDefs.obj (Cla1RegsFile)

ClkCfgRegsFile 
*          1    0005d200    00000032     UNINITIALIZED
                  0005d200    00000032     F2837xD_GlobalVariableDefs.obj (ClkCfgRegsFile)

CpuTimer1RegsFile 
*          1    00000c08    00000008     UNINITIALIZED
                  00000c08    00000008     F2837xD_GlobalVariableDefs.obj (CpuTimer1RegsFile)

CpuTimer2RegsFile 
*          1    00000c10    00000008     UNINITIALIZED
                  00000c10    00000008     F2837xD_GlobalVariableDefs.obj (CpuTimer2RegsFile)

CpuSysRegsFile 
*          1    0005d300    00000082     UNINITIALIZED
                  0005d300    00000082     F2837xD_GlobalVariableDefs.obj (CpuSysRegsFile)

DcsmZ1RegsFile 
*          1    0005f000    00000022     UNINITIALIZED
                  0005f000    00000022     F2837xD_GlobalVariableDefs.obj (DcsmZ1RegsFile)

DcsmZ2RegsFile 
*          1    0005f040    00000022     UNINITIALIZED
                  0005f040    00000022     F2837xD_GlobalVariableDefs.obj (DcsmZ2RegsFile)

EPwm1RegsFile 
*          1    00004000    00000100     UNINITIALIZED
                  00004000    00000100     F2837xD_GlobalVariableDefs.obj (EPwm1RegsFile)

EPwm6RegsFile 
*          1    00004500    00000100     UNINITIALIZED
                  00004500    00000100     F2837xD_GlobalVariableDefs.obj (EPwm6RegsFile)

GpioCtrlRegsFile 
*          1    00007c00    00000180     UNINITIALIZED
                  00007c00    00000180     F2837xD_GlobalVariableDefs.obj (GpioCtrlRegsFile)

GpioDataRegsFile 
*          1    00007f00    00000030     UNINITIALIZED
                  00007f00    00000030     F2837xD_GlobalVariableDefs.obj (GpioDataRegsFile)

FlashPumpSemaphoreRegsFile 
*          1    00050024    00000002     UNINITIALIZED
                  00050024    00000002     F2837xD_GlobalVariableDefs.obj (FlashPumpSemaphoreRegsFile)

InputXbarRegsFile 
*          1    00007900    00000020     UNINITIALIZED
                  00007900    00000020     F2837xD_GlobalVariableDefs.obj (InputXbarRegsFile)

MemCfgRegsFile 
*          1    0005f400    00000076     UNINITIALIZED
                  0005f400    00000076     F2837xD_GlobalVariableDefs.obj (MemCfgRegsFile)

PieCtrlRegsFile 
*          1    00000ce0    0000001a     UNINITIALIZED
                  00000ce0    0000001a     F2837xD_GlobalVariableDefs.obj (PieCtrlRegsFile)

WdRegsFile 
*          1    00007000    0000002b     UNINITIALIZED
                  00007000    0000002b     F2837xD_GlobalVariableDefs.obj (WdRegsFile)

codestart 
*          0    00000000    00000002     
                  00000000    00000002     F2837xD_CodeStartBranch.obj (codestart)

.cinit     0    00000124    0000003c     
                  00000124    00000017     (.cinit..data.load) [load image, compression = lzss]
                  0000013b    00000001     --HOLE-- [fill = 0]
                  0000013c    00000006     (__TI_handler_table)
                  00000142    00000004     (.cinit..bss.load) [load image, compression = zero_init]
                  00000146    00000004     (.cinit..scratchpad.load) [load image, compression = zero_init]
                  0000014a    00000004     (.cinit.Cla1ToCpuMsgRAM.load) [load image, compression = zero_init]
                  0000014e    00000002     --HOLE-- [fill = 0]
                  00000150    00000010     (__TI_cinit_table)

.reset     0    003fffc0    00000000     DSECT

.stack     1    00000400    00000200     UNINITIALIZED
                  00000400    00000200     --HOLE--

.bss       1    0000e000    0000003e     UNINITIALIZED
                  0000e000    00000020     svm_gen.obj (.bss)
                  0000e020    0000001a     tida_01606_protection.obj (.bss)
                  0000e03a    00000004     data_fft.obj (.bss)

.init_array 
*          0    00000123    00000000     UNINITIALIZED

.const     1    0000f000    000001c0     
                  0000f000    000001c0     F2837xD_PieVect.obj (.const)

.data      1    0000f1c0    00000018     UNINITIALIZED
                  0000f1c0    0000000a     svm_gen.obj (.data)
                  0000f1ca    00000006     rts2800_fpu32_eabi.lib : exit.c.obj (.data)
                  0000f1d0    00000004     tida_01606_protection.obj (.data)
                  0000f1d4    00000002     rts2800_fpu32_eabi.lib : _lock.c.obj (.data:_lock)
                  0000f1d6    00000002                            : _lock.c.obj (.data:_unlock)

Cla1Prog   0    00008000    000001de     
                  00008000    0000010e     tida_01606_CLA.obj (Cla1Prog:Cla1Task1)
                  0000810e    0000004e     tida_01606_CLA.obj (Cla1Prog:Cla1Task8)
                  0000815c    00000038     cla1_math_library_datarom_fpu32_eabi.lib : CLAsin.obj (Cla1Prog:_CLAsin)
                  00008194    0000001a                                              : CLAdiv.obj (Cla1Prog:_CLAdiv)
                  000081ae    00000008     tida_01606_CLA.obj (Cla1Prog:Cla1Task2)
                  000081b6    00000008     tida_01606_CLA.obj (Cla1Prog:Cla1Task3)
                  000081be    00000008     tida_01606_CLA.obj (Cla1Prog:Cla1Task4)
                  000081c6    00000008     tida_01606_CLA.obj (Cla1Prog:Cla1Task5)
                  000081ce    00000008     tida_01606_CLA.obj (Cla1Prog:Cla1Task6)
                  000081d6    00000008     tida_01606_CLA.obj (Cla1Prog:Cla1Task7)

Cla1ToCpuMsgRAM 
*          1    00001480    00000022     UNINITIALIZED
                  00001480    00000022     data_fft.obj (Cla1ToCpuMsgRAM)

CLAscratch 
*          1    0000a000    00000100     UNINITIALIZED
                  0000a000    00000100     --HOLE--

.scratchpad 
*          1    0000a100    00000004     UNINITIALIZED
                  0000a100    00000004     cla1_math_library_datarom_fpu32_eabi.lib : CLAdiv.obj (.scratchpad:Cla1Prog:_CLAdiv)
                  0000a100    00000002                                              : CLAsin.obj (.scratchpad:Cla1Prog:_CLAsin)

.text.1    0    0000b000    00000800     
                  0000b000    00000585     F2837xD_DefaultISR.obj (.text:retain)
                  0000b585    00000244     F2837xD_Gpio.obj (.text)
                  0000b7c9    00000035     main.obj (.text)
                  0000b7fe    00000002     rts2800_fpu32_eabi.lib : pre_init.c.obj (.text)

.text.2    0    0000b800    000007ff     
                  0000b800    000004aa     F2837xD_SysCtrl.obj (.text)
                  0000bcaa    00000144     tida_01606_ePWM_svm.obj (.text)
                  0000bdee    00000143     tida_01606_adc.obj (.text)
                  0000bf31    00000093     data_fft.obj (.text)
                  0000bfc4    00000031     rts2800_fpu32_eabi.lib : copy_decompress_lzss.c.obj (.text:decompress:lzss)
                  0000bff5    00000009                            : _lock.c.obj (.text)
                  0000bffe    00000001                            : startup.c.obj (.text)

.text.3    0    0000c000    000003e0     
                  0000c000    0000013d     data_fft.obj (.text:retain)
                  0000c13d    000000f0     F2837xD_Adc.obj (.text)
                  0000c22d    0000006e     tida_01606_ePWM_power_driver_card.obj (.text)
                  0000c29b    0000004e     tida_01606_protection.obj (.text)
                  0000c2e9    0000002b     rts2800_fpu32_eabi.lib : autoinit.c.obj (.text:__TI_auto_init_nobinit_nopinit)
                  0000c314    00000029                            : exit.c.obj (.text)
                  0000c33d    00000028     F2837xD_PieCtrl.obj (.text)
                  0000c365    00000026     F2837xD_PieVect.obj (.text)
                  0000c38b    0000001d     rts2800_fpu32_eabi.lib : memcpy.c.obj (.text)
                  0000c3a8    00000017                            : boot28.asm.obj (.text)
                  0000c3bf    0000000d                            : copy_zero_init.c.obj (.text:decompress:ZI:__TI_zero_init_nomemset)
                  0000c3cc    0000000c                            : args_main.c.obj (.text)
                  0000c3d8    00000008                            : copy_decompress_none.c.obj (.text:decompress:none)

MODULE SUMMARY

       Module                                  code   ro data   rw data
       ------                                  ----   -------   -------
    .\
       F2837xD_GlobalVariableDefs.obj          0      0         2425   
       F2837xD_DefaultISR.obj                  1413   0         0      
       F2837xD_SysCtrl.obj                     1194   0         0      
       F2837xD_Gpio.obj                        580    0         0      
       data_fft.obj                            464    0         38     
       F2837xD_PieVect.obj                     38     448       0      
       tida_01606_CLA.obj                      396    0         0      
       tida_01606_ePWM_svm.obj                 324    0         0      
       tida_01606_adc.obj                      323    0         0      
       F2837xD_Adc.obj                         240    0         0      
       tida_01606_ePWM_power_driver_card.obj   110    0         0      
       tida_01606_protection.obj               78     0         30     
       main.obj                                53     0         0      
       svm_gen.obj                             0      0         42     
       F2837xD_PieCtrl.obj                     40     0         0      
       F2837xD_CodeStartBranch.obj             2      0         0      
    +--+---------------------------------------+------+---------+---------+
       Total:                                  5255   448       2535   
                                                                       
    C:/Users/Tinh_deptrai/workspace_v10/pelab_demo_tida_01606/TI_header_file/Lib/cla1_math_library_datarom_fpu32_eabi.lib
       CLAsin.obj                              56     0         2      
       CLAdiv.obj                              26     0         4      
    +--+---------------------------------------+------+---------+---------+
       Total:                                  82     0         6      
                                                                       
    C:\ti\ccs1000\ccs\tools\compiler\lib\rts2800_fpu32_eabi.lib
       copy_decompress_lzss.c.obj              49     0         0      
       exit.c.obj                              41     0         6      
       autoinit.c.obj                          43     0         0      
       memcpy.c.obj                            29     0         0      
       boot28.asm.obj                          23     0         0      
       _lock.c.obj                             9      0         4      
       copy_zero_init.c.obj                    13     0         0      
       args_main.c.obj                         12     0         0      
       copy_decompress_none.c.obj              8      0         0      
       pre_init.c.obj                          2      0         0      
       startup.c.obj                           1      0         0      
    +--+---------------------------------------+------+---------+---------+
       Total:                                  230    0         10     
                                                                       
       Stack:                                  0      0         512    
       Linker Generated:                       0      57        0      
    +--+---------------------------------------+------+---------+---------+
       Grand Total:                            5567   505       3063   


LINKER GENERATED COPY TABLES

__TI_cinit_table @ 00000150 records: 4, size/record: 4, table size: 16
	.data: load addr=00000124, load size=00000017 bytes, run addr=0000f1c0, run size=00000018 bytes, compression=lzss
	.bss: load addr=00000142, load size=00000004 bytes, run addr=0000e000, run size=0000003e bytes, compression=zero_init
	.scratchpad: load addr=00000146, load size=00000004 bytes, run addr=0000a100, run size=00000004 bytes, compression=zero_init
	Cla1ToCpuMsgRAM: load addr=0000014a, load size=00000004 bytes, run addr=00001480, run size=00000022 bytes, compression=zero_init


LINKER GENERATED HANDLER TABLE

__TI_handler_table @ 0000013c records: 3, size/record: 2, table size: 6
	index: 0, handler: __TI_zero_init
	index: 1, handler: __TI_decompress_lzss
	index: 2, handler: __TI_decompress_none


GLOBAL DATA SYMBOLS: SORTED BY DATA PAGE

address     data page           name
--------    ----------------    ----
00000400      10 (00000400)     __stack

00000b20      2c (00000b00)     AdcbResultRegs

00000b40      2d (00000b40)     AdccResultRegs

00000c08      30 (00000c00)     CpuTimer1Regs
00000c10      30 (00000c00)     CpuTimer2Regs

00000ce0      33 (00000cc0)     PieCtrlRegs

00001400      50 (00001400)     Cla1Regs

00001480      52 (00001480)     UA
00001482      52 (00001480)     UB
00001484      52 (00001480)     angle
00001486      52 (00001480)     adcValue

00004000     100 (00004000)     EPwm1Regs

00004500     114 (00004500)     EPwm6Regs

00007000     1c0 (00007000)     WdRegs

00007400     1d0 (00007400)     AdcaRegs

00007480     1d2 (00007480)     AdcbRegs

00007500     1d4 (00007500)     AdccRegs

00007580     1d6 (00007580)     AdcdRegs

00007900     1e4 (00007900)     InputXbarRegs

00007980     1e6 (00007980)     DmaClaSrcSelRegs

00007c00     1f0 (00007c00)     GpioCtrlRegs

00007f00     1fc (00007f00)     GpioDataRegs

0000a100     284 (0000a100)     __claCLAdiv_sp
0000a100     284 (0000a100)     __claCLAsin_sp

0000e000     380 (0000e000)     current_sector
0000e002     380 (0000e000)     input
0000e008     380 (0000e000)     time_vector
0000e00e     380 (0000e000)     epwm_counter
0000e014     380 (0000e000)     time_vector_out
0000e020     380 (0000e000)     Protect_state
0000e02a     380 (0000e000)     Protect_value
0000e03a     380 (0000e000)     a
0000e03c     380 (0000e000)     b

0000f000     3c0 (0000f000)     PieVectTableInit

0000f1c0     3c7 (0000f1c0)     pinput
0000f1c2     3c7 (0000f1c0)     psector
0000f1c4     3c7 (0000f1c0)     ptime_v
0000f1c6     3c7 (0000f1c0)     ptime_out
0000f1c8     3c7 (0000f1c0)     pepwm_count
0000f1ca     3c7 (0000f1c0)     __TI_enable_exit_profile_output
0000f1cc     3c7 (0000f1c0)     __TI_cleanup_ptr
0000f1ce     3c7 (0000f1c0)     __TI_dtors_ptr
0000f1d0     3c7 (0000f1c0)     pstate_protect
0000f1d2     3c7 (0000f1c0)     pvalue_protect
0000f1d4     3c7 (0000f1c0)     _lock
0000f1d6     3c7 (0000f1c0)     _unlock

00050024    1400 (00050000)     FlashPumpSemaphoreRegs

0005d000    1740 (0005d000)     DevCfgRegs

0005d180    1746 (0005d180)     AnalogSubsysRegs

0005d200    1748 (0005d200)     ClkCfgRegs

0005d300    174c (0005d300)     CpuSysRegs

0005f000    17c0 (0005f000)     DcsmZ1Regs

0005f040    17c1 (0005f040)     DcsmZ2Regs

0005f400    17d0 (0005f400)     MemCfgRegs


GLOBAL SYMBOLS: SORTED ALPHABETICALLY BY Name 

page  address   name                                 
----  -------   ----                                 
0     0000b0be  ADCA1_ISR                            
0     0000b33e  ADCA2_ISR                            
0     0000b348  ADCA3_ISR                            
0     0000b352  ADCA4_ISR                            
0     0000b334  ADCA_EVT_ISR                         
0     0000b0c8  ADCB1_ISR                            
0     0000b366  ADCB2_ISR                            
0     0000b370  ADCB3_ISR                            
0     0000b37a  ADCB4_ISR                            
0     0000b35c  ADCB_EVT_ISR                         
0     0000b0d2  ADCC1_ISR                            
0     0000b4ce  ADCC2_ISR                            
0     0000b4d8  ADCC3_ISR                            
0     0000b4e2  ADCC4_ISR                            
0     0000b4c4  ADCC_EVT_ISR                         
0     0000b0f0  ADCD1_ISR                            
0     0000b4f6  ADCD2_ISR                            
0     0000b500  ADCD3_ISR                            
0     0000b50a  ADCD4_ISR                            
0     0000b4ec  ADCD_EVT_ISR                         
0     0000b546  AUX_PLL_SLIP_ISR                     
0     0000c13d  AdcSetMode                           
1     00007400  AdcaRegs                             
1     00007480  AdcbRegs                             
1     00000b20  AdcbResultRegs                       
1     00007500  AdccRegs                             
1     00000b40  AdccResultRegs                       
1     00007580  AdcdRegs                             
1     0005d180  AnalogSubsysRegs                     
0     0000bc39  AuxAuxClkSel                         
0     0000bc23  AuxIntOsc2Sel                        
0     0000bc2d  AuxXtalOscSel                        
0     0000c314  C$$EXIT                              
0     0000b30c  CANA0_ISR                            
0     0000b316  CANA1_ISR                            
0     0000b320  CANB0_ISR                            
0     0000b32a  CANB1_ISR                            
0     0000b384  CLA1_1_ISR                           
0     0000b38e  CLA1_2_ISR                           
0     0000b398  CLA1_3_ISR                           
0     0000b3a2  CLA1_4_ISR                           
0     0000b3ac  CLA1_5_ISR                           
0     0000b3b6  CLA1_6_ISR                           
0     0000b3c0  CLA1_7_ISR                           
0     0000b3ca  CLA1_8_ISR                           
0     0000b550  CLA_OVERFLOW_ISR                     
abs   00000100  CLA_SCRATCHPAD_SIZE                  
0     0000b55a  CLA_UNDERFLOW_ISR                    
0     00008194  CLAdiv                               
0     0000815c  CLAsin                               
abs   0000fe54  CLAsincosTable_Coef0                 
abs   0000fe56  CLAsincosTable_Coef1                 
abs   0000fe5a  CLAsincosTable_Coef2                 
abs   0000fe5c  CLAsincosTable_Coef3                 
abs   0000fd4a  CLAsincosTable_Cos0                  
abs   0000fe52  CLAsincosTable_TABLE_MASK            
abs   0000fe4e  CLAsincosTable_TABLE_SIZEDivTwoPi    
abs   0000fe50  CLAsincosTable_TwoPiDivTABLE_SIZE    
0     0000c1f3  CalAdcINL                            
1     00001400  Cla1Regs                             
0     00008000  Cla1Task1                            
0     000081ae  Cla1Task2                            
0     000081b6  Cla1Task3                            
0     000081be  Cla1Task4                            
0     000081c6  Cla1Task5                            
0     000081ce  Cla1Task6                            
0     000081d6  Cla1Task7                            
0     0000810e  Cla1Task8                            
1     0005d200  ClkCfgRegs                           
0     0000bc8d  ConfigureTMXAnalogTrim               
1     0005d300  CpuSysRegs                           
1     00000c08  CpuTimer1Regs                        
1     00000c10  CpuTimer2Regs                        
0     0000bbce  CsmUnlock                            
0     0000b014  DATALOG_ISR                          
0     0000b258  DMA_CH1_ISR                          
0     0000b262  DMA_CH2_ISR                          
0     0000b26c  DMA_CH3_ISR                          
0     0000b276  DMA_CH4_ISR                          
0     0000b280  DMA_CH5_ISR                          
0     0000b28a  DMA_CH6_ISR                          
1     0005f000  DcsmZ1Regs                           
1     0005f040  DcsmZ2Regs                           
1     0005d000  DevCfgRegs                           
0     0000b8e3  DisableDog                           
0     0000b7ee  DisableEPWMclock                     
0     0000b8a4  DisablePeripheralClocks              
1     00007980  DmaClaSrcSelRegs                     
0     0000b1ae  ECAP1_ISR                            
0     0000b1b8  ECAP2_ISR                            
0     0000b1c2  ECAP3_ISR                            
0     0000b1cc  ECAP4_ISR                            
0     0000b1d6  ECAP5_ISR                            
0     0000b1e0  ECAP6_ISR                            
0     0000b514  EMIF_ERROR_ISR                       
0     0000b56e  EMPTY_ISR                            
0     0000b028  EMU_ISR                              
0     0000b46a  EPWM10_ISR                           
0     0000b442  EPWM10_TZ_ISR                        
0     0000b474  EPWM11_ISR                           
0     0000b44c  EPWM11_TZ_ISR                        
0     0000b47e  EPWM12_ISR                           
0     0000b456  EPWM12_TZ_ISR                        
0     0000b15e  EPWM1_ISR                            
0     0000b10e  EPWM1_TZ_ISR                         
0     0000b168  EPWM2_ISR                            
0     0000b118  EPWM2_TZ_ISR                         
0     0000b172  EPWM3_ISR                            
0     0000b122  EPWM3_TZ_ISR                         
0     0000b17c  EPWM4_ISR                            
0     0000b12c  EPWM4_TZ_ISR                         
0     0000b186  EPWM5_ISR                            
0     0000b136  EPWM5_TZ_ISR                         
0     0000b190  EPWM6_ISR                            
0     0000b140  EPWM6_TZ_ISR                         
0     0000b19a  EPWM7_ISR                            
0     0000b14a  EPWM7_TZ_ISR                         
0     0000b1a4  EPWM8_ISR                            
0     0000b154  EPWM8_TZ_ISR                         
0     0000b460  EPWM9_ISR                            
0     0000b438  EPWM9_TZ_ISR                         
1     00004000  EPwm1Regs                            
1     00004500  EPwm6Regs                            
0     0000b1ea  EQEP1_ISR                            
0     0000b1f4  EQEP2_ISR                            
0     0000b1fe  EQEP3_ISR                            
0     0000b7f6  EnableEPWMclock                      
0     0000c35c  EnableInterrupts                     
0     0000b528  FLASH_CORRECTABLE_ERROR_ISR          
0     0000b3fc  FPU_OVERFLOW_ISR                     
0     0000b406  FPU_UNDERFLOW_ISR                    
1     00050024  FlashPumpSemaphoreRegs               
0     0000b77e  GPIO_EnableUnbondedIOPullups         
0     0000b759  GPIO_EnableUnbondedIOPullupsFor100Pin
0     0000b740  GPIO_EnableUnbondedIOPullupsFor176Pin
0     0000b794  GPIO_ReadPin                         
0     0000b6e5  GPIO_SetupLock                       
0     0000b5c5  GPIO_SetupPinMux                     
0     0000b651  GPIO_SetupPinOptions                 
0     0000b70e  GPIO_SetupXINT1Gpio                  
0     0000b718  GPIO_SetupXINT2Gpio                  
0     0000b722  GPIO_SetupXINT3Gpio                  
0     0000b72c  GPIO_SetupXINT4Gpio                  
0     0000b736  GPIO_SetupXINT5Gpio                  
0     0000b7ab  GPIO_WritePin                        
1     00007c00  GpioCtrlRegs                         
1     00007f00  GpioDataRegs                         
0     0000bc57  HALT                                 
0     0000bc70  HIB                                  
0     0000b29e  I2CA_FIFO_ISR                        
0     0000b294  I2CA_ISR                             
0     0000b2b2  I2CB_FIFO_ISR                        
0     0000b2a8  I2CB_ISR                             
0     0000bc43  IDLE                                 
0     0000b03c  ILLEGAL_ISR                          
0     0000b410  IPC0_ISR                             
0     0000b41a  IPC1_ISR                             
0     0000b424  IPC2_ISR                             
0     0000b42e  IPC3_ISR                             
0     0000badf  InitAuxPll                           
0     0000b585  InitGpio                             
0     0000b820  InitPeripheralClocks                 
0     0000c33d  InitPieCtrl                          
0     0000c365  InitPieVectTable                     
0     0000b800  InitSysCtrl                          
0     0000b8f1  InitSysPll                           
1     00007900  InputXbarRegs                        
0     0000b230  MCBSPA_RX_ISR                        
0     0000b23a  MCBSPA_TX_ISR                        
0     0000b244  MCBSPB_RX_ISR                        
0     0000b24e  MCBSPB_TX_ISR                        
1     0005f400  MemCfgRegs                           
0     0000b032  NMI_ISR                              
0     0000b57b  NOTUSED_ISR                          
0     0000b564  PIE_RESERVED_ISR                     
1     00000ce0  PieCtrlRegs                          
0     00000d00  PieVectTable                         
1     0000f000  PieVectTableInit                     
0     0000c29b  Power_card_protect                   
1     0000e020  Protect_state                        
1     0000e02a  Protect_value                        
0     0000b532  RAM_ACCESS_VIOLATION_ISR             
0     0000b51e  RAM_CORRECTABLE_ERROR_ISR            
0     0000b01e  RTOS_ISR                             
0     0000b8cb  ReleaseFlashPump                     
0     0000b2e4  SCIA_RX_ISR                          
0     0000b2ee  SCIA_TX_ISR                          
0     0000b2f8  SCIB_RX_ISR                          
0     0000b302  SCIB_TX_ISR                          
0     0000b2bc  SCIC_RX_ISR                          
0     0000b2c6  SCIC_TX_ISR                          
0     0000b2d0  SCID_RX_ISR                          
0     0000b2da  SCID_TX_ISR                          
0     0000b488  SD1_ISR                              
0     0000b492  SD2_ISR                              
0     0000b208  SPIA_RX_ISR                          
0     0000b212  SPIA_TX_ISR                          
0     0000b21c  SPIB_RX_ISR                          
0     0000b226  SPIB_TX_ISR                          
0     0000b49c  SPIC_RX_ISR                          
0     0000b4a6  SPIC_TX_ISR                          
0     0000bc4c  STANDBY                              
0     0000b53c  SYS_PLL_SLIP_ISR                     
0     0000b8bc  SeizeFlashPump                       
0     0000b8d5  ServiceDog                           
0     0000bbef  SysIntOsc1Sel                        
0     0000bbff  SysIntOsc2Sel                        
0     0000bc13  SysXtalOscSel                        
0     0000b0fa  TIMER0_ISR                           
0     0000b000  TIMER1_ISR                           
0     0000b00a  TIMER2_ISR                           
1     00001480  UA                                   
1     00001482  UB                                   
0     0000b4b0  UPPA_ISR                             
0     0000b4ba  USBA_ISR                             
0     0000b0a0  USER10_ISR                           
0     0000b0aa  USER11_ISR                           
0     0000b0b4  USER12_ISR                           
0     0000b046  USER1_ISR                            
0     0000b050  USER2_ISR                            
0     0000b05a  USER3_ISR                            
0     0000b064  USER4_ISR                            
0     0000b06e  USER5_ISR                            
0     0000b078  USER6_ISR                            
0     0000b082  USER7_ISR                            
0     0000b08c  USER8_ISR                            
0     0000b096  USER9_ISR                            
0     0000b3f2  VCU_ISR                              
0     0000b104  WAKE_ISR                             
1     00007000  WdRegs                               
0     0000b0dc  XINT1_ISR                            
0     0000b0e6  XINT2_ISR                            
0     0000b3d4  XINT3_ISR                            
0     0000b3de  XINT4_ISR                            
0     0000b3e8  XINT5_ISR                            
0     00000150  __TI_CINIT_Base                      
0     00000160  __TI_CINIT_Limit                     
0     00000160  __TI_CINIT_Warm                      
0     0000013c  __TI_Handler_Table_Base              
0     00000142  __TI_Handler_Table_Limit             
1     00000600  __TI_STACK_END                       
abs   00000200  __TI_STACK_SIZE                      
0     0000c2e9  __TI_auto_init_nobinit_nopinit       
1     0000f1cc  __TI_cleanup_ptr                     
0     0000bfc4  __TI_decompress_lzss                 
0     0000c3d8  __TI_decompress_none                 
1     0000f1ce  __TI_dtors_ptr                       
1     0000f1ca  __TI_enable_exit_profile_output      
abs   ffffffff  __TI_pprof_out_hndl                  
abs   ffffffff  __TI_prof_data_size                  
abs   ffffffff  __TI_prof_data_start                 
0     0000c3bf  __TI_zero_init_nomemset              
n/a   UNDEFED   __c_args__                           
1     0000a100  __claCLAdiv_sp                       
1     0000a100  __claCLAsin_sp                       
1     00000400  __stack                              
0     0000c3cc  _args_main                           
0     0000c3a8  _c_int00                             
1     0000f1d4  _lock                                
0     0000bffd  _nop                                 
0     0000bff9  _register_lock                       
0     0000bff5  _register_unlock                     
0     0000bffe  _system_post_cinit                   
0     0000b7fe  _system_pre_init                     
1     0000f1d6  _unlock                              
1     0000e03a  a                                    
0     0000c314  abort                                
1     00001486  adcValue                             
1     00001484  angle                                
1     0000e03c  b                                    
0     0000c000  cla1Isr1                             
0     0000c070  cla1Isr2                             
0     0000c07f  cla1Isr3                             
0     0000c08e  cla1Isr4                             
0     0000c09d  cla1Isr5                             
0     0000c0ac  cla1Isr6                             
0     0000c0bb  cla1Isr7                             
0     0000c0ca  cla1Isr8                             
0     00000000  code_start                           
0     0000bf31  configCLAMemory                      
1     0000e000  current_sector                       
0     0000c0fe  epwm1ISR                             
1     0000e00e  epwm_counter                         
0     0000c316  exit                                 
0     0000bf97  initCLA1PIE                          
0     0000bf6d  initCPU1CLA1                         
1     0000e002  input                                
0     0000b7c9  main                                 
0     0000c38b  memcpy                               
1     0000f1c8  pepwm_count                          
1     0000f1c0  pinput                               
1     0000f1c2  psector                              
1     0000f1d0  pstate_protect                       
1     0000f1c6  ptime_out                            
1     0000f1c4  ptime_v                              
1     0000f1d2  pvalue_protect                       
0     0000bd5f  tida_epwm_simple                     
0     0000bda7  tida_epwm_simple_AQ                  
0     0000bd90  tida_epwm_simple_CC                  
0     0000bdb0  tida_epwm_simple_DB_notswap          
0     0000bdc3  tida_epwm_simple_DB_swap             
0     0000bdd6  tida_epwm_simple_ET                  
0     0000bd7a  tida_epwm_simple_TB                  
0     0000bdee  tida_setupADC                        
0     0000bcaa  tida_setup_ePWM_Q                    
0     0000c22d  tida_setup_ePWM_power                
1     0000e008  time_vector                          
1     0000e014  time_vector_out                      


GLOBAL SYMBOLS: SORTED BY Symbol Address 

page  address   name                                 
----  -------   ----                                 
0     00000000  code_start                           
0     0000013c  __TI_Handler_Table_Base              
0     00000142  __TI_Handler_Table_Limit             
0     00000150  __TI_CINIT_Base                      
0     00000160  __TI_CINIT_Limit                     
0     00000160  __TI_CINIT_Warm                      
0     00000d00  PieVectTable                         
0     00008000  Cla1Task1                            
0     0000810e  Cla1Task8                            
0     0000815c  CLAsin                               
0     00008194  CLAdiv                               
0     000081ae  Cla1Task2                            
0     000081b6  Cla1Task3                            
0     000081be  Cla1Task4                            
0     000081c6  Cla1Task5                            
0     000081ce  Cla1Task6                            
0     000081d6  Cla1Task7                            
0     0000b000  TIMER1_ISR                           
0     0000b00a  TIMER2_ISR                           
0     0000b014  DATALOG_ISR                          
0     0000b01e  RTOS_ISR                             
0     0000b028  EMU_ISR                              
0     0000b032  NMI_ISR                              
0     0000b03c  ILLEGAL_ISR                          
0     0000b046  USER1_ISR                            
0     0000b050  USER2_ISR                            
0     0000b05a  USER3_ISR                            
0     0000b064  USER4_ISR                            
0     0000b06e  USER5_ISR                            
0     0000b078  USER6_ISR                            
0     0000b082  USER7_ISR                            
0     0000b08c  USER8_ISR                            
0     0000b096  USER9_ISR                            
0     0000b0a0  USER10_ISR                           
0     0000b0aa  USER11_ISR                           
0     0000b0b4  USER12_ISR                           
0     0000b0be  ADCA1_ISR                            
0     0000b0c8  ADCB1_ISR                            
0     0000b0d2  ADCC1_ISR                            
0     0000b0dc  XINT1_ISR                            
0     0000b0e6  XINT2_ISR                            
0     0000b0f0  ADCD1_ISR                            
0     0000b0fa  TIMER0_ISR                           
0     0000b104  WAKE_ISR                             
0     0000b10e  EPWM1_TZ_ISR                         
0     0000b118  EPWM2_TZ_ISR                         
0     0000b122  EPWM3_TZ_ISR                         
0     0000b12c  EPWM4_TZ_ISR                         
0     0000b136  EPWM5_TZ_ISR                         
0     0000b140  EPWM6_TZ_ISR                         
0     0000b14a  EPWM7_TZ_ISR                         
0     0000b154  EPWM8_TZ_ISR                         
0     0000b15e  EPWM1_ISR                            
0     0000b168  EPWM2_ISR                            
0     0000b172  EPWM3_ISR                            
0     0000b17c  EPWM4_ISR                            
0     0000b186  EPWM5_ISR                            
0     0000b190  EPWM6_ISR                            
0     0000b19a  EPWM7_ISR                            
0     0000b1a4  EPWM8_ISR                            
0     0000b1ae  ECAP1_ISR                            
0     0000b1b8  ECAP2_ISR                            
0     0000b1c2  ECAP3_ISR                            
0     0000b1cc  ECAP4_ISR                            
0     0000b1d6  ECAP5_ISR                            
0     0000b1e0  ECAP6_ISR                            
0     0000b1ea  EQEP1_ISR                            
0     0000b1f4  EQEP2_ISR                            
0     0000b1fe  EQEP3_ISR                            
0     0000b208  SPIA_RX_ISR                          
0     0000b212  SPIA_TX_ISR                          
0     0000b21c  SPIB_RX_ISR                          
0     0000b226  SPIB_TX_ISR                          
0     0000b230  MCBSPA_RX_ISR                        
0     0000b23a  MCBSPA_TX_ISR                        
0     0000b244  MCBSPB_RX_ISR                        
0     0000b24e  MCBSPB_TX_ISR                        
0     0000b258  DMA_CH1_ISR                          
0     0000b262  DMA_CH2_ISR                          
0     0000b26c  DMA_CH3_ISR                          
0     0000b276  DMA_CH4_ISR                          
0     0000b280  DMA_CH5_ISR                          
0     0000b28a  DMA_CH6_ISR                          
0     0000b294  I2CA_ISR                             
0     0000b29e  I2CA_FIFO_ISR                        
0     0000b2a8  I2CB_ISR                             
0     0000b2b2  I2CB_FIFO_ISR                        
0     0000b2bc  SCIC_RX_ISR                          
0     0000b2c6  SCIC_TX_ISR                          
0     0000b2d0  SCID_RX_ISR                          
0     0000b2da  SCID_TX_ISR                          
0     0000b2e4  SCIA_RX_ISR                          
0     0000b2ee  SCIA_TX_ISR                          
0     0000b2f8  SCIB_RX_ISR                          
0     0000b302  SCIB_TX_ISR                          
0     0000b30c  CANA0_ISR                            
0     0000b316  CANA1_ISR                            
0     0000b320  CANB0_ISR                            
0     0000b32a  CANB1_ISR                            
0     0000b334  ADCA_EVT_ISR                         
0     0000b33e  ADCA2_ISR                            
0     0000b348  ADCA3_ISR                            
0     0000b352  ADCA4_ISR                            
0     0000b35c  ADCB_EVT_ISR                         
0     0000b366  ADCB2_ISR                            
0     0000b370  ADCB3_ISR                            
0     0000b37a  ADCB4_ISR                            
0     0000b384  CLA1_1_ISR                           
0     0000b38e  CLA1_2_ISR                           
0     0000b398  CLA1_3_ISR                           
0     0000b3a2  CLA1_4_ISR                           
0     0000b3ac  CLA1_5_ISR                           
0     0000b3b6  CLA1_6_ISR                           
0     0000b3c0  CLA1_7_ISR                           
0     0000b3ca  CLA1_8_ISR                           
0     0000b3d4  XINT3_ISR                            
0     0000b3de  XINT4_ISR                            
0     0000b3e8  XINT5_ISR                            
0     0000b3f2  VCU_ISR                              
0     0000b3fc  FPU_OVERFLOW_ISR                     
0     0000b406  FPU_UNDERFLOW_ISR                    
0     0000b410  IPC0_ISR                             
0     0000b41a  IPC1_ISR                             
0     0000b424  IPC2_ISR                             
0     0000b42e  IPC3_ISR                             
0     0000b438  EPWM9_TZ_ISR                         
0     0000b442  EPWM10_TZ_ISR                        
0     0000b44c  EPWM11_TZ_ISR                        
0     0000b456  EPWM12_TZ_ISR                        
0     0000b460  EPWM9_ISR                            
0     0000b46a  EPWM10_ISR                           
0     0000b474  EPWM11_ISR                           
0     0000b47e  EPWM12_ISR                           
0     0000b488  SD1_ISR                              
0     0000b492  SD2_ISR                              
0     0000b49c  SPIC_RX_ISR                          
0     0000b4a6  SPIC_TX_ISR                          
0     0000b4b0  UPPA_ISR                             
0     0000b4ba  USBA_ISR                             
0     0000b4c4  ADCC_EVT_ISR                         
0     0000b4ce  ADCC2_ISR                            
0     0000b4d8  ADCC3_ISR                            
0     0000b4e2  ADCC4_ISR                            
0     0000b4ec  ADCD_EVT_ISR                         
0     0000b4f6  ADCD2_ISR                            
0     0000b500  ADCD3_ISR                            
0     0000b50a  ADCD4_ISR                            
0     0000b514  EMIF_ERROR_ISR                       
0     0000b51e  RAM_CORRECTABLE_ERROR_ISR            
0     0000b528  FLASH_CORRECTABLE_ERROR_ISR          
0     0000b532  RAM_ACCESS_VIOLATION_ISR             
0     0000b53c  SYS_PLL_SLIP_ISR                     
0     0000b546  AUX_PLL_SLIP_ISR                     
0     0000b550  CLA_OVERFLOW_ISR                     
0     0000b55a  CLA_UNDERFLOW_ISR                    
0     0000b564  PIE_RESERVED_ISR                     
0     0000b56e  EMPTY_ISR                            
0     0000b57b  NOTUSED_ISR                          
0     0000b585  InitGpio                             
0     0000b5c5  GPIO_SetupPinMux                     
0     0000b651  GPIO_SetupPinOptions                 
0     0000b6e5  GPIO_SetupLock                       
0     0000b70e  GPIO_SetupXINT1Gpio                  
0     0000b718  GPIO_SetupXINT2Gpio                  
0     0000b722  GPIO_SetupXINT3Gpio                  
0     0000b72c  GPIO_SetupXINT4Gpio                  
0     0000b736  GPIO_SetupXINT5Gpio                  
0     0000b740  GPIO_EnableUnbondedIOPullupsFor176Pin
0     0000b759  GPIO_EnableUnbondedIOPullupsFor100Pin
0     0000b77e  GPIO_EnableUnbondedIOPullups         
0     0000b794  GPIO_ReadPin                         
0     0000b7ab  GPIO_WritePin                        
0     0000b7c9  main                                 
0     0000b7ee  DisableEPWMclock                     
0     0000b7f6  EnableEPWMclock                      
0     0000b7fe  _system_pre_init                     
0     0000b800  InitSysCtrl                          
0     0000b820  InitPeripheralClocks                 
0     0000b8a4  DisablePeripheralClocks              
0     0000b8bc  SeizeFlashPump                       
0     0000b8cb  ReleaseFlashPump                     
0     0000b8d5  ServiceDog                           
0     0000b8e3  DisableDog                           
0     0000b8f1  InitSysPll                           
0     0000badf  InitAuxPll                           
0     0000bbce  CsmUnlock                            
0     0000bbef  SysIntOsc1Sel                        
0     0000bbff  SysIntOsc2Sel                        
0     0000bc13  SysXtalOscSel                        
0     0000bc23  AuxIntOsc2Sel                        
0     0000bc2d  AuxXtalOscSel                        
0     0000bc39  AuxAuxClkSel                         
0     0000bc43  IDLE                                 
0     0000bc4c  STANDBY                              
0     0000bc57  HALT                                 
0     0000bc70  HIB                                  
0     0000bc8d  ConfigureTMXAnalogTrim               
0     0000bcaa  tida_setup_ePWM_Q                    
0     0000bd5f  tida_epwm_simple                     
0     0000bd7a  tida_epwm_simple_TB                  
0     0000bd90  tida_epwm_simple_CC                  
0     0000bda7  tida_epwm_simple_AQ                  
0     0000bdb0  tida_epwm_simple_DB_notswap          
0     0000bdc3  tida_epwm_simple_DB_swap             
0     0000bdd6  tida_epwm_simple_ET                  
0     0000bdee  tida_setupADC                        
0     0000bf31  configCLAMemory                      
0     0000bf6d  initCPU1CLA1                         
0     0000bf97  initCLA1PIE                          
0     0000bfc4  __TI_decompress_lzss                 
0     0000bff5  _register_unlock                     
0     0000bff9  _register_lock                       
0     0000bffd  _nop                                 
0     0000bffe  _system_post_cinit                   
0     0000c000  cla1Isr1                             
0     0000c070  cla1Isr2                             
0     0000c07f  cla1Isr3                             
0     0000c08e  cla1Isr4                             
0     0000c09d  cla1Isr5                             
0     0000c0ac  cla1Isr6                             
0     0000c0bb  cla1Isr7                             
0     0000c0ca  cla1Isr8                             
0     0000c0fe  epwm1ISR                             
0     0000c13d  AdcSetMode                           
0     0000c1f3  CalAdcINL                            
0     0000c22d  tida_setup_ePWM_power                
0     0000c29b  Power_card_protect                   
0     0000c2e9  __TI_auto_init_nobinit_nopinit       
0     0000c314  C$$EXIT                              
0     0000c314  abort                                
0     0000c316  exit                                 
0     0000c33d  InitPieCtrl                          
0     0000c35c  EnableInterrupts                     
0     0000c365  InitPieVectTable                     
0     0000c38b  memcpy                               
0     0000c3a8  _c_int00                             
0     0000c3bf  __TI_zero_init_nomemset              
0     0000c3cc  _args_main                           
0     0000c3d8  __TI_decompress_none                 
1     00000400  __stack                              
1     00000600  __TI_STACK_END                       
1     00000b20  AdcbResultRegs                       
1     00000b40  AdccResultRegs                       
1     00000c08  CpuTimer1Regs                        
1     00000c10  CpuTimer2Regs                        
1     00000ce0  PieCtrlRegs                          
1     00001400  Cla1Regs                             
1     00001480  UA                                   
1     00001482  UB                                   
1     00001484  angle                                
1     00001486  adcValue                             
1     00004000  EPwm1Regs                            
1     00004500  EPwm6Regs                            
1     00007000  WdRegs                               
1     00007400  AdcaRegs                             
1     00007480  AdcbRegs                             
1     00007500  AdccRegs                             
1     00007580  AdcdRegs                             
1     00007900  InputXbarRegs                        
1     00007980  DmaClaSrcSelRegs                     
1     00007c00  GpioCtrlRegs                         
1     00007f00  GpioDataRegs                         
1     0000a100  __claCLAdiv_sp                       
1     0000a100  __claCLAsin_sp                       
1     0000e000  current_sector                       
1     0000e002  input                                
1     0000e008  time_vector                          
1     0000e00e  epwm_counter                         
1     0000e014  time_vector_out                      
1     0000e020  Protect_state                        
1     0000e02a  Protect_value                        
1     0000e03a  a                                    
1     0000e03c  b                                    
1     0000f000  PieVectTableInit                     
1     0000f1c0  pinput                               
1     0000f1c2  psector                              
1     0000f1c4  ptime_v                              
1     0000f1c6  ptime_out                            
1     0000f1c8  pepwm_count                          
1     0000f1ca  __TI_enable_exit_profile_output      
1     0000f1cc  __TI_cleanup_ptr                     
1     0000f1ce  __TI_dtors_ptr                       
1     0000f1d0  pstate_protect                       
1     0000f1d2  pvalue_protect                       
1     0000f1d4  _lock                                
1     0000f1d6  _unlock                              
1     00050024  FlashPumpSemaphoreRegs               
1     0005d000  DevCfgRegs                           
1     0005d180  AnalogSubsysRegs                     
1     0005d200  ClkCfgRegs                           
1     0005d300  CpuSysRegs                           
1     0005f000  DcsmZ1Regs                           
1     0005f040  DcsmZ2Regs                           
1     0005f400  MemCfgRegs                           
abs   00000100  CLA_SCRATCHPAD_SIZE                  
abs   00000200  __TI_STACK_SIZE                      
abs   0000fd4a  CLAsincosTable_Cos0                  
abs   0000fe4e  CLAsincosTable_TABLE_SIZEDivTwoPi    
abs   0000fe50  CLAsincosTable_TwoPiDivTABLE_SIZE    
abs   0000fe52  CLAsincosTable_TABLE_MASK            
abs   0000fe54  CLAsincosTable_Coef0                 
abs   0000fe56  CLAsincosTable_Coef1                 
abs   0000fe5a  CLAsincosTable_Coef2                 
abs   0000fe5c  CLAsincosTable_Coef3                 
abs   ffffffff  __TI_pprof_out_hndl                  
abs   ffffffff  __TI_prof_data_size                  
abs   ffffffff  __TI_prof_data_start                 
n/a   UNDEFED   __c_args__                           

[308 symbols]
